******************************************************************************
                  TI ARM Linker PC v15.12.1                    
******************************************************************************
>> Linked Thu Mar 09 12:51:29 2017

OUTPUT FILE NAME:   <Lab5.out>
ENTRY POINT SYMBOL: "_c_int00"  address: 000027f1


MEMORY CONFIGURATION

         name            origin    length      used     unused   attr    fill
----------------------  --------  ---------  --------  --------  ----  --------
  FLASH                 00000000   00040000  00002bd5  0003d42b  R  X
  SRAM                  20000000   00008000  00000876  0000778a  RW X


SEGMENT ALLOCATION MAP

run origin  load origin   length   init length attrs members
----------  ----------- ---------- ----------- ----- -------
00000000    00000000    00002bdc   00002bdc    r-x
  00000000    00000000    0000026c   0000026c    r-- .intvecs
  0000026c    0000026c    00002824   00002824    r-x .text
  00002a90    00002a90    00000109   00000109    r-- .const
  00002ba0    00002ba0    0000003c   0000003c    r-- .cinit
20000000    20000000    00000879   00000000    rw-
  20000000    20000000    00000800   00000000    rw- .stack
  20000800    20000800    00000055   00000000    rw- .bss
  20000858    20000858    00000021   00000000    rw- .data


SECTION ALLOCATION MAP

 output                                  attributes/
section   page    origin      length       input sections
--------  ----  ----------  ----------   ----------------
.intvecs   0    00000000    0000026c     
                  00000000    0000026c     tm4c123gh6pm_startup_ccs.obj (.intvecs)

.text      0    0000026c    00002824     
                  0000026c    00001110     rtsv7M4_T_le_v4SPD16_eabi.lib : _printfi.obj (.text)
                  0000137c    000003b8     main.obj (.text)
                  00001734    000002ec     lcd.obj (.text)
                  00001a20    000001f4     rtsv7M4_T_le_v4SPD16_eabi.lib : ull_div_t2.obj (.text)
                  00001c14    000001b6                                   : fd_add_t2.obj (.text)
                  00001dca    00000002                                   : mpu_init.obj (.text)
                  00001dcc    00000158     timer.obj (.text)
                  00001f24    00000136     rtsv7M4_T_le_v4SPD16_eabi.lib : fd_div_t2.obj (.text)
                  0000205a    000000fc                                   : fd_mul_t2.obj (.text)
                  00002156    00000002                                   : startup.obj (.text)
                  00002158    000000fc                                   : s_scalbn.obj (.text)
                  00002254    000000f8     button.obj (.text)
                  0000234c    0000009c     rtsv7M4_T_le_v4SPD16_eabi.lib : memcpy_t2.obj (.text)
                  000023e8    00000088                                   : vsnprintf.obj (.text)
                  00002470    00000086                                   : fd_cmp_t2.obj (.text:__aeabi_cdcmple)
                  000024f6    00000086                                   : fd_cmp_t2.obj (.text:__aeabi_cdrcmple)
                  0000257c    0000007a                                   : memset_t2.obj (.text)
                  000025f6    00000002     --HOLE-- [fill = 0]
                  000025f8    00000070                                   : autoinit.obj (.text)
                  00002668    0000006a                                   : copy_decompress_rle.obj (.text)
                  000026d2    00000002     --HOLE-- [fill = 0]
                  000026d4    00000064                                   : s_frexp.obj (.text)
                  00002738    00000060                                   : sprintf.obj (.text)
                  00002798    00000056                                   : ltoa.obj (.text)
                  000027ee    00000002     --HOLE-- [fill = 0]
                  000027f0    00000054                                   : boot.obj (.text)
                  00002844    00000054                                   : exit.obj (.text)
                  00002898    0000004c                                   : atoi.obj (.text)
                  000028e4    0000004c                                   : cpy_tbl.obj (.text)
                  00002930    00000048                                   : fd_toi_t2.obj (.text)
                  00002978    0000002e                                   : i_tofd_t2.obj (.text)
                  000029a6    0000001c                                   : memccpy.obj (.text)
                  000029c2    00000002     --HOLE-- [fill = 0]
                  000029c4    00000018                                   : args_main.obj (.text)
                  000029dc    00000018                                   : strcmp.obj (.text)
                  000029f4    00000016                                   : strchr.obj (.text)
                  00002a0a    00000002     --HOLE-- [fill = 0]
                  00002a0c    00000014                                   : _lock.obj (.text)
                  00002a20    00000014                                   : s_copysign.obj (.text)
                  00002a34    00000014                                   : strcpy.obj (.text)
                  00002a48    00000014                                   : strlen.obj (.text)
                  00002a5c    00000010     lcd.obj (.text:lcd_clear)
                  00002a6c    0000000e     rtsv7M4_T_le_v4SPD16_eabi.lib : copy_decompress_none.obj (.text:decompress:none)
                  00002a7a    0000000c     tm4c123gh6pm_startup_ccs.obj (.text)
                  00002a86    00000006     rtsv7M4_T_le_v4SPD16_eabi.lib : copy_decompress_rle.obj (.text:decompress:rle24)
                  00002a8c    00000004                                   : pre_init.obj (.text)

.const     0    00002a90    00000109     
                  00002a90    00000101     rtsv7M4_T_le_v4SPD16_eabi.lib : ctype.obj (.const:.string:_ctypes_)
                  00002b91    00000004     lcd.obj (.const:.string:lineAddress$1)
                  00002b95    00000004     lcd.obj (.const:.string:lineAddresses$2)

.cinit     0    00002ba0    0000003c     
                  00002ba0    00000016     (.cinit..data.load) [load image, compression = rle]
                  00002bb6    00000002     --HOLE-- [fill = 0]
                  00002bb8    00000009     (.cinit..bss.load) [load image, compression = rle]
                  00002bc1    00000003     --HOLE-- [fill = 0]
                  00002bc4    00000008     (__TI_handler_table)
                  00002bcc    00000010     (__TI_cinit_table)

.init_array 
*          0    00000000    00000000     UNINITIALIZED

.stack     0    20000000    00000800     UNINITIALIZED
                  20000000    00000800     --HOLE--

.bss       0    20000800    00000055     UNINITIALIZED
                  20000800    00000054     lcd.obj (.bss:lastbuffer$3)
                  20000854    00000001     (.common:_prevButton)

.data      0    20000858    00000021     UNINITIALIZED
                  20000858    0000000c     rtsv7M4_T_le_v4SPD16_eabi.lib : exit.obj (.data:$O1$$)
                  20000864    00000008                                   : _lock.obj (.data:$O1$$)
                  2000086c    00000004     main.obj (.data)
                  20000870    00000004     rtsv7M4_T_le_v4SPD16_eabi.lib : errno.obj (.data)
                  20000874    00000004                                   : stkdepth_vars.obj (.data)
                  20000878    00000001     button.obj (.data)

MODULE SUMMARY

       Module                         code    ro data   rw data
       ------                         ----    -------   -------
    .\
       main.obj                       952     0         4      
       lcd.obj                        764     8         84     
       tm4c123gh6pm_startup_ccs.obj   12      620       0      
       timer.obj                      344     0         0      
       button.obj                     248     0         2      
    +--+------------------------------+-------+---------+---------+
       Total:                         2320    628       90     
                                                               
    C:\ti\ccsv6\tools\compiler\ti-cgt-arm_15.12.1.LTS\lib\rtsv7M4_T_le_v4SPD16_eabi.lib
       _printfi.obj                   4368    0         0      
       ull_div_t2.obj                 500     0         0      
       fd_add_t2.obj                  438     0         0      
       fd_div_t2.obj                  310     0         0      
       fd_cmp_t2.obj                  268     0         0      
       ctype.obj                      0       257       0      
       fd_mul_t2.obj                  252     0         0      
       s_scalbn.obj                   252     0         0      
       memcpy_t2.obj                  156     0         0      
       vsnprintf.obj                  136     0         0      
       memset_t2.obj                  122     0         0      
       autoinit.obj                   112     0         0      
       copy_decompress_rle.obj        112     0         0      
       s_frexp.obj                    100     0         0      
       exit.obj                       84      0         12     
       sprintf.obj                    96      0         0      
       ltoa.obj                       86      0         0      
       boot.obj                       84      0         0      
       atoi.obj                       76      0         0      
       cpy_tbl.obj                    76      0         0      
       fd_toi_t2.obj                  72      0         0      
       i_tofd_t2.obj                  46      0         0      
       _lock.obj                      20      0         8      
       memccpy.obj                    28      0         0      
       args_main.obj                  24      0         0      
       strcmp.obj                     24      0         0      
       strchr.obj                     22      0         0      
       s_copysign.obj                 20      0         0      
       strcpy.obj                     20      0         0      
       strlen.obj                     20      0         0      
       copy_decompress_none.obj       14      0         0      
       errno.obj                      0       0         4      
       pre_init.obj                   4       0         0      
       stkdepth_vars.obj              0       0         4      
       mpu_init.obj                   2       0         0      
       startup.obj                    2       0         0      
    +--+------------------------------+-------+---------+---------+
       Total:                         7946    257       28     
                                                               
       Stack:                         0       0         2048   
       Linker Generated:              0       55        0      
    +--+------------------------------+-------+---------+---------+
       Grand Total:                   10266   940       2166   


LINKER GENERATED COPY TABLES

__TI_cinit_table @ 00002bcc records: 2, size/record: 8, table size: 16
	.data: load addr=00002ba0, load size=00000016 bytes, run addr=20000858, run size=00000021 bytes, compression=rle
	.bss: load addr=00002bb8, load size=00000009 bytes, run addr=20000800, run size=00000055 bytes, compression=rle


LINKER GENERATED HANDLER TABLE

__TI_handler_table @ 00002bc4 records: 2, size/record: 4, table size: 8
	index: 0, handler: __TI_decompress_rle24
	index: 1, handler: __TI_decompress_none


GLOBAL SYMBOLS: SORTED ALPHABETICALLY BY Name 

address   name                           
-------   ----                           
00002845  C$$EXIT                        
00002a7b  ResetISR                       
UNDEFED   SHT$$INIT_ARRAY$$Base          
UNDEFED   SHT$$INIT_ARRAY$$Limit         
00001551  WiFi_start                     
20000800  __STACK_END                    
00000800  __STACK_SIZE                   
20000200  __STACK_TOP                    
00002bcc  __TI_CINIT_Base                
00002bdc  __TI_CINIT_Limit               
00002bc4  __TI_Handler_Table_Base        
00002bcc  __TI_Handler_Table_Limit       
000025f9  __TI_auto_init                 
20000858  __TI_cleanup_ptr               
00002a6d  __TI_decompress_none           
00002a87  __TI_decompress_rle24          
2000085c  __TI_dtors_ptr                 
20000860  __TI_enable_exit_profile_output
ffffffff  __TI_pprof_out_hndl            
00001077  __TI_printfi                   
ffffffff  __TI_prof_data_size            
ffffffff  __TI_prof_data_start           
00000000  __TI_static_base__             
00002471  __aeabi_cdcmpeq                
00002471  __aeabi_cdcmple                
000024f7  __aeabi_cdrcmple               
00002931  __aeabi_d2iz                   
00001c1f  __aeabi_dadd                   
00001f25  __aeabi_ddiv                   
0000205b  __aeabi_dmul                   
00001c15  __aeabi_dsub                   
00002979  __aeabi_i2d                    
0000257d  __aeabi_memclr                 
0000257d  __aeabi_memclr4                
0000257d  __aeabi_memclr8                
0000234d  __aeabi_memcpy                 
0000234d  __aeabi_memcpy4                
0000234d  __aeabi_memcpy8                
0000257f  __aeabi_memset                 
0000257f  __aeabi_memset4                
0000257f  __aeabi_memset8                
00001a21  __aeabi_uldivmod               
ffffffff  __binit__                      
ffffffff  __c_args__                     
00001dcb  __mpu_init                     
20000000  __stack                        
000029c5  _args_main                     
000027f1  _c_int00                       
00002a90  _ctypes_                       
20000864  _lock                          
00002a1b  _nop                           
20000854  _prevButton                    
00002a13  _register_lock                 
00002a0d  _register_unlock               
00002157  _system_post_cinit             
00002a8d  _system_pre_init               
20000868  _unlock                        
00002849  abort                          
00002899  atoi                           
ffffffff  binit                          
00002281  button_checkButtons            
0000228b  button_getButton               
000022e1  button_getButtonBlocking       
000022f5  button_getButtonChange         
0000231f  button_getButtonChangeBlocking 
00002255  button_init                    
000028e5  copy_in                        
00002a21  copysign                       
00002a21  copysignl                      
20000870  errno                          
00002851  exit                           
000026d5  frexp                          
000026d5  frexpl                         
00000000  g_pfnVectors                   
00002a5d  lcd_clear                      
000018cd  lcd_gotoLine                   
00001735  lcd_init                       
00001933  lcd_printf                     
000017f5  lcd_putc                       
0000182d  lcd_puts                       
0000184b  lcd_sendCommand                
00001889  lcd_sendNibble                 
000018f5  lcd_setCursorPos               
00002159  ldexp                          
00002159  ldexpl                         
00002799  ltoa                           
000015f1  main                           
20000874  main_func_sp                   
000029a7  memccpy                        
0000234d  memcpy                         
00002585  memset                         
00002159  scalbn                         
00002159  scalbnl                        
0000159f  sendAString                    
00001449  sendTheMessage                 
00002739  sprintf                        
000029f5  strchr                         
000029dd  strcmp                         
00002a35  strcpy                         
00002a49  strlen                         
00001edd  timer_getClock                 
00001e91  timer_startClock               
00001e2b  timer_startTimer               
00001ee3  timer_stopClock                
00001e7b  timer_stopTimer                
00001e01  timer_waitMicros               
00001dcd  timer_waitMillis               
0000137d  uart_init                      
00001421  uart_receive                   
00001405  uart_sendChar                  
000023e9  vsnprintf                      


GLOBAL SYMBOLS: SORTED BY Symbol Address 

address   name                           
-------   ----                           
00000000  __TI_static_base__             
00000000  g_pfnVectors                   
00000800  __STACK_SIZE                   
00001077  __TI_printfi                   
0000137d  uart_init                      
00001405  uart_sendChar                  
00001421  uart_receive                   
00001449  sendTheMessage                 
00001551  WiFi_start                     
0000159f  sendAString                    
000015f1  main                           
00001735  lcd_init                       
000017f5  lcd_putc                       
0000182d  lcd_puts                       
0000184b  lcd_sendCommand                
00001889  lcd_sendNibble                 
000018cd  lcd_gotoLine                   
000018f5  lcd_setCursorPos               
00001933  lcd_printf                     
00001a21  __aeabi_uldivmod               
00001c15  __aeabi_dsub                   
00001c1f  __aeabi_dadd                   
00001dcb  __mpu_init                     
00001dcd  timer_waitMillis               
00001e01  timer_waitMicros               
00001e2b  timer_startTimer               
00001e7b  timer_stopTimer                
00001e91  timer_startClock               
00001edd  timer_getClock                 
00001ee3  timer_stopClock                
00001f25  __aeabi_ddiv                   
0000205b  __aeabi_dmul                   
00002157  _system_post_cinit             
00002159  ldexp                          
00002159  ldexpl                         
00002159  scalbn                         
00002159  scalbnl                        
00002255  button_init                    
00002281  button_checkButtons            
0000228b  button_getButton               
000022e1  button_getButtonBlocking       
000022f5  button_getButtonChange         
0000231f  button_getButtonChangeBlocking 
0000234d  __aeabi_memcpy                 
0000234d  __aeabi_memcpy4                
0000234d  __aeabi_memcpy8                
0000234d  memcpy                         
000023e9  vsnprintf                      
00002471  __aeabi_cdcmpeq                
00002471  __aeabi_cdcmple                
000024f7  __aeabi_cdrcmple               
0000257d  __aeabi_memclr                 
0000257d  __aeabi_memclr4                
0000257d  __aeabi_memclr8                
0000257f  __aeabi_memset                 
0000257f  __aeabi_memset4                
0000257f  __aeabi_memset8                
00002585  memset                         
000025f9  __TI_auto_init                 
000026d5  frexp                          
000026d5  frexpl                         
00002739  sprintf                        
00002799  ltoa                           
000027f1  _c_int00                       
00002845  C$$EXIT                        
00002849  abort                          
00002851  exit                           
00002899  atoi                           
000028e5  copy_in                        
00002931  __aeabi_d2iz                   
00002979  __aeabi_i2d                    
000029a7  memccpy                        
000029c5  _args_main                     
000029dd  strcmp                         
000029f5  strchr                         
00002a0d  _register_unlock               
00002a13  _register_lock                 
00002a1b  _nop                           
00002a21  copysign                       
00002a21  copysignl                      
00002a35  strcpy                         
00002a49  strlen                         
00002a5d  lcd_clear                      
00002a6d  __TI_decompress_none           
00002a7b  ResetISR                       
00002a87  __TI_decompress_rle24          
00002a8d  _system_pre_init               
00002a90  _ctypes_                       
00002bc4  __TI_Handler_Table_Base        
00002bcc  __TI_CINIT_Base                
00002bcc  __TI_Handler_Table_Limit       
00002bdc  __TI_CINIT_Limit               
20000000  __stack                        
20000200  __STACK_TOP                    
20000800  __STACK_END                    
20000854  _prevButton                    
20000858  __TI_cleanup_ptr               
2000085c  __TI_dtors_ptr                 
20000860  __TI_enable_exit_profile_output
20000864  _lock                          
20000868  _unlock                        
20000870  errno                          
20000874  main_func_sp                   
ffffffff  __TI_pprof_out_hndl            
ffffffff  __TI_prof_data_size            
ffffffff  __TI_prof_data_start           
ffffffff  __binit__                      
ffffffff  __c_args__                     
ffffffff  binit                          
UNDEFED   SHT$$INIT_ARRAY$$Base          
UNDEFED   SHT$$INIT_ARRAY$$Limit         

[111 symbols]
