******************************************************************************
                  TI ARM Linker PC v15.12.1                    
******************************************************************************
>> Linked Sat Jan 28 13:07:09 2017

OUTPUT FILE NAME:   <lab2.out>
ENTRY POINT SYMBOL: "_c_int00"  address: 00001869


MEMORY CONFIGURATION

         name            origin    length      used     unused   attr    fill
----------------------  --------  ---------  --------  --------  ----  --------
  FLASH                 00000000   00040000  00001b17  0003e4e9  R  X
  SRAM                  20000000   00008000  00000eb8  00007148  RW X


SEGMENT ALLOCATION MAP

run origin  load origin   length   init length attrs members
----------  ----------- ---------- ----------- ----- -------
00000000    00000000    00001b1c   00001b1c    r-x
  00000000    00000000    0000026c   0000026c    r-- .intvecs
  0000026c    0000026c    00001838   00001838    r-x .text
  00001aa4    00001aa4    0000000f   0000000f    r-- .const
  00001ab8    00001ab8    00000064   00000064    r-- .cinit
20000000    20000000    00000ebc   00000000    rw-
  20000000    20000000    0000026c   00000000    rw- .vtable
  2000026c    2000026c    00000800   00000000    rw- .stack
  20000a70    20000a70    00000400   00000000    rw- .sysmem
  20000e70    20000e70    00000034   00000000    rw- .data
  20000ea4    20000ea4    00000018   00000000    rw- .bss


SECTION ALLOCATION MAP

 output                                  attributes/
section   page    origin      length       input sections
--------  ----  ----------  ----------   ----------------
.intvecs   0    00000000    0000026c     
                  00000000    0000026c     tm4c123gh6pm_startup_ccs.obj (.intvecs)

.text      0    0000026c    00001838     
                  0000026c    00000a78     open_interface.obj (.text)
                  00000ce4    000003dc     rtsv7M4_T_le_v4SPD16_eabi.lib : memory.obj (.text)
                  000010c0    00000158     timer.obj (.text)
                  00001218    00000136     rtsv7M4_T_le_v4SPD16_eabi.lib : fd_div_t2.obj (.text)
                  0000134e    0000012c     something.obj (.text)
                  0000147a    00000100     movement.obj (.text)
                  0000157a    000000fc     rtsv7M4_T_le_v4SPD16_eabi.lib : fd_mul_t2.obj (.text)
                  00001676    0000009c                                   : memcpy_t2.obj (.text)
                  00001712    0000007a                                   : memset_t2.obj (.text)
                  0000178c    00000070                                   : autoinit.obj (.text)
                  000017fc    0000006a                                   : copy_decompress_rle.obj (.text)
                  00001866    00000002                                   : mpu_init.obj (.text)
                  00001868    00000054                                   : boot.obj (.text)
                  000018bc    00000054                                   : exit.obj (.text)
                  00001910    0000004c                                   : cpy_tbl.obj (.text)
                  0000195c    00000048                                   : fd_toi_t2.obj (.text)
                  000019a4    00000034     driverlib.lib : interrupt.obj (.text:IntRegister)
                  000019d8    0000002e     rtsv7M4_T_le_v4SPD16_eabi.lib : i_tofd_t2.obj (.text)
                  00001a06    00000018     open_interface.obj (.text:oi_parseInt)
                  00001a1e    00000002     rtsv7M4_T_le_v4SPD16_eabi.lib : startup.obj (.text)
                  00001a20    00000018                                   : args_main.obj (.text)
                  00001a38    00000018                                   : strcmp.obj (.text)
                  00001a50    00000014                                   : _lock.obj (.text)
                  00001a64    00000010     driverlib.lib : interrupt.obj (.text:IntMasterEnable)
                  00001a74    0000000e     rtsv7M4_T_le_v4SPD16_eabi.lib : copy_decompress_none.obj (.text:decompress:none)
                  00001a82    0000000c     driverlib.lib : cpu.obj (.text:CPUcpsie)
                  00001a8e    0000000c     tm4c123gh6pm_startup_ccs.obj (.text)
                  00001a9a    00000006     rtsv7M4_T_le_v4SPD16_eabi.lib : copy_decompress_rle.obj (.text:decompress:rle24)
                  00001aa0    00000004                                   : pre_init.obj (.text)

.const     0    00001aa4    0000000f     
                  00001aa4    0000000f     open_interface.obj (.const:.string:$P$T0$3)

.cinit     0    00001ab8    00000064     
                  00001ab8    00000021     (.cinit..data.load) [load image, compression = rle]
                  00001ad9    00000007     --HOLE-- [fill = 0]
                  00001ae0    0000000b     (.cinit..vtable.load) [load image, compression = rle]
                  00001aeb    00000005     --HOLE-- [fill = 0]
                  00001af0    00000009     (.cinit..bss.load) [load image, compression = rle]
                  00001af9    00000003     --HOLE-- [fill = 0]
                  00001afc    00000008     (__TI_handler_table)
                  00001b04    00000018     (__TI_cinit_table)

.init_array 
*          0    00000000    00000000     UNINITIALIZED

.vtable    0    20000000    0000026c     UNINITIALIZED
                  20000000    0000026c     driverlib.lib : interrupt.obj (.vtable)

.stack     0    2000026c    00000800     UNINITIALIZED
                  2000026c    00000800     --HOLE--

.sysmem    0    20000a70    00000400     UNINITIALIZED
                  20000a70    00000008     rtsv7M4_T_le_v4SPD16_eabi.lib : memory.obj (.sysmem)
                  20000a78    000003f8     --HOLE--

.data      0    20000e70    00000034     UNINITIALIZED
                  20000e70    00000010     open_interface.obj (.data)
                  20000e80    0000000c     rtsv7M4_T_le_v4SPD16_eabi.lib : exit.obj (.data:$O1$$)
                  20000e8c    0000000c                                   : memory.obj (.data:$O1$$)
                  20000e98    00000008                                   : _lock.obj (.data:$O1$$)
                  20000ea0    00000004                                   : stkdepth_vars.obj (.data)

.bss       0    20000ea4    00000018     UNINITIALIZED
                  20000ea4    00000018     open_interface.obj (.bss:firmware$2)

MODULE SUMMARY

       Module                         code   ro data   rw data
       ------                         ----   -------   -------
    .\
       open_interface.obj             2704   15        40     
       tm4c123gh6pm_startup_ccs.obj   12     620       0      
       timer.obj                      344    0         0      
       something.obj                  300    0         0      
       movement.obj                   256    0         0      
    +--+------------------------------+------+---------+---------+
       Total:                         3616   635       40     
                                                              
    C:/ti/TivaWare_C_Series-2.1.2.111/driverlib/ccs/Debug/driverlib.lib
       interrupt.obj                  68     0         620    
       cpu.obj                        12     0         0      
    +--+------------------------------+------+---------+---------+
       Total:                         80     0         620    
                                                              
    C:\ti\ccsv6\tools\compiler\ti-cgt-arm_15.12.1.LTS\lib\rtsv7M4_T_le_v4SPD16_eabi.lib
       memory.obj                     988    0         12     
       fd_div_t2.obj                  310    0         0      
       fd_mul_t2.obj                  252    0         0      
       memcpy_t2.obj                  156    0         0      
       memset_t2.obj                  122    0         0      
       autoinit.obj                   112    0         0      
       copy_decompress_rle.obj        112    0         0      
       exit.obj                       84     0         12     
       boot.obj                       84     0         0      
       cpy_tbl.obj                    76     0         0      
       fd_toi_t2.obj                  72     0         0      
       i_tofd_t2.obj                  46     0         0      
       _lock.obj                      20     0         8      
       args_main.obj                  24     0         0      
       strcmp.obj                     24     0         0      
       copy_decompress_none.obj       14     0         0      
       pre_init.obj                   4      0         0      
       stkdepth_vars.obj              0      0         4      
       mpu_init.obj                   2      0         0      
       startup.obj                    2      0         0      
    +--+------------------------------+------+---------+---------+
       Total:                         2504   0         36     
                                                              
       Heap:                          0      0         1024   
       Stack:                         0      0         2048   
       Linker Generated:              0      85        0      
    +--+------------------------------+------+---------+---------+
       Grand Total:                   6200   720       3768   


LINKER GENERATED COPY TABLES

__TI_cinit_table @ 00001b04 records: 3, size/record: 8, table size: 24
	.data: load addr=00001ab8, load size=00000021 bytes, run addr=20000e70, run size=00000034 bytes, compression=rle
	.vtable: load addr=00001ae0, load size=0000000b bytes, run addr=20000000, run size=0000026c bytes, compression=rle
	.bss: load addr=00001af0, load size=00000009 bytes, run addr=20000ea4, run size=00000018 bytes, compression=rle


LINKER GENERATED HANDLER TABLE

__TI_handler_table @ 00001afc records: 2, size/record: 4, table size: 8
	index: 0, handler: __TI_decompress_rle24
	index: 1, handler: __TI_decompress_none


GLOBAL SYMBOLS: SORTED ALPHABETICALLY BY Name 

address   name                           
-------   ----                           
000018bd  C$$EXIT                        
00001a83  CPUcpsie                       
00000b53  GPIOF_Handler                  
00001a65  IntMasterEnable                
000019a5  IntRegister                    
00001a8f  ResetISR                       
UNDEFED   SHT$$INIT_ARRAY$$Base          
UNDEFED   SHT$$INIT_ARRAY$$Limit         
20000a6c  __STACK_END                    
00000800  __STACK_SIZE                   
2000046c  __STACK_TOP                    
00000400  __SYSMEM_SIZE                  
00001b04  __TI_CINIT_Base                
00001b1c  __TI_CINIT_Limit               
00001afc  __TI_Handler_Table_Base        
00001b04  __TI_Handler_Table_Limit       
0000178d  __TI_auto_init                 
20000e80  __TI_cleanup_ptr               
00001a75  __TI_decompress_none           
00001a9b  __TI_decompress_rle24          
20000e84  __TI_dtors_ptr                 
20000e88  __TI_enable_exit_profile_output
ffffffff  __TI_pprof_out_hndl            
ffffffff  __TI_prof_data_size            
ffffffff  __TI_prof_data_start           
00000000  __TI_static_base__             
0000195d  __aeabi_d2iz                   
00001219  __aeabi_ddiv                   
0000157b  __aeabi_dmul                   
000019d9  __aeabi_i2d                    
00001713  __aeabi_memclr                 
00001713  __aeabi_memclr4                
00001713  __aeabi_memclr8                
00001677  __aeabi_memcpy                 
00001677  __aeabi_memcpy4                
00001677  __aeabi_memcpy8                
00001715  __aeabi_memset                 
00001715  __aeabi_memset4                
00001715  __aeabi_memset8                
ffffffff  __binit__                      
ffffffff  __c_args__                     
00001867  __mpu_init                     
2000026c  __stack                        
00001a21  _args_main                     
00001869  _c_int00                       
20000e98  _lock                          
00001a5f  _nop                           
00001a57  _register_lock                 
00001a51  _register_unlock               
20000a70  _sys_memory                    
00001a1f  _system_post_cinit             
00001aa1  _system_pre_init               
20000e9c  _unlock                        
000018c1  abort                          
ffffffff  binit                          
0000108d  calloc                         
00001911  copy_in                        
000018c9  exit                           
00000ddb  free                           
20000000  g_pfnRAMVectors                
00000000  g_pfnVectors                   
00000b7d  getDegrees                     
00000911  go_charge                      
0000134f  main                           
20000ea0  main_func_sp                   
00000d73  malloc                         
00000fa9  memalign                       
00001677  memcpy                         
0000171b  memset                         
00000ce5  minit                          
000014b9  move_back                      
0000147b  move_forward                   
0000026d  oi_alloc                       
00000a2f  oi_checkFirmware               
000002c3  oi_close                       
00000279  oi_free                        
000002ad  oi_init                        
00000289  oi_init_noupdate               
000008a7  oi_loadSong                    
00001a07  oi_parseInt                    
00000327  oi_parsePacket                 
000008fd  oi_play_song                   
00000821  oi_setLeds                     
00000865  oi_setWheels                   
00000ae1  oi_shutoff_init                
00000913  oi_uartInit                    
000009b7  oi_uartReceive                 
000009fd  oi_uartSendBuff                
0000099b  oi_uartSendChar                
000009df  oi_uartSendStr                 
000002d5  oi_update                      
00000e9d  realloc                        
00001a39  strcmp                         
000011d1  timer_getClock                 
00001185  timer_startClock               
0000111f  timer_startTimer               
000011d7  timer_stopClock                
0000116f  timer_stopTimer                
000010f5  timer_waitMicros               
000010c1  timer_waitMillis               
000014fb  turn_clockwise                 
0000153b  turn_counterclockwise          


GLOBAL SYMBOLS: SORTED BY Symbol Address 

address   name                           
-------   ----                           
00000000  __TI_static_base__             
00000000  g_pfnVectors                   
0000026d  oi_alloc                       
00000279  oi_free                        
00000289  oi_init_noupdate               
000002ad  oi_init                        
000002c3  oi_close                       
000002d5  oi_update                      
00000327  oi_parsePacket                 
00000400  __SYSMEM_SIZE                  
00000800  __STACK_SIZE                   
00000821  oi_setLeds                     
00000865  oi_setWheels                   
000008a7  oi_loadSong                    
000008fd  oi_play_song                   
00000911  go_charge                      
00000913  oi_uartInit                    
0000099b  oi_uartSendChar                
000009b7  oi_uartReceive                 
000009df  oi_uartSendStr                 
000009fd  oi_uartSendBuff                
00000a2f  oi_checkFirmware               
00000ae1  oi_shutoff_init                
00000b53  GPIOF_Handler                  
00000b7d  getDegrees                     
00000ce5  minit                          
00000d73  malloc                         
00000ddb  free                           
00000e9d  realloc                        
00000fa9  memalign                       
0000108d  calloc                         
000010c1  timer_waitMillis               
000010f5  timer_waitMicros               
0000111f  timer_startTimer               
0000116f  timer_stopTimer                
00001185  timer_startClock               
000011d1  timer_getClock                 
000011d7  timer_stopClock                
00001219  __aeabi_ddiv                   
0000134f  main                           
0000147b  move_forward                   
000014b9  move_back                      
000014fb  turn_clockwise                 
0000153b  turn_counterclockwise          
0000157b  __aeabi_dmul                   
00001677  __aeabi_memcpy                 
00001677  __aeabi_memcpy4                
00001677  __aeabi_memcpy8                
00001677  memcpy                         
00001713  __aeabi_memclr                 
00001713  __aeabi_memclr4                
00001713  __aeabi_memclr8                
00001715  __aeabi_memset                 
00001715  __aeabi_memset4                
00001715  __aeabi_memset8                
0000171b  memset                         
0000178d  __TI_auto_init                 
00001867  __mpu_init                     
00001869  _c_int00                       
000018bd  C$$EXIT                        
000018c1  abort                          
000018c9  exit                           
00001911  copy_in                        
0000195d  __aeabi_d2iz                   
000019a5  IntRegister                    
000019d9  __aeabi_i2d                    
00001a07  oi_parseInt                    
00001a1f  _system_post_cinit             
00001a21  _args_main                     
00001a39  strcmp                         
00001a51  _register_unlock               
00001a57  _register_lock                 
00001a5f  _nop                           
00001a65  IntMasterEnable                
00001a75  __TI_decompress_none           
00001a83  CPUcpsie                       
00001a8f  ResetISR                       
00001a9b  __TI_decompress_rle24          
00001aa1  _system_pre_init               
00001afc  __TI_Handler_Table_Base        
00001b04  __TI_CINIT_Base                
00001b04  __TI_Handler_Table_Limit       
00001b1c  __TI_CINIT_Limit               
20000000  g_pfnRAMVectors                
2000026c  __stack                        
2000046c  __STACK_TOP                    
20000a6c  __STACK_END                    
20000a70  _sys_memory                    
20000e80  __TI_cleanup_ptr               
20000e84  __TI_dtors_ptr                 
20000e88  __TI_enable_exit_profile_output
20000e98  _lock                          
20000e9c  _unlock                        
20000ea0  main_func_sp                   
ffffffff  __TI_pprof_out_hndl            
ffffffff  __TI_prof_data_size            
ffffffff  __TI_prof_data_start           
ffffffff  __binit__                      
ffffffff  __c_args__                     
ffffffff  binit                          
UNDEFED   SHT$$INIT_ARRAY$$Base          
UNDEFED   SHT$$INIT_ARRAY$$Limit         

[102 symbols]
