******************************************************************************
                  TI ARM Linker PC v15.12.1                    
******************************************************************************
>> Linked Thu Feb 16 14:58:31 2017

OUTPUT FILE NAME:   <lab4.out>
ENTRY POINT SYMBOL: "_c_int00"  address: 000025c1


MEMORY CONFIGURATION

         name            origin    length      used     unused   attr    fill
----------------------  --------  ---------  --------  --------  ----  --------
  FLASH                 00000000   00040000  00002a1d  0003d5e3  R  X
  SRAM                  20000000   00008000  00000aea  00007516  RW X


SEGMENT ALLOCATION MAP

run origin  load origin   length   init length attrs members
----------  ----------- ---------- ----------- ----- -------
00000000    00000000    00002a24   00002a24    r-x
  00000000    00000000    0000026c   0000026c    r-- .intvecs
  0000026c    0000026c    00002644   00002644    r-x .text
  000028b0    000028b0    00000109   00000109    r-- .const
  000029c0    000029c0    00000064   00000064    r-- .cinit
20000000    20000000    00000aed   00000000    rw-
  20000000    20000000    0000026c   00000000    rw- .vtable
  2000026c    2000026c    00000800   00000000    rw- .stack
  20000a6c    20000a6c    00000055   00000000    rw- .bss
  20000ac4    20000ac4    00000029   00000000    rw- .data


SECTION ALLOCATION MAP

 output                                  attributes/
section   page    origin      length       input sections
--------  ----  ----------  ----------   ----------------
.intvecs   0    00000000    0000026c     
                  00000000    0000026c     tm4c123gh6pm_startup_ccs.obj (.intvecs)

.text      0    0000026c    00002644     
                  0000026c    00001110     rtsv7M4_T_le_v4SPD16_eabi.lib : _printfi.obj (.text)
                  0000137c    000002ec     lcd.obj (.text)
                  00001668    000001f4     rtsv7M4_T_le_v4SPD16_eabi.lib : ull_div_t2.obj (.text)
                  0000185c    000001e8     clock_intr.obj (.text)
                  00001a44    000001b6     rtsv7M4_T_le_v4SPD16_eabi.lib : fd_add_t2.obj (.text)
                  00001bfa    00000002                                   : mpu_init.obj (.text)
                  00001bfc    00000158     timer.obj (.text)
                  00001d54    00000136     rtsv7M4_T_le_v4SPD16_eabi.lib : fd_div_t2.obj (.text)
                  00001e8a    000000fc                                   : fd_mul_t2.obj (.text)
                  00001f86    00000002                                   : startup.obj (.text)
                  00001f88    000000fc                                   : s_scalbn.obj (.text)
                  00002084    000000f8     button2.obj (.text)
                  0000217c    0000009c     rtsv7M4_T_le_v4SPD16_eabi.lib : memcpy_t2.obj (.text)
                  00002218    00000088                                   : vsnprintf.obj (.text)
                  000022a0    00000086                                   : fd_cmp_t2.obj (.text:__aeabi_cdcmple)
                  00002326    00000086                                   : fd_cmp_t2.obj (.text:__aeabi_cdrcmple)
                  000023ac    0000007a                                   : memset_t2.obj (.text)
                  00002426    00000002     --HOLE-- [fill = 0]
                  00002428    00000070                                   : autoinit.obj (.text)
                  00002498    0000006a                                   : copy_decompress_rle.obj (.text)
                  00002502    00000002     --HOLE-- [fill = 0]
                  00002504    00000064                                   : s_frexp.obj (.text)
                  00002568    00000056                                   : ltoa.obj (.text)
                  000025be    00000002     --HOLE-- [fill = 0]
                  000025c0    00000054                                   : boot.obj (.text)
                  00002614    00000054                                   : exit.obj (.text)
                  00002668    0000004c                                   : atoi.obj (.text)
                  000026b4    0000004c                                   : cpy_tbl.obj (.text)
                  00002700    00000048                                   : fd_toi_t2.obj (.text)
                  00002748    00000034     driverlib.lib : interrupt.obj (.text:IntRegister)
                  0000277c    0000002e     rtsv7M4_T_le_v4SPD16_eabi.lib : i_tofd_t2.obj (.text)
                  000027aa    0000001c                                   : memccpy.obj (.text)
                  000027c6    00000002     --HOLE-- [fill = 0]
                  000027c8    00000018                                   : args_main.obj (.text)
                  000027e0    00000018                                   : strcmp.obj (.text)
                  000027f8    00000016                                   : strchr.obj (.text)
                  0000280e    00000002     --HOLE-- [fill = 0]
                  00002810    00000014                                   : _lock.obj (.text)
                  00002824    00000014                                   : s_copysign.obj (.text)
                  00002838    00000014                                   : strcpy.obj (.text)
                  0000284c    00000014                                   : strlen.obj (.text)
                  00002860    00000010     driverlib.lib : interrupt.obj (.text:IntMasterEnable)
                  00002870    00000010     lcd.obj (.text:lcd_clear)
                  00002880    0000000e     rtsv7M4_T_le_v4SPD16_eabi.lib : copy_decompress_none.obj (.text:decompress:none)
                  0000288e    0000000c     driverlib.lib : cpu.obj (.text:CPUcpsie)
                  0000289a    0000000c     tm4c123gh6pm_startup_ccs.obj (.text)
                  000028a6    00000006     rtsv7M4_T_le_v4SPD16_eabi.lib : copy_decompress_rle.obj (.text:decompress:rle24)
                  000028ac    00000004                                   : pre_init.obj (.text)

.const     0    000028b0    00000109     
                  000028b0    00000101     rtsv7M4_T_le_v4SPD16_eabi.lib : ctype.obj (.const:.string:_ctypes_)
                  000029b1    00000004     lcd.obj (.const:.string:lineAddress$1)
                  000029b5    00000004     lcd.obj (.const:.string:lineAddresses$2)

.cinit     0    000029c0    00000064     
                  000029c0    00000022     (.cinit..data.load) [load image, compression = rle]
                  000029e2    00000006     --HOLE-- [fill = 0]
                  000029e8    0000000b     (.cinit..vtable.load) [load image, compression = rle]
                  000029f3    00000005     --HOLE-- [fill = 0]
                  000029f8    00000009     (.cinit..bss.load) [load image, compression = rle]
                  00002a01    00000003     --HOLE-- [fill = 0]
                  00002a04    00000008     (__TI_handler_table)
                  00002a0c    00000018     (__TI_cinit_table)

.init_array 
*          0    00000000    00000000     UNINITIALIZED

.vtable    0    20000000    0000026c     UNINITIALIZED
                  20000000    0000026c     driverlib.lib : interrupt.obj (.vtable)

.stack     0    2000026c    00000800     UNINITIALIZED
                  2000026c    00000800     --HOLE--

.bss       0    20000a6c    00000055     UNINITIALIZED
                  20000a6c    00000054     lcd.obj (.bss:lastbuffer$3)
                  20000ac0    00000001     (.common:_prevButton)

.data      0    20000ac4    00000029     UNINITIALIZED
                  20000ac4    0000000c     rtsv7M4_T_le_v4SPD16_eabi.lib : exit.obj (.data:$O1$$)
                  20000ad0    0000000c     clock_intr.obj (.data)
                  20000adc    00000008     rtsv7M4_T_le_v4SPD16_eabi.lib : _lock.obj (.data:$O1$$)
                  20000ae4    00000004                                   : errno.obj (.data)
                  20000ae8    00000004                                   : stkdepth_vars.obj (.data)
                  20000aec    00000001     button2.obj (.data)

MODULE SUMMARY

       Module                         code   ro data   rw data
       ------                         ----   -------   -------
    .\
       lcd.obj                        764    8         84     
       tm4c123gh6pm_startup_ccs.obj   12     620       0      
       clock_intr.obj                 488    0         12     
       timer.obj                      344    0         0      
       button2.obj                    248    0         2      
    +--+------------------------------+------+---------+---------+
       Total:                         1856   628       98     
                                                              
    C:/ti/TivaWare_C_Series-2.1.2.111/driverlib/ccs/Debug/driverlib.lib
       interrupt.obj                  68     0         620    
       cpu.obj                        12     0         0      
    +--+------------------------------+------+---------+---------+
       Total:                         80     0         620    
                                                              
    C:\ti\ccsv6\tools\compiler\ti-cgt-arm_15.12.1.LTS\lib\rtsv7M4_T_le_v4SPD16_eabi.lib
       _printfi.obj                   4368   0         0      
       ull_div_t2.obj                 500    0         0      
       fd_add_t2.obj                  438    0         0      
       fd_div_t2.obj                  310    0         0      
       fd_cmp_t2.obj                  268    0         0      
       ctype.obj                      0      257       0      
       fd_mul_t2.obj                  252    0         0      
       s_scalbn.obj                   252    0         0      
       memcpy_t2.obj                  156    0         0      
       vsnprintf.obj                  136    0         0      
       memset_t2.obj                  122    0         0      
       autoinit.obj                   112    0         0      
       copy_decompress_rle.obj        112    0         0      
       s_frexp.obj                    100    0         0      
       exit.obj                       84     0         12     
       ltoa.obj                       86     0         0      
       boot.obj                       84     0         0      
       atoi.obj                       76     0         0      
       cpy_tbl.obj                    76     0         0      
       fd_toi_t2.obj                  72     0         0      
       i_tofd_t2.obj                  46     0         0      
       _lock.obj                      20     0         8      
       memccpy.obj                    28     0         0      
       args_main.obj                  24     0         0      
       strcmp.obj                     24     0         0      
       strchr.obj                     22     0         0      
       s_copysign.obj                 20     0         0      
       strcpy.obj                     20     0         0      
       strlen.obj                     20     0         0      
       copy_decompress_none.obj       14     0         0      
       errno.obj                      0      0         4      
       pre_init.obj                   4      0         0      
       stkdepth_vars.obj              0      0         4      
       mpu_init.obj                   2      0         0      
       startup.obj                    2      0         0      
    +--+------------------------------+------+---------+---------+
       Total:                         7850   257       28     
                                                              
       Stack:                         0      0         2048   
       Linker Generated:              0      86        0      
    +--+------------------------------+------+---------+---------+
       Grand Total:                   9786   971       2794   


LINKER GENERATED COPY TABLES

__TI_cinit_table @ 00002a0c records: 3, size/record: 8, table size: 24
	.data: load addr=000029c0, load size=00000022 bytes, run addr=20000ac4, run size=00000029 bytes, compression=rle
	.vtable: load addr=000029e8, load size=0000000b bytes, run addr=20000000, run size=0000026c bytes, compression=rle
	.bss: load addr=000029f8, load size=00000009 bytes, run addr=20000a6c, run size=00000055 bytes, compression=rle


LINKER GENERATED HANDLER TABLE

__TI_handler_table @ 00002a04 records: 2, size/record: 4, table size: 8
	index: 0, handler: __TI_decompress_rle24
	index: 1, handler: __TI_decompress_none


GLOBAL SYMBOLS: SORTED ALPHABETICALLY BY Name 

address   name                           
-------   ----                           
00002615  C$$EXIT                        
0000288f  CPUcpsie                       
00002861  IntMasterEnable                
00002749  IntRegister                    
0000289b  ResetISR                       
UNDEFED   SHT$$INIT_ARRAY$$Base          
UNDEFED   SHT$$INIT_ARRAY$$Limit         
0000185d  TIMER4A_Handler                
0000186d  TIMER4B_Handler                
20000a6c  __STACK_END                    
00000800  __STACK_SIZE                   
2000046c  __STACK_TOP                    
00002a0c  __TI_CINIT_Base                
00002a24  __TI_CINIT_Limit               
00002a04  __TI_Handler_Table_Base        
00002a0c  __TI_Handler_Table_Limit       
00002429  __TI_auto_init                 
20000ac4  __TI_cleanup_ptr               
00002881  __TI_decompress_none           
000028a7  __TI_decompress_rle24          
20000ac8  __TI_dtors_ptr                 
20000acc  __TI_enable_exit_profile_output
ffffffff  __TI_pprof_out_hndl            
00001077  __TI_printfi                   
ffffffff  __TI_prof_data_size            
ffffffff  __TI_prof_data_start           
00000000  __TI_static_base__             
000022a1  __aeabi_cdcmpeq                
000022a1  __aeabi_cdcmple                
00002327  __aeabi_cdrcmple               
00002701  __aeabi_d2iz                   
00001a4f  __aeabi_dadd                   
00001d55  __aeabi_ddiv                   
00001e8b  __aeabi_dmul                   
00001a45  __aeabi_dsub                   
0000277d  __aeabi_i2d                    
000023ad  __aeabi_memclr                 
000023ad  __aeabi_memclr4                
000023ad  __aeabi_memclr8                
0000217d  __aeabi_memcpy                 
0000217d  __aeabi_memcpy4                
0000217d  __aeabi_memcpy8                
000023af  __aeabi_memset                 
000023af  __aeabi_memset4                
000023af  __aeabi_memset8                
00001669  __aeabi_uldivmod               
ffffffff  __binit__                      
ffffffff  __c_args__                     
00001bfb  __mpu_init                     
2000026c  __stack                        
000027c9  _args_main                     
000025c1  _c_int00                       
000028b0  _ctypes_                       
20000adc  _lock                          
0000281f  _nop                           
20000ac0  _prevButton                    
00002817  _register_lock                 
00002811  _register_unlock               
00001f87  _system_post_cinit             
000028ad  _system_pre_init               
20000ae0  _unlock                        
00002619  abort                          
00002669  atoi                           
ffffffff  binit                          
000020b1  button_checkButtons            
000020bb  button_getButton               
00002111  button_getButtonBlocking       
00002125  button_getButtonChange         
0000214f  button_getButtonChangeBlocking 
00002085  button_init                    
000018dd  clock_timer_init               
000026b5  copy_in                        
00002825  copysign                       
00002825  copysignl                      
20000ae4  errno                          
00002621  exit                           
00002505  frexp                          
00002505  frexpl                         
20000000  g_pfnRAMVectors                
00000000  g_pfnVectors                   
20000ad0  hours                          
00002871  lcd_clear                      
00001515  lcd_gotoLine                   
0000137d  lcd_init                       
0000157b  lcd_printf                     
0000143d  lcd_putc                       
00001475  lcd_puts                       
00001493  lcd_sendCommand                
000014d1  lcd_sendNibble                 
0000153d  lcd_setCursorPos               
00001f89  ldexp                          
00001f89  ldexpl                         
00002569  ltoa                           
00001961  main                           
20000ae8  main_func_sp                   
000027ab  memccpy                        
0000217d  memcpy                         
000023b5  memset                         
20000ad4  mins                           
00001f89  scalbn                         
00001f89  scalbnl                        
20000ad8  secs                           
000027f9  strchr                         
000027e1  strcmp                         
00002839  strcpy                         
0000284d  strlen                         
00001d0d  timer_getClock                 
00001cc1  timer_startClock               
00001c5b  timer_startTimer               
00001d13  timer_stopClock                
00001cab  timer_stopTimer                
00001c31  timer_waitMicros               
00001bfd  timer_waitMillis               
00002219  vsnprintf                      


GLOBAL SYMBOLS: SORTED BY Symbol Address 

address   name                           
-------   ----                           
00000000  __TI_static_base__             
00000000  g_pfnVectors                   
00000800  __STACK_SIZE                   
00001077  __TI_printfi                   
0000137d  lcd_init                       
0000143d  lcd_putc                       
00001475  lcd_puts                       
00001493  lcd_sendCommand                
000014d1  lcd_sendNibble                 
00001515  lcd_gotoLine                   
0000153d  lcd_setCursorPos               
0000157b  lcd_printf                     
00001669  __aeabi_uldivmod               
0000185d  TIMER4A_Handler                
0000186d  TIMER4B_Handler                
000018dd  clock_timer_init               
00001961  main                           
00001a45  __aeabi_dsub                   
00001a4f  __aeabi_dadd                   
00001bfb  __mpu_init                     
00001bfd  timer_waitMillis               
00001c31  timer_waitMicros               
00001c5b  timer_startTimer               
00001cab  timer_stopTimer                
00001cc1  timer_startClock               
00001d0d  timer_getClock                 
00001d13  timer_stopClock                
00001d55  __aeabi_ddiv                   
00001e8b  __aeabi_dmul                   
00001f87  _system_post_cinit             
00001f89  ldexp                          
00001f89  ldexpl                         
00001f89  scalbn                         
00001f89  scalbnl                        
00002085  button_init                    
000020b1  button_checkButtons            
000020bb  button_getButton               
00002111  button_getButtonBlocking       
00002125  button_getButtonChange         
0000214f  button_getButtonChangeBlocking 
0000217d  __aeabi_memcpy                 
0000217d  __aeabi_memcpy4                
0000217d  __aeabi_memcpy8                
0000217d  memcpy                         
00002219  vsnprintf                      
000022a1  __aeabi_cdcmpeq                
000022a1  __aeabi_cdcmple                
00002327  __aeabi_cdrcmple               
000023ad  __aeabi_memclr                 
000023ad  __aeabi_memclr4                
000023ad  __aeabi_memclr8                
000023af  __aeabi_memset                 
000023af  __aeabi_memset4                
000023af  __aeabi_memset8                
000023b5  memset                         
00002429  __TI_auto_init                 
00002505  frexp                          
00002505  frexpl                         
00002569  ltoa                           
000025c1  _c_int00                       
00002615  C$$EXIT                        
00002619  abort                          
00002621  exit                           
00002669  atoi                           
000026b5  copy_in                        
00002701  __aeabi_d2iz                   
00002749  IntRegister                    
0000277d  __aeabi_i2d                    
000027ab  memccpy                        
000027c9  _args_main                     
000027e1  strcmp                         
000027f9  strchr                         
00002811  _register_unlock               
00002817  _register_lock                 
0000281f  _nop                           
00002825  copysign                       
00002825  copysignl                      
00002839  strcpy                         
0000284d  strlen                         
00002861  IntMasterEnable                
00002871  lcd_clear                      
00002881  __TI_decompress_none           
0000288f  CPUcpsie                       
0000289b  ResetISR                       
000028a7  __TI_decompress_rle24          
000028ad  _system_pre_init               
000028b0  _ctypes_                       
00002a04  __TI_Handler_Table_Base        
00002a0c  __TI_CINIT_Base                
00002a0c  __TI_Handler_Table_Limit       
00002a24  __TI_CINIT_Limit               
20000000  g_pfnRAMVectors                
2000026c  __stack                        
2000046c  __STACK_TOP                    
20000a6c  __STACK_END                    
20000ac0  _prevButton                    
20000ac4  __TI_cleanup_ptr               
20000ac8  __TI_dtors_ptr                 
20000acc  __TI_enable_exit_profile_output
20000ad0  hours                          
20000ad4  mins                           
20000ad8  secs                           
20000adc  _lock                          
20000ae0  _unlock                        
20000ae4  errno                          
20000ae8  main_func_sp                   
ffffffff  __TI_pprof_out_hndl            
ffffffff  __TI_prof_data_size            
ffffffff  __TI_prof_data_start           
ffffffff  __binit__                      
ffffffff  __c_args__                     
ffffffff  binit                          
UNDEFED   SHT$$INIT_ARRAY$$Base          
UNDEFED   SHT$$INIT_ARRAY$$Limit         

[114 symbols]
