<?xml version="1.0"?>
<link_info>
   <banner>TI ARM Linker PC v15.12.1.LTS</banner>
   <copyright>Copyright (c) 1996-2015 Texas Instruments Incorporated</copyright>
   <link_time>0x58c1aa1a</link_time>
   <link_errors>0x0</link_errors>
   <output_file>Lab7.out</output_file>
   <entry_point>
      <name>_c_int00</name>
      <address>0x25f9</address>
   </entry_point>
   <input_file_list>
      <input_file id="fl-2">
         <path>.\</path>
         <kind>object</kind>
         <file>lcd.obj</file>
         <name>lcd.obj</name>
      </input_file>
      <input_file id="fl-3">
         <path>.\</path>
         <kind>object</kind>
         <file>main.obj</file>
         <name>main.obj</name>
      </input_file>
      <input_file id="fl-4">
         <path>.\</path>
         <kind>object</kind>
         <file>timer.obj</file>
         <name>timer.obj</name>
      </input_file>
      <input_file id="fl-5">
         <path>.\</path>
         <kind>object</kind>
         <file>tm4c123gh6pm_startup_ccs.obj</file>
         <name>tm4c123gh6pm_startup_ccs.obj</name>
      </input_file>
      <input_file id="fl-c0">
         <path>C:\ti\ccsv6\tools\compiler\ti-cgt-arm_15.12.1.LTS\lib\</path>
         <kind>archive</kind>
         <file>rtsv7M4_T_le_v4SPD16_eabi.lib</file>
         <name>boot.obj</name>
      </input_file>
      <input_file id="fl-c1">
         <path>C:\ti\ccsv6\tools\compiler\ti-cgt-arm_15.12.1.LTS\lib\</path>
         <kind>archive</kind>
         <file>rtsv7M4_T_le_v4SPD16_eabi.lib</file>
         <name>copy_decompress_none.obj</name>
      </input_file>
      <input_file id="fl-c2">
         <path>C:\ti\ccsv6\tools\compiler\ti-cgt-arm_15.12.1.LTS\lib\</path>
         <kind>archive</kind>
         <file>rtsv7M4_T_le_v4SPD16_eabi.lib</file>
         <name>copy_decompress_rle.obj</name>
      </input_file>
      <input_file id="fl-c3">
         <path>C:\ti\ccsv6\tools\compiler\ti-cgt-arm_15.12.1.LTS\lib\</path>
         <kind>archive</kind>
         <file>rtsv7M4_T_le_v4SPD16_eabi.lib</file>
         <name>copy_zero_init.obj</name>
      </input_file>
      <input_file id="fl-c4">
         <path>C:\ti\ccsv6\tools\compiler\ti-cgt-arm_15.12.1.LTS\lib\</path>
         <kind>archive</kind>
         <file>rtsv7M4_T_le_v4SPD16_eabi.lib</file>
         <name>exit.obj</name>
      </input_file>
      <input_file id="fl-c5">
         <path>C:\ti\ccsv6\tools\compiler\ti-cgt-arm_15.12.1.LTS\lib\</path>
         <kind>archive</kind>
         <file>rtsv7M4_T_le_v4SPD16_eabi.lib</file>
         <name>fd_div_t2.obj</name>
      </input_file>
      <input_file id="fl-c6">
         <path>C:\ti\ccsv6\tools\compiler\ti-cgt-arm_15.12.1.LTS\lib\</path>
         <kind>archive</kind>
         <file>rtsv7M4_T_le_v4SPD16_eabi.lib</file>
         <name>fd_mul_t2.obj</name>
      </input_file>
      <input_file id="fl-c7">
         <path>C:\ti\ccsv6\tools\compiler\ti-cgt-arm_15.12.1.LTS\lib\</path>
         <kind>archive</kind>
         <file>rtsv7M4_T_le_v4SPD16_eabi.lib</file>
         <name>fd_tos_t2.obj</name>
      </input_file>
      <input_file id="fl-c8">
         <path>C:\ti\ccsv6\tools\compiler\ti-cgt-arm_15.12.1.LTS\lib\</path>
         <kind>archive</kind>
         <file>rtsv7M4_T_le_v4SPD16_eabi.lib</file>
         <name>fs_tod_t2.obj</name>
      </input_file>
      <input_file id="fl-c9">
         <path>C:\ti\ccsv6\tools\compiler\ti-cgt-arm_15.12.1.LTS\lib\</path>
         <kind>archive</kind>
         <file>rtsv7M4_T_le_v4SPD16_eabi.lib</file>
         <name>memcpy_t2.obj</name>
      </input_file>
      <input_file id="fl-ca">
         <path>C:\ti\ccsv6\tools\compiler\ti-cgt-arm_15.12.1.LTS\lib\</path>
         <kind>archive</kind>
         <file>rtsv7M4_T_le_v4SPD16_eabi.lib</file>
         <name>memset_t2.obj</name>
      </input_file>
      <input_file id="fl-cb">
         <path>C:\ti\ccsv6\tools\compiler\ti-cgt-arm_15.12.1.LTS\lib\</path>
         <kind>archive</kind>
         <file>rtsv7M4_T_le_v4SPD16_eabi.lib</file>
         <name>mpu_init.obj</name>
      </input_file>
      <input_file id="fl-cc">
         <path>C:\ti\ccsv6\tools\compiler\ti-cgt-arm_15.12.1.LTS\lib\</path>
         <kind>archive</kind>
         <file>rtsv7M4_T_le_v4SPD16_eabi.lib</file>
         <name>pre_init.obj</name>
      </input_file>
      <input_file id="fl-cd">
         <path>C:\ti\ccsv6\tools\compiler\ti-cgt-arm_15.12.1.LTS\lib\</path>
         <kind>archive</kind>
         <file>rtsv7M4_T_le_v4SPD16_eabi.lib</file>
         <name>stkdepth_vars.obj</name>
      </input_file>
      <input_file id="fl-ce">
         <path>C:\ti\ccsv6\tools\compiler\ti-cgt-arm_15.12.1.LTS\lib\</path>
         <kind>archive</kind>
         <file>rtsv7M4_T_le_v4SPD16_eabi.lib</file>
         <name>strcmp.obj</name>
      </input_file>
      <input_file id="fl-cf">
         <path>C:\ti\ccsv6\tools\compiler\ti-cgt-arm_15.12.1.LTS\lib\</path>
         <kind>archive</kind>
         <file>rtsv7M4_T_le_v4SPD16_eabi.lib</file>
         <name>strcpy.obj</name>
      </input_file>
      <input_file id="fl-d0">
         <path>C:\ti\ccsv6\tools\compiler\ti-cgt-arm_15.12.1.LTS\lib\</path>
         <kind>archive</kind>
         <file>rtsv7M4_T_le_v4SPD16_eabi.lib</file>
         <name>u_tofd_t2.obj</name>
      </input_file>
      <input_file id="fl-d1">
         <path>C:\ti\ccsv6\tools\compiler\ti-cgt-arm_15.12.1.LTS\lib\</path>
         <kind>archive</kind>
         <file>rtsv7M4_T_le_v4SPD16_eabi.lib</file>
         <name>vsnprintf.obj</name>
      </input_file>
      <input_file id="fl-d2">
         <path>C:\ti\ccsv6\tools\compiler\ti-cgt-arm_15.12.1.LTS\lib\</path>
         <kind>archive</kind>
         <file>rtsv7M4_T_le_v4SPD16_eabi.lib</file>
         <name>_lock.obj</name>
      </input_file>
      <input_file id="fl-d3">
         <path>C:\ti\ccsv6\tools\compiler\ti-cgt-arm_15.12.1.LTS\lib\</path>
         <kind>archive</kind>
         <file>rtsv7M4_T_le_v4SPD16_eabi.lib</file>
         <name>_printfi.obj</name>
      </input_file>
      <input_file id="fl-d4">
         <path>C:\ti\ccsv6\tools\compiler\ti-cgt-arm_15.12.1.LTS\lib\</path>
         <kind>archive</kind>
         <file>rtsv7M4_T_le_v4SPD16_eabi.lib</file>
         <name>args_main.obj</name>
      </input_file>
      <input_file id="fl-d5">
         <path>C:\ti\ccsv6\tools\compiler\ti-cgt-arm_15.12.1.LTS\lib\</path>
         <kind>archive</kind>
         <file>rtsv7M4_T_le_v4SPD16_eabi.lib</file>
         <name>atoi.obj</name>
      </input_file>
      <input_file id="fl-d6">
         <path>C:\ti\ccsv6\tools\compiler\ti-cgt-arm_15.12.1.LTS\lib\</path>
         <kind>archive</kind>
         <file>rtsv7M4_T_le_v4SPD16_eabi.lib</file>
         <name>autoinit.obj</name>
      </input_file>
      <input_file id="fl-d7">
         <path>C:\ti\ccsv6\tools\compiler\ti-cgt-arm_15.12.1.LTS\lib\</path>
         <kind>archive</kind>
         <file>rtsv7M4_T_le_v4SPD16_eabi.lib</file>
         <name>cpy_tbl.obj</name>
      </input_file>
      <input_file id="fl-d8">
         <path>C:\ti\ccsv6\tools\compiler\ti-cgt-arm_15.12.1.LTS\lib\</path>
         <kind>archive</kind>
         <file>rtsv7M4_T_le_v4SPD16_eabi.lib</file>
         <name>ctype.obj</name>
      </input_file>
      <input_file id="fl-d9">
         <path>C:\ti\ccsv6\tools\compiler\ti-cgt-arm_15.12.1.LTS\lib\</path>
         <kind>archive</kind>
         <file>rtsv7M4_T_le_v4SPD16_eabi.lib</file>
         <name>fd_add_t2.obj</name>
      </input_file>
      <input_file id="fl-da">
         <path>C:\ti\ccsv6\tools\compiler\ti-cgt-arm_15.12.1.LTS\lib\</path>
         <kind>archive</kind>
         <file>rtsv7M4_T_le_v4SPD16_eabi.lib</file>
         <name>fd_cmp_t2.obj</name>
      </input_file>
      <input_file id="fl-db">
         <path>C:\ti\ccsv6\tools\compiler\ti-cgt-arm_15.12.1.LTS\lib\</path>
         <kind>archive</kind>
         <file>rtsv7M4_T_le_v4SPD16_eabi.lib</file>
         <name>fd_toi_t2.obj</name>
      </input_file>
      <input_file id="fl-dc">
         <path>C:\ti\ccsv6\tools\compiler\ti-cgt-arm_15.12.1.LTS\lib\</path>
         <kind>archive</kind>
         <file>rtsv7M4_T_le_v4SPD16_eabi.lib</file>
         <name>i_tofd_t2.obj</name>
      </input_file>
      <input_file id="fl-dd">
         <path>C:\ti\ccsv6\tools\compiler\ti-cgt-arm_15.12.1.LTS\lib\</path>
         <kind>archive</kind>
         <file>rtsv7M4_T_le_v4SPD16_eabi.lib</file>
         <name>ltoa.obj</name>
      </input_file>
      <input_file id="fl-de">
         <path>C:\ti\ccsv6\tools\compiler\ti-cgt-arm_15.12.1.LTS\lib\</path>
         <kind>archive</kind>
         <file>rtsv7M4_T_le_v4SPD16_eabi.lib</file>
         <name>memccpy.obj</name>
      </input_file>
      <input_file id="fl-df">
         <path>C:\ti\ccsv6\tools\compiler\ti-cgt-arm_15.12.1.LTS\lib\</path>
         <kind>archive</kind>
         <file>rtsv7M4_T_le_v4SPD16_eabi.lib</file>
         <name>s_frexp.obj</name>
      </input_file>
      <input_file id="fl-e0">
         <path>C:\ti\ccsv6\tools\compiler\ti-cgt-arm_15.12.1.LTS\lib\</path>
         <kind>archive</kind>
         <file>rtsv7M4_T_le_v4SPD16_eabi.lib</file>
         <name>s_scalbn.obj</name>
      </input_file>
      <input_file id="fl-e1">
         <path>C:\ti\ccsv6\tools\compiler\ti-cgt-arm_15.12.1.LTS\lib\</path>
         <kind>archive</kind>
         <file>rtsv7M4_T_le_v4SPD16_eabi.lib</file>
         <name>startup.obj</name>
      </input_file>
      <input_file id="fl-e2">
         <path>C:\ti\ccsv6\tools\compiler\ti-cgt-arm_15.12.1.LTS\lib\</path>
         <kind>archive</kind>
         <file>rtsv7M4_T_le_v4SPD16_eabi.lib</file>
         <name>strchr.obj</name>
      </input_file>
      <input_file id="fl-e3">
         <path>C:\ti\ccsv6\tools\compiler\ti-cgt-arm_15.12.1.LTS\lib\</path>
         <kind>archive</kind>
         <file>rtsv7M4_T_le_v4SPD16_eabi.lib</file>
         <name>strlen.obj</name>
      </input_file>
      <input_file id="fl-e4">
         <path>C:\ti\ccsv6\tools\compiler\ti-cgt-arm_15.12.1.LTS\lib\</path>
         <kind>archive</kind>
         <file>rtsv7M4_T_le_v4SPD16_eabi.lib</file>
         <name>ull_div_t2.obj</name>
      </input_file>
      <input_file id="fl-e5">
         <path>C:\ti\ccsv6\tools\compiler\ti-cgt-arm_15.12.1.LTS\lib\</path>
         <kind>archive</kind>
         <file>rtsv7M4_T_le_v4SPD16_eabi.lib</file>
         <name>errno.obj</name>
      </input_file>
      <input_file id="fl-e6">
         <path>C:\ti\ccsv6\tools\compiler\ti-cgt-arm_15.12.1.LTS\lib\</path>
         <kind>archive</kind>
         <file>rtsv7M4_T_le_v4SPD16_eabi.lib</file>
         <name>s_copysign.obj</name>
      </input_file>
      <input_file id="fl-e7">
         <path>C:\ti\TivaWare_C_Series-2.1.2.111\driverlib\ccs\Debug\</path>
         <kind>archive</kind>
         <file>driverlib.lib</file>
         <name>interrupt.obj</name>
      </input_file>
      <input_file id="fl-e8">
         <path>C:\ti\TivaWare_C_Series-2.1.2.111\driverlib\ccs\Debug\</path>
         <kind>archive</kind>
         <file>driverlib.lib</file>
         <name>cpu.obj</name>
      </input_file>
   </input_file_list>
   <object_component_list>
      <object_component id="oc-f">
         <name>.intvecs</name>
         <load_address>0x0</load_address>
         <run_address>0x0</run_address>
         <size>0x26c</size>
         <input_file_ref idref="fl-5"/>
      </object_component>
      <object_component id="oc-168">
         <name>.text</name>
         <load_address>0x26c</load_address>
         <run_address>0x26c</run_address>
         <size>0x1110</size>
         <input_file_ref idref="fl-d3"/>
      </object_component>
      <object_component id="oc-ec">
         <name>.text</name>
         <load_address>0x137c</load_address>
         <run_address>0x137c</run_address>
         <size>0x2ec</size>
         <input_file_ref idref="fl-2"/>
      </object_component>
      <object_component id="oc-ab">
         <name>.text</name>
         <load_address>0x1668</load_address>
         <run_address>0x1668</run_address>
         <size>0x2ac</size>
         <input_file_ref idref="fl-3"/>
      </object_component>
      <object_component id="oc-18a">
         <name>.text</name>
         <load_address>0x1914</load_address>
         <run_address>0x1914</run_address>
         <size>0x1f4</size>
         <input_file_ref idref="fl-e4"/>
      </object_component>
      <object_component id="oc-1af">
         <name>.text</name>
         <load_address>0x1b08</load_address>
         <run_address>0x1b08</run_address>
         <size>0x1b6</size>
         <input_file_ref idref="fl-d9"/>
      </object_component>
      <object_component id="oc-59">
         <name>.text</name>
         <load_address>0x1cbe</load_address>
         <run_address>0x1cbe</run_address>
         <size>0x2</size>
         <input_file_ref idref="fl-cb"/>
      </object_component>
      <object_component id="oc-cd">
         <name>.text</name>
         <load_address>0x1cc0</load_address>
         <run_address>0x1cc0</run_address>
         <size>0x158</size>
         <input_file_ref idref="fl-4"/>
      </object_component>
      <object_component id="oc-d8">
         <name>.text</name>
         <load_address>0x1e18</load_address>
         <run_address>0x1e18</run_address>
         <size>0x136</size>
         <input_file_ref idref="fl-c5"/>
      </object_component>
      <object_component id="oc-e2">
         <name>.text</name>
         <load_address>0x1f4e</load_address>
         <run_address>0x1f4e</run_address>
         <size>0xfc</size>
         <input_file_ref idref="fl-c6"/>
      </object_component>
      <object_component id="oc-a3">
         <name>.text</name>
         <load_address>0x204a</load_address>
         <run_address>0x204a</run_address>
         <size>0x2</size>
         <input_file_ref idref="fl-e1"/>
      </object_component>
      <object_component id="oc-1ba">
         <name>.text</name>
         <load_address>0x204c</load_address>
         <run_address>0x204c</run_address>
         <size>0xfc</size>
         <input_file_ref idref="fl-e0"/>
      </object_component>
      <object_component id="oc-34">
         <name>.text</name>
         <load_address>0x2148</load_address>
         <run_address>0x2148</run_address>
         <size>0x9c</size>
         <input_file_ref idref="fl-c9"/>
      </object_component>
      <object_component id="oc-137">
         <name>.text</name>
         <load_address>0x21e4</load_address>
         <run_address>0x21e4</run_address>
         <size>0x88</size>
         <input_file_ref idref="fl-d1"/>
      </object_component>
      <object_component id="oc-195">
         <name>.text:__aeabi_cdcmple</name>
         <load_address>0x226c</load_address>
         <run_address>0x226c</run_address>
         <size>0x86</size>
         <input_file_ref idref="fl-da"/>
      </object_component>
      <object_component id="oc-19a">
         <name>.text:__aeabi_cdrcmple</name>
         <load_address>0x22f2</load_address>
         <run_address>0x22f2</run_address>
         <size>0x86</size>
         <input_file_ref idref="fl-da"/>
      </object_component>
      <object_component id="oc-4d">
         <name>.text</name>
         <load_address>0x2378</load_address>
         <run_address>0x2378</run_address>
         <size>0x7a</size>
         <input_file_ref idref="fl-ca"/>
      </object_component>
      <object_component id="oc-65">
         <name>.text</name>
         <load_address>0x23f4</load_address>
         <run_address>0x23f4</run_address>
         <size>0x70</size>
         <input_file_ref idref="fl-d6"/>
      </object_component>
      <object_component id="oc-dd">
         <name>.text</name>
         <load_address>0x2464</load_address>
         <run_address>0x2464</run_address>
         <size>0x6e</size>
         <input_file_ref idref="fl-c7"/>
      </object_component>
      <object_component id="oc-40">
         <name>.text</name>
         <load_address>0x24d2</load_address>
         <run_address>0x24d2</run_address>
         <size>0x6a</size>
         <input_file_ref idref="fl-c2"/>
      </object_component>
      <object_component id="oc-1b4">
         <name>.text</name>
         <load_address>0x253c</load_address>
         <run_address>0x253c</run_address>
         <size>0x64</size>
         <input_file_ref idref="fl-df"/>
      </object_component>
      <object_component id="oc-1a4">
         <name>.text</name>
         <load_address>0x25a0</load_address>
         <run_address>0x25a0</run_address>
         <size>0x56</size>
         <input_file_ref idref="fl-dd"/>
      </object_component>
      <object_component id="oc-24">
         <name>.text</name>
         <load_address>0x25f8</load_address>
         <run_address>0x25f8</run_address>
         <size>0x54</size>
         <input_file_ref idref="fl-c0"/>
      </object_component>
      <object_component id="oc-71">
         <name>.text</name>
         <load_address>0x264c</load_address>
         <run_address>0x264c</run_address>
         <size>0x54</size>
         <input_file_ref idref="fl-c4"/>
      </object_component>
      <object_component id="oc-1cc">
         <name>.text</name>
         <load_address>0x26a0</load_address>
         <run_address>0x26a0</run_address>
         <size>0x4c</size>
         <input_file_ref idref="fl-d5"/>
      </object_component>
      <object_component id="oc-9d">
         <name>.text</name>
         <load_address>0x26ec</load_address>
         <run_address>0x26ec</run_address>
         <size>0x4c</size>
         <input_file_ref idref="fl-d7"/>
      </object_component>
      <object_component id="oc-19f">
         <name>.text</name>
         <load_address>0x2738</load_address>
         <run_address>0x2738</run_address>
         <size>0x48</size>
         <input_file_ref idref="fl-db"/>
      </object_component>
      <object_component id="oc-e7">
         <name>.text</name>
         <load_address>0x2780</load_address>
         <run_address>0x2780</run_address>
         <size>0x38</size>
         <input_file_ref idref="fl-c8"/>
      </object_component>
      <object_component id="oc-f2">
         <name>.text:IntRegister</name>
         <load_address>0x27b8</load_address>
         <run_address>0x27b8</run_address>
         <size>0x34</size>
         <input_file_ref idref="fl-e7"/>
      </object_component>
      <object_component id="oc-1aa">
         <name>.text</name>
         <load_address>0x27ec</load_address>
         <run_address>0x27ec</run_address>
         <size>0x2e</size>
         <input_file_ref idref="fl-dc"/>
      </object_component>
      <object_component id="oc-d3">
         <name>.text</name>
         <load_address>0x281a</load_address>
         <run_address>0x281a</run_address>
         <size>0x20</size>
         <input_file_ref idref="fl-d0"/>
      </object_component>
      <object_component id="oc-1c6">
         <name>.text</name>
         <load_address>0x283a</load_address>
         <run_address>0x283a</run_address>
         <size>0x1c</size>
         <input_file_ref idref="fl-de"/>
      </object_component>
      <object_component id="oc-6b">
         <name>.text</name>
         <load_address>0x2858</load_address>
         <run_address>0x2858</run_address>
         <size>0x18</size>
         <input_file_ref idref="fl-d4"/>
      </object_component>
      <object_component id="oc-13d">
         <name>.text</name>
         <load_address>0x2870</load_address>
         <run_address>0x2870</run_address>
         <size>0x18</size>
         <input_file_ref idref="fl-ce"/>
      </object_component>
      <object_component id="oc-1c0">
         <name>.text</name>
         <load_address>0x2888</load_address>
         <run_address>0x2888</run_address>
         <size>0x16</size>
         <input_file_ref idref="fl-e2"/>
      </object_component>
      <object_component id="oc-112">
         <name>.text</name>
         <load_address>0x28a0</load_address>
         <run_address>0x28a0</run_address>
         <size>0x14</size>
         <input_file_ref idref="fl-d2"/>
      </object_component>
      <object_component id="oc-1f5">
         <name>.text</name>
         <load_address>0x28b4</load_address>
         <run_address>0x28b4</run_address>
         <size>0x14</size>
         <input_file_ref idref="fl-e6"/>
      </object_component>
      <object_component id="oc-143">
         <name>.text</name>
         <load_address>0x28c8</load_address>
         <run_address>0x28c8</run_address>
         <size>0x14</size>
         <input_file_ref idref="fl-cf"/>
      </object_component>
      <object_component id="oc-18f">
         <name>.text</name>
         <load_address>0x28dc</load_address>
         <run_address>0x28dc</run_address>
         <size>0x14</size>
         <input_file_ref idref="fl-e3"/>
      </object_component>
      <object_component id="oc-f8">
         <name>.text:IntMasterEnable</name>
         <load_address>0x28f0</load_address>
         <run_address>0x28f0</run_address>
         <size>0x10</size>
         <input_file_ref idref="fl-e7"/>
      </object_component>
      <object_component id="oc-130">
         <name>.text:lcd_clear</name>
         <load_address>0x2900</load_address>
         <run_address>0x2900</run_address>
         <size>0x10</size>
         <input_file_ref idref="fl-2"/>
      </object_component>
      <object_component id="oc-12">
         <name>.text:decompress:none</name>
         <load_address>0x2910</load_address>
         <run_address>0x2910</run_address>
         <size>0xe</size>
         <input_file_ref idref="fl-c1"/>
      </object_component>
      <object_component id="oc-158">
         <name>.text:CPUcpsie</name>
         <load_address>0x291e</load_address>
         <run_address>0x291e</run_address>
         <size>0xc</size>
         <input_file_ref idref="fl-e8"/>
      </object_component>
      <object_component id="oc-2b">
         <name>.text</name>
         <load_address>0x292a</load_address>
         <run_address>0x292a</run_address>
         <size>0xc</size>
         <input_file_ref idref="fl-5"/>
      </object_component>
      <object_component id="oc-18">
         <name>.text:decompress:rle24</name>
         <load_address>0x2936</load_address>
         <run_address>0x2936</run_address>
         <size>0x6</size>
         <input_file_ref idref="fl-c2"/>
      </object_component>
      <object_component id="oc-5f">
         <name>.text</name>
         <load_address>0x293c</load_address>
         <run_address>0x293c</run_address>
         <size>0x4</size>
         <input_file_ref idref="fl-cc"/>
      </object_component>
      <object_component id="oc-204">
         <name>.const:.string:_ctypes_</name>
         <load_address>0x2940</load_address>
         <run_address>0x2940</run_address>
         <size>0x101</size>
         <input_file_ref idref="fl-d8"/>
      </object_component>
      <object_component id="oc-149">
         <name>.const:.string:lineAddress$1</name>
         <load_address>0x2a41</load_address>
         <run_address>0x2a41</run_address>
         <size>0x4</size>
         <input_file_ref idref="fl-2"/>
      </object_component>
      <object_component id="oc-14a">
         <name>.const:.string:lineAddresses$2</name>
         <load_address>0x2a45</load_address>
         <run_address>0x2a45</run_address>
         <size>0x4</size>
         <input_file_ref idref="fl-2"/>
      </object_component>
      <object_component id="oc-248">
         <name>.cinit..data.load</name>
         <load_address>0x2a50</load_address>
         <run_address>0x2a50</run_address>
         <size>0x16</size>
      </object_component>
      <object_component id="oc-247">
         <name>.cinit..vtable.load</name>
         <load_address>0x2a68</load_address>
         <run_address>0x2a68</run_address>
         <size>0xb</size>
      </object_component>
      <object_component id="oc-249">
         <name>.cinit..bss.load</name>
         <load_address>0x2a78</load_address>
         <run_address>0x2a78</run_address>
         <size>0x9</size>
      </object_component>
      <object_component id="oc-245">
         <name>__TI_handler_table</name>
         <load_address>0x2a84</load_address>
         <run_address>0x2a84</run_address>
         <size>0x8</size>
      </object_component>
      <object_component id="oc-246">
         <name>__TI_cinit_table</name>
         <load_address>0x2a8c</load_address>
         <run_address>0x2a8c</run_address>
         <size>0x18</size>
      </object_component>
      <object_component id="oc-153">
         <name>.vtable</name>
         <uninitialized>true</uninitialized>
         <run_address>0x20000000</run_address>
         <size>0x26c</size>
         <input_file_ref idref="fl-e7"/>
      </object_component>
      <object_component id="oc-b3">
         <name>.data:$O1$$</name>
         <load_address>0x20000acc</load_address>
         <run_address>0x20000acc</run_address>
         <size>0xc</size>
         <input_file_ref idref="fl-c4"/>
      </object_component>
      <object_component id="oc-77">
         <name>.data</name>
         <load_address>0x20000ae4</load_address>
         <run_address>0x20000ae4</run_address>
         <size>0x4</size>
         <input_file_ref idref="fl-cd"/>
      </object_component>
      <object_component id="oc-b6">
         <name>.data:$O1$$</name>
         <load_address>0x20000ad8</load_address>
         <run_address>0x20000ad8</run_address>
         <size>0x8</size>
         <input_file_ref idref="fl-d2"/>
      </object_component>
      <object_component id="oc-1fb">
         <name>.data</name>
         <load_address>0x20000ae0</load_address>
         <run_address>0x20000ae0</run_address>
         <size>0x4</size>
         <input_file_ref idref="fl-e5"/>
      </object_component>
      <object_component id="oc-14b">
         <name>.bss:lastbuffer$3</name>
         <uninitialized>true</uninitialized>
         <run_address>0x20000a6c</run_address>
         <size>0x54</size>
         <input_file_ref idref="fl-2"/>
      </object_component>
      <object_component id="oc-fe">
         <name>.common:state</name>
         <uninitialized>true</uninitialized>
         <run_address>0x20000ac8</run_address>
         <size>0x1</size>
      </object_component>
      <object_component id="oc-101">
         <name>.common:rising_time</name>
         <uninitialized>true</uninitialized>
         <run_address>0x20000ac4</run_address>
         <size>0x4</size>
      </object_component>
      <object_component id="oc-102">
         <name>.common:falling_time</name>
         <uninitialized>true</uninitialized>
         <run_address>0x20000ac0</run_address>
         <size>0x4</size>
      </object_component>
      <object_component id="oc-2a">
         <name>.stack</name>
         <uninitialized>true</uninitialized>
         <run_address>0x2000026c</run_address>
         <size>0x0</size>
         <input_file_ref idref="fl-c0"/>
      </object_component>
      <object_component id="oc-24a">
         <name>.stack</name>
         <uninitialized>true</uninitialized>
         <run_address>0x2000026c</run_address>
         <size>0x0</size>
      </object_component>
      <object_component id="oc-14d">
         <name>.debug_info</name>
         <load_address>0x0</load_address>
         <run_address>0x0</run_address>
         <size>0x1c5</size>
         <input_file_ref idref="fl-2"/>
      </object_component>
      <object_component id="oc-131">
         <name>.debug_info</name>
         <load_address>0x1c5</load_address>
         <run_address>0x1c5</run_address>
         <size>0x110</size>
         <input_file_ref idref="fl-2"/>
      </object_component>
      <object_component id="oc-ee">
         <name>.debug_info</name>
         <load_address>0x2d5</load_address>
         <run_address>0x2d5</run_address>
         <size>0x831</size>
         <input_file_ref idref="fl-2"/>
      </object_component>
      <object_component id="oc-180">
         <name>.debug_info</name>
         <load_address>0xb06</load_address>
         <run_address>0xb06</run_address>
         <size>0xc8</size>
         <input_file_ref idref="fl-2"/>
      </object_component>
      <object_component id="oc-8b">
         <name>.debug_info</name>
         <load_address>0xbce</load_address>
         <run_address>0xbce</run_address>
         <size>0x84</size>
         <input_file_ref idref="fl-2"/>
      </object_component>
      <object_component id="oc-7e">
         <name>.debug_info</name>
         <load_address>0xc52</load_address>
         <run_address>0xc52</run_address>
         <size>0x18b</size>
         <input_file_ref idref="fl-2"/>
      </object_component>
      <object_component id="oc-14e">
         <name>.debug_info</name>
         <load_address>0xddd</load_address>
         <run_address>0xddd</run_address>
         <size>0x4e</size>
         <input_file_ref idref="fl-2"/>
      </object_component>
      <object_component id="oc-ff">
         <name>.debug_info</name>
         <load_address>0xe2b</load_address>
         <run_address>0xe2b</run_address>
         <size>0x239</size>
         <input_file_ref idref="fl-3"/>
      </object_component>
      <object_component id="oc-af">
         <name>.debug_info</name>
         <load_address>0x1064</load_address>
         <run_address>0x1064</run_address>
         <size>0x382</size>
         <input_file_ref idref="fl-3"/>
      </object_component>
      <object_component id="oc-161">
         <name>.debug_info</name>
         <load_address>0x13e6</load_address>
         <run_address>0x13e6</run_address>
         <size>0x44</size>
         <input_file_ref idref="fl-3"/>
      </object_component>
      <object_component id="oc-104">
         <name>.debug_info</name>
         <load_address>0x142a</load_address>
         <run_address>0x142a</run_address>
         <size>0x8b</size>
         <input_file_ref idref="fl-3"/>
      </object_component>
      <object_component id="oc-d0">
         <name>.debug_info</name>
         <load_address>0x14b5</load_address>
         <run_address>0x14b5</run_address>
         <size>0x3e0</size>
         <input_file_ref idref="fl-4"/>
      </object_component>
      <object_component id="oc-126">
         <name>.debug_info</name>
         <load_address>0x1895</load_address>
         <run_address>0x1895</run_address>
         <size>0x2c</size>
         <input_file_ref idref="fl-4"/>
      </object_component>
      <object_component id="oc-33">
         <name>.debug_info</name>
         <load_address>0x18c1</load_address>
         <run_address>0x18c1</run_address>
         <size>0xeb</size>
         <input_file_ref idref="fl-5"/>
      </object_component>
      <object_component id="oc-10">
         <name>.debug_info</name>
         <load_address>0x19ac</load_address>
         <run_address>0x19ac</run_address>
         <size>0xd6</size>
         <input_file_ref idref="fl-5"/>
      </object_component>
      <object_component id="oc-2d">
         <name>.debug_info</name>
         <load_address>0x1a82</load_address>
         <run_address>0x1a82</run_address>
         <size>0x252</size>
         <input_file_ref idref="fl-5"/>
      </object_component>
      <object_component id="oc-25">
         <name>.debug_info</name>
         <load_address>0x1cd4</load_address>
         <run_address>0x1cd4</run_address>
         <size>0x17c</size>
         <input_file_ref idref="fl-c0"/>
      </object_component>
      <object_component id="oc-3f">
         <name>.debug_info</name>
         <load_address>0x1e50</load_address>
         <run_address>0x1e50</run_address>
         <size>0x15c</size>
         <input_file_ref idref="fl-c1"/>
      </object_component>
      <object_component id="oc-14">
         <name>.debug_info</name>
         <load_address>0x1fac</load_address>
         <run_address>0x1fac</run_address>
         <size>0x1fb</size>
         <input_file_ref idref="fl-c1"/>
      </object_component>
      <object_component id="oc-3a">
         <name>.debug_info</name>
         <load_address>0x21a7</load_address>
         <run_address>0x21a7</run_address>
         <size>0x46</size>
         <input_file_ref idref="fl-c1"/>
      </object_component>
      <object_component id="oc-84">
         <name>.debug_info</name>
         <load_address>0x21ed</load_address>
         <run_address>0x21ed</run_address>
         <size>0x2c</size>
         <input_file_ref idref="fl-c1"/>
      </object_component>
      <object_component id="oc-47">
         <name>.debug_info</name>
         <load_address>0x2219</load_address>
         <run_address>0x2219</run_address>
         <size>0x150</size>
         <input_file_ref idref="fl-c2"/>
      </object_component>
      <object_component id="oc-42">
         <name>.debug_info</name>
         <load_address>0x2369</load_address>
         <run_address>0x2369</run_address>
         <size>0x263</size>
         <input_file_ref idref="fl-c2"/>
      </object_component>
      <object_component id="oc-1a">
         <name>.debug_info</name>
         <load_address>0x25cc</load_address>
         <run_address>0x25cc</run_address>
         <size>0x1cd</size>
         <input_file_ref idref="fl-c2"/>
      </object_component>
      <object_component id="oc-48">
         <name>.debug_info</name>
         <load_address>0x2799</load_address>
         <run_address>0x2799</run_address>
         <size>0x39</size>
         <input_file_ref idref="fl-c2"/>
      </object_component>
      <object_component id="oc-93">
         <name>.debug_info</name>
         <load_address>0x27d2</load_address>
         <run_address>0x27d2</run_address>
         <size>0x2c</size>
         <input_file_ref idref="fl-c2"/>
      </object_component>
      <object_component id="oc-ba">
         <name>.debug_info</name>
         <load_address>0x27fe</load_address>
         <run_address>0x27fe</run_address>
         <size>0x250</size>
         <input_file_ref idref="fl-c4"/>
      </object_component>
      <object_component id="oc-b4">
         <name>.debug_info</name>
         <load_address>0x2a4e</load_address>
         <run_address>0x2a4e</run_address>
         <size>0x1a1</size>
         <input_file_ref idref="fl-c4"/>
      </object_component>
      <object_component id="oc-72">
         <name>.debug_info</name>
         <load_address>0x2bef</load_address>
         <run_address>0x2bef</run_address>
         <size>0x230</size>
         <input_file_ref idref="fl-c4"/>
      </object_component>
      <object_component id="oc-d9">
         <name>.debug_info</name>
         <load_address>0x2e1f</load_address>
         <run_address>0x2e1f</run_address>
         <size>0x14e</size>
         <input_file_ref idref="fl-c5"/>
      </object_component>
      <object_component id="oc-e3">
         <name>.debug_info</name>
         <load_address>0x2f6d</load_address>
         <run_address>0x2f6d</run_address>
         <size>0x14e</size>
         <input_file_ref idref="fl-c6"/>
      </object_component>
      <object_component id="oc-de">
         <name>.debug_info</name>
         <load_address>0x30bb</load_address>
         <run_address>0x30bb</run_address>
         <size>0x152</size>
         <input_file_ref idref="fl-c7"/>
      </object_component>
      <object_component id="oc-e8">
         <name>.debug_info</name>
         <load_address>0x320d</load_address>
         <run_address>0x320d</run_address>
         <size>0x140</size>
         <input_file_ref idref="fl-c8"/>
      </object_component>
      <object_component id="oc-37">
         <name>.debug_info</name>
         <load_address>0x334d</load_address>
         <run_address>0x334d</run_address>
         <size>0x12d</size>
         <input_file_ref idref="fl-c9"/>
      </object_component>
      <object_component id="oc-4f">
         <name>.debug_info</name>
         <load_address>0x347a</load_address>
         <run_address>0x347a</run_address>
         <size>0x15b</size>
         <input_file_ref idref="fl-ca"/>
      </object_component>
      <object_component id="oc-5a">
         <name>.debug_info</name>
         <load_address>0x35d5</load_address>
         <run_address>0x35d5</run_address>
         <size>0x154</size>
         <input_file_ref idref="fl-cb"/>
      </object_component>
      <object_component id="oc-60">
         <name>.debug_info</name>
         <load_address>0x3729</load_address>
         <run_address>0x3729</run_address>
         <size>0x164</size>
         <input_file_ref idref="fl-cc"/>
      </object_component>
      <object_component id="oc-78">
         <name>.debug_info</name>
         <load_address>0x388d</load_address>
         <run_address>0x388d</run_address>
         <size>0x125</size>
         <input_file_ref idref="fl-cd"/>
      </object_component>
      <object_component id="oc-17b">
         <name>.debug_info</name>
         <load_address>0x39b2</load_address>
         <run_address>0x39b2</run_address>
         <size>0x101</size>
         <input_file_ref idref="fl-ce"/>
      </object_component>
      <object_component id="oc-13e">
         <name>.debug_info</name>
         <load_address>0x3ab3</load_address>
         <run_address>0x3ab3</run_address>
         <size>0x2aa</size>
         <input_file_ref idref="fl-ce"/>
      </object_component>
      <object_component id="oc-17d">
         <name>.debug_info</name>
         <load_address>0x3d5d</load_address>
         <run_address>0x3d5d</run_address>
         <size>0x10c</size>
         <input_file_ref idref="fl-cf"/>
      </object_component>
      <object_component id="oc-144">
         <name>.debug_info</name>
         <load_address>0x3e69</load_address>
         <run_address>0x3e69</run_address>
         <size>0x283</size>
         <input_file_ref idref="fl-cf"/>
      </object_component>
      <object_component id="oc-d5">
         <name>.debug_info</name>
         <load_address>0x40ec</load_address>
         <run_address>0x40ec</run_address>
         <size>0x142</size>
         <input_file_ref idref="fl-d0"/>
      </object_component>
      <object_component id="oc-16f">
         <name>.debug_info</name>
         <load_address>0x422e</load_address>
         <run_address>0x422e</run_address>
         <size>0x1e4</size>
         <input_file_ref idref="fl-d1"/>
      </object_component>
      <object_component id="oc-139">
         <name>.debug_info</name>
         <load_address>0x4412</load_address>
         <run_address>0x4412</run_address>
         <size>0x378</size>
         <input_file_ref idref="fl-d1"/>
      </object_component>
      <object_component id="oc-170">
         <name>.debug_info</name>
         <load_address>0x478a</load_address>
         <run_address>0x478a</run_address>
         <size>0x2c</size>
         <input_file_ref idref="fl-d1"/>
      </object_component>
      <object_component id="oc-175">
         <name>.debug_info</name>
         <load_address>0x47b6</load_address>
         <run_address>0x47b6</run_address>
         <size>0x69</size>
         <input_file_ref idref="fl-d1"/>
      </object_component>
      <object_component id="oc-11a">
         <name>.debug_info</name>
         <load_address>0x481f</load_address>
         <run_address>0x481f</run_address>
         <size>0x140</size>
         <input_file_ref idref="fl-d2"/>
      </object_component>
      <object_component id="oc-b7">
         <name>.debug_info</name>
         <load_address>0x495f</load_address>
         <run_address>0x495f</run_address>
         <size>0x12f</size>
         <input_file_ref idref="fl-d2"/>
      </object_component>
      <object_component id="oc-113">
         <name>.debug_info</name>
         <load_address>0x4a8e</load_address>
         <run_address>0x4a8e</run_address>
         <size>0x23b</size>
         <input_file_ref idref="fl-d2"/>
      </object_component>
      <object_component id="oc-1d3">
         <name>.debug_info</name>
         <load_address>0x4cc9</load_address>
         <run_address>0x4cc9</run_address>
         <size>0x3ac</size>
         <input_file_ref idref="fl-d3"/>
      </object_component>
      <object_component id="oc-16a">
         <name>.debug_info</name>
         <load_address>0x5075</load_address>
         <run_address>0x5075</run_address>
         <size>0x180c</size>
         <input_file_ref idref="fl-d3"/>
      </object_component>
      <object_component id="oc-1d4">
         <name>.debug_info</name>
         <load_address>0x6881</load_address>
         <run_address>0x6881</run_address>
         <size>0x86</size>
         <input_file_ref idref="fl-d3"/>
      </object_component>
      <object_component id="oc-20b">
         <name>.debug_info</name>
         <load_address>0x6907</load_address>
         <run_address>0x6907</run_address>
         <size>0x46</size>
         <input_file_ref idref="fl-d3"/>
      </object_component>
      <object_component id="oc-1d9">
         <name>.debug_info</name>
         <load_address>0x694d</load_address>
         <run_address>0x694d</run_address>
         <size>0x39</size>
         <input_file_ref idref="fl-d3"/>
      </object_component>
      <object_component id="oc-b2">
         <name>.debug_info</name>
         <load_address>0x6986</load_address>
         <run_address>0x6986</run_address>
         <size>0x182</size>
         <input_file_ref idref="fl-d4"/>
      </object_component>
      <object_component id="oc-6d">
         <name>.debug_info</name>
         <load_address>0x6b08</load_address>
         <run_address>0x6b08</run_address>
         <size>0x183</size>
         <input_file_ref idref="fl-d4"/>
      </object_component>
      <object_component id="oc-10b">
         <name>.debug_info</name>
         <load_address>0x6c8b</load_address>
         <run_address>0x6c8b</run_address>
         <size>0x5e</size>
         <input_file_ref idref="fl-d4"/>
      </object_component>
      <object_component id="oc-208">
         <name>.debug_info</name>
         <load_address>0x6ce9</load_address>
         <run_address>0x6ce9</run_address>
         <size>0x130</size>
         <input_file_ref idref="fl-d5"/>
      </object_component>
      <object_component id="oc-1cd">
         <name>.debug_info</name>
         <load_address>0x6e19</load_address>
         <run_address>0x6e19</run_address>
         <size>0x18d</size>
         <input_file_ref idref="fl-d5"/>
      </object_component>
      <object_component id="oc-aa">
         <name>.debug_info</name>
         <load_address>0x6fa6</load_address>
         <run_address>0x6fa6</run_address>
         <size>0x305</size>
         <input_file_ref idref="fl-d6"/>
      </object_component>
      <object_component id="oc-67">
         <name>.debug_info</name>
         <load_address>0x72ab</load_address>
         <run_address>0x72ab</run_address>
         <size>0x1ac</size>
         <input_file_ref idref="fl-d6"/>
      </object_component>
      <object_component id="oc-c3">
         <name>.debug_info</name>
         <load_address>0x7457</load_address>
         <run_address>0x7457</run_address>
         <size>0x39</size>
         <input_file_ref idref="fl-d6"/>
      </object_component>
      <object_component id="oc-c8">
         <name>.debug_info</name>
         <load_address>0x7490</load_address>
         <run_address>0x7490</run_address>
         <size>0xcd</size>
         <input_file_ref idref="fl-d6"/>
      </object_component>
      <object_component id="oc-bf">
         <name>.debug_info</name>
         <load_address>0x755d</load_address>
         <run_address>0x755d</run_address>
         <size>0x1fc</size>
         <input_file_ref idref="fl-d7"/>
      </object_component>
      <object_component id="oc-a1">
         <name>.debug_info</name>
         <load_address>0x7759</load_address>
         <run_address>0x7759</run_address>
         <size>0x19f</size>
         <input_file_ref idref="fl-d7"/>
      </object_component>
      <object_component id="oc-120">
         <name>.debug_info</name>
         <load_address>0x78f8</load_address>
         <run_address>0x78f8</run_address>
         <size>0x2c</size>
         <input_file_ref idref="fl-d7"/>
      </object_component>
      <object_component id="oc-221">
         <name>.debug_info</name>
         <load_address>0x7924</load_address>
         <run_address>0x7924</run_address>
         <size>0x10a</size>
         <input_file_ref idref="fl-d8"/>
      </object_component>
      <object_component id="oc-205">
         <name>.debug_info</name>
         <load_address>0x7a2e</load_address>
         <run_address>0x7a2e</run_address>
         <size>0x116</size>
         <input_file_ref idref="fl-d8"/>
      </object_component>
      <object_component id="oc-1b0">
         <name>.debug_info</name>
         <load_address>0x7b44</load_address>
         <run_address>0x7b44</run_address>
         <size>0x160</size>
         <input_file_ref idref="fl-d9"/>
      </object_component>
      <object_component id="oc-198">
         <name>.debug_info</name>
         <load_address>0x7ca4</load_address>
         <run_address>0x7ca4</run_address>
         <size>0x13c</size>
         <input_file_ref idref="fl-da"/>
      </object_component>
      <object_component id="oc-19d">
         <name>.debug_info</name>
         <load_address>0x7de0</load_address>
         <run_address>0x7de0</run_address>
         <size>0x13e</size>
         <input_file_ref idref="fl-da"/>
      </object_component>
      <object_component id="oc-1a0">
         <name>.debug_info</name>
         <load_address>0x7f1e</load_address>
         <run_address>0x7f1e</run_address>
         <size>0x142</size>
         <input_file_ref idref="fl-db"/>
      </object_component>
      <object_component id="oc-1ab">
         <name>.debug_info</name>
         <load_address>0x8060</load_address>
         <run_address>0x8060</run_address>
         <size>0x140</size>
         <input_file_ref idref="fl-dc"/>
      </object_component>
      <object_component id="oc-1eb">
         <name>.debug_info</name>
         <load_address>0x81a0</load_address>
         <run_address>0x81a0</run_address>
         <size>0x168</size>
         <input_file_ref idref="fl-dd"/>
      </object_component>
      <object_component id="oc-1a6">
         <name>.debug_info</name>
         <load_address>0x8308</load_address>
         <run_address>0x8308</run_address>
         <size>0x1de</size>
         <input_file_ref idref="fl-dd"/>
      </object_component>
      <object_component id="oc-203">
         <name>.debug_info</name>
         <load_address>0x84e6</load_address>
         <run_address>0x84e6</run_address>
         <size>0x10d</size>
         <input_file_ref idref="fl-de"/>
      </object_component>
      <object_component id="oc-1c7">
         <name>.debug_info</name>
         <load_address>0x85f3</load_address>
         <run_address>0x85f3</run_address>
         <size>0x1c7</size>
         <input_file_ref idref="fl-de"/>
      </object_component>
      <object_component id="oc-1ef">
         <name>.debug_info</name>
         <load_address>0x87ba</load_address>
         <run_address>0x87ba</run_address>
         <size>0x15b</size>
         <input_file_ref idref="fl-df"/>
      </object_component>
      <object_component id="oc-1b8">
         <name>.debug_info</name>
         <load_address>0x8915</load_address>
         <run_address>0x8915</run_address>
         <size>0x1a6</size>
         <input_file_ref idref="fl-df"/>
      </object_component>
      <object_component id="oc-1f0">
         <name>.debug_info</name>
         <load_address>0x8abb</load_address>
         <run_address>0x8abb</run_address>
         <size>0x2c</size>
         <input_file_ref idref="fl-df"/>
      </object_component>
      <object_component id="oc-1ff">
         <name>.debug_info</name>
         <load_address>0x8ae7</load_address>
         <run_address>0x8ae7</run_address>
         <size>0x198</size>
         <input_file_ref idref="fl-e0"/>
      </object_component>
      <object_component id="oc-1bc">
         <name>.debug_info</name>
         <load_address>0x8c7f</load_address>
         <run_address>0x8c7f</run_address>
         <size>0x1f1</size>
         <input_file_ref idref="fl-e0"/>
      </object_component>
      <object_component id="oc-a4">
         <name>.debug_info</name>
         <load_address>0x8e70</load_address>
         <run_address>0x8e70</run_address>
         <size>0x161</size>
         <input_file_ref idref="fl-e1"/>
      </object_component>
      <object_component id="oc-201">
         <name>.debug_info</name>
         <load_address>0x8fd1</load_address>
         <run_address>0x8fd1</run_address>
         <size>0x111</size>
         <input_file_ref idref="fl-e2"/>
      </object_component>
      <object_component id="oc-1c3">
         <name>.debug_info</name>
         <load_address>0x90e2</load_address>
         <run_address>0x90e2</run_address>
         <size>0x296</size>
         <input_file_ref idref="fl-e2"/>
      </object_component>
      <object_component id="oc-1e6">
         <name>.debug_info</name>
         <load_address>0x9378</load_address>
         <run_address>0x9378</run_address>
         <size>0x106</size>
         <input_file_ref idref="fl-e3"/>
      </object_component>
      <object_component id="oc-192">
         <name>.debug_info</name>
         <load_address>0x947e</load_address>
         <run_address>0x947e</run_address>
         <size>0x27c</size>
         <input_file_ref idref="fl-e3"/>
      </object_component>
      <object_component id="oc-18b">
         <name>.debug_info</name>
         <load_address>0x96fa</load_address>
         <run_address>0x96fa</run_address>
         <size>0x199</size>
         <input_file_ref idref="fl-e4"/>
      </object_component>
      <object_component id="oc-1fc">
         <name>.debug_info</name>
         <load_address>0x9893</load_address>
         <run_address>0x9893</run_address>
         <size>0x10f</size>
         <input_file_ref idref="fl-e5"/>
      </object_component>
      <object_component id="oc-1f9">
         <name>.debug_info</name>
         <load_address>0x99a2</load_address>
         <run_address>0x99a2</run_address>
         <size>0x172</size>
         <input_file_ref idref="fl-e6"/>
      </object_component>
      <object_component id="oc-157">
         <name>.debug_info</name>
         <load_address>0x9b14</load_address>
         <run_address>0x9b14</run_address>
         <size>0x20e</size>
         <input_file_ref idref="fl-e7"/>
      </object_component>
      <object_component id="oc-154">
         <name>.debug_info</name>
         <load_address>0x9d22</load_address>
         <run_address>0x9d22</run_address>
         <size>0x157</size>
         <input_file_ref idref="fl-e7"/>
      </object_component>
      <object_component id="oc-f4">
         <name>.debug_info</name>
         <load_address>0x9e79</load_address>
         <run_address>0x9e79</run_address>
         <size>0x2c1</size>
         <input_file_ref idref="fl-e7"/>
      </object_component>
      <object_component id="oc-f9">
         <name>.debug_info</name>
         <load_address>0xa13a</load_address>
         <run_address>0xa13a</run_address>
         <size>0x23e</size>
         <input_file_ref idref="fl-e7"/>
      </object_component>
      <object_component id="oc-15a">
         <name>.debug_info</name>
         <load_address>0xa378</load_address>
         <run_address>0xa378</run_address>
         <size>0x212</size>
         <input_file_ref idref="fl-e8"/>
      </object_component>
      <object_component id="oc-24b">
         <name>.debug_info</name>
         <load_address>0xa58a</load_address>
         <run_address>0xa58a</run_address>
         <size>0x8c</size>
      </object_component>
      <object_component id="oc-17f">
         <name>.debug_line</name>
         <load_address>0x0</load_address>
         <run_address>0x0</run_address>
         <size>0xb9</size>
         <input_file_ref idref="fl-2"/>
      </object_component>
      <object_component id="oc-134">
         <name>.debug_line</name>
         <load_address>0xb9</load_address>
         <run_address>0xb9</run_address>
         <size>0x45</size>
         <input_file_ref idref="fl-2"/>
      </object_component>
      <object_component id="oc-f1">
         <name>.debug_line</name>
         <load_address>0xfe</load_address>
         <run_address>0xfe</run_address>
         <size>0x192</size>
         <input_file_ref idref="fl-2"/>
      </object_component>
      <object_component id="oc-183">
         <name>.debug_line</name>
         <load_address>0x290</load_address>
         <run_address>0x290</run_address>
         <size>0x65</size>
         <input_file_ref idref="fl-2"/>
      </object_component>
      <object_component id="oc-8e">
         <name>.debug_line</name>
         <load_address>0x2f5</load_address>
         <run_address>0x2f5</run_address>
         <size>0x20</size>
         <input_file_ref idref="fl-2"/>
      </object_component>
      <object_component id="oc-81">
         <name>.debug_line</name>
         <load_address>0x315</load_address>
         <run_address>0x315</run_address>
         <size>0x66</size>
         <input_file_ref idref="fl-2"/>
      </object_component>
      <object_component id="oc-151">
         <name>.debug_line</name>
         <load_address>0x37b</load_address>
         <run_address>0x37b</run_address>
         <size>0x66</size>
         <input_file_ref idref="fl-2"/>
      </object_component>
      <object_component id="oc-160">
         <name>.debug_line</name>
         <load_address>0x3e1</load_address>
         <run_address>0x3e1</run_address>
         <size>0x82</size>
         <input_file_ref idref="fl-3"/>
      </object_component>
      <object_component id="oc-ac">
         <name>.debug_line</name>
         <load_address>0x463</load_address>
         <run_address>0x463</run_address>
         <size>0xf1</size>
         <input_file_ref idref="fl-3"/>
      </object_component>
      <object_component id="oc-163">
         <name>.debug_line</name>
         <load_address>0x554</load_address>
         <run_address>0x554</run_address>
         <size>0x2d</size>
         <input_file_ref idref="fl-3"/>
      </object_component>
      <object_component id="oc-107">
         <name>.debug_line</name>
         <load_address>0x581</load_address>
         <run_address>0x581</run_address>
         <size>0x20</size>
         <input_file_ref idref="fl-3"/>
      </object_component>
      <object_component id="oc-ce">
         <name>.debug_line</name>
         <load_address>0x5a1</load_address>
         <run_address>0x5a1</run_address>
         <size>0x110</size>
         <input_file_ref idref="fl-4"/>
      </object_component>
      <object_component id="oc-129">
         <name>.debug_line</name>
         <load_address>0x6b1</load_address>
         <run_address>0x6b1</run_address>
         <size>0x2e</size>
         <input_file_ref idref="fl-4"/>
      </object_component>
      <object_component id="oc-7d">
         <name>.debug_line</name>
         <load_address>0x6df</load_address>
         <run_address>0x6df</run_address>
         <size>0x41</size>
         <input_file_ref idref="fl-5"/>
      </object_component>
      <object_component id="oc-32">
         <name>.debug_line</name>
         <load_address>0x720</load_address>
         <run_address>0x720</run_address>
         <size>0x41</size>
         <input_file_ref idref="fl-5"/>
      </object_component>
      <object_component id="oc-2c">
         <name>.debug_line</name>
         <load_address>0x761</load_address>
         <run_address>0x761</run_address>
         <size>0xa1</size>
         <input_file_ref idref="fl-5"/>
      </object_component>
      <object_component id="oc-28">
         <name>.debug_line</name>
         <load_address>0x802</load_address>
         <run_address>0x802</run_address>
         <size>0x53</size>
         <input_file_ref idref="fl-c0"/>
      </object_component>
      <object_component id="oc-8a">
         <name>.debug_line</name>
         <load_address>0x855</load_address>
         <run_address>0x855</run_address>
         <size>0xa5</size>
         <input_file_ref idref="fl-c1"/>
      </object_component>
      <object_component id="oc-13">
         <name>.debug_line</name>
         <load_address>0x8fa</load_address>
         <run_address>0x8fa</run_address>
         <size>0x55</size>
         <input_file_ref idref="fl-c1"/>
      </object_component>
      <object_component id="oc-3d">
         <name>.debug_line</name>
         <load_address>0x94f</load_address>
         <run_address>0x94f</run_address>
         <size>0x3a</size>
         <input_file_ref idref="fl-c1"/>
      </object_component>
      <object_component id="oc-87">
         <name>.debug_line</name>
         <load_address>0x989</load_address>
         <run_address>0x989</run_address>
         <size>0xa5</size>
         <input_file_ref idref="fl-c1"/>
      </object_component>
      <object_component id="oc-92">
         <name>.debug_line</name>
         <load_address>0xa2e</load_address>
         <run_address>0xa2e</run_address>
         <size>0xa5</size>
         <input_file_ref idref="fl-c2"/>
      </object_component>
      <object_component id="oc-45">
         <name>.debug_line</name>
         <load_address>0xad3</load_address>
         <run_address>0xad3</run_address>
         <size>0x98</size>
         <input_file_ref idref="fl-c2"/>
      </object_component>
      <object_component id="oc-1d">
         <name>.debug_line</name>
         <load_address>0xb6b</load_address>
         <run_address>0xb6b</run_address>
         <size>0x4b</size>
         <input_file_ref idref="fl-c2"/>
      </object_component>
      <object_component id="oc-4b">
         <name>.debug_line</name>
         <load_address>0xbb6</load_address>
         <run_address>0xbb6</run_address>
         <size>0x39</size>
         <input_file_ref idref="fl-c2"/>
      </object_component>
      <object_component id="oc-96">
         <name>.debug_line</name>
         <load_address>0xbef</load_address>
         <run_address>0xbef</run_address>
         <size>0xa5</size>
         <input_file_ref idref="fl-c2"/>
      </object_component>
      <object_component id="oc-11d">
         <name>.debug_line</name>
         <load_address>0xc94</load_address>
         <run_address>0xc94</run_address>
         <size>0x128</size>
         <input_file_ref idref="fl-c4"/>
      </object_component>
      <object_component id="oc-111">
         <name>.debug_line</name>
         <load_address>0xdbc</load_address>
         <run_address>0xdbc</run_address>
         <size>0x2a</size>
         <input_file_ref idref="fl-c4"/>
      </object_component>
      <object_component id="oc-75">
         <name>.debug_line</name>
         <load_address>0xde6</load_address>
         <run_address>0xde6</run_address>
         <size>0x86</size>
         <input_file_ref idref="fl-c4"/>
      </object_component>
      <object_component id="oc-dc">
         <name>.debug_line</name>
         <load_address>0xe6c</load_address>
         <run_address>0xe6c</run_address>
         <size>0xa8</size>
         <input_file_ref idref="fl-c5"/>
      </object_component>
      <object_component id="oc-e6">
         <name>.debug_line</name>
         <load_address>0xf14</load_address>
         <run_address>0xf14</run_address>
         <size>0x8e</size>
         <input_file_ref idref="fl-c6"/>
      </object_component>
      <object_component id="oc-e1">
         <name>.debug_line</name>
         <load_address>0xfa2</load_address>
         <run_address>0xfa2</run_address>
         <size>0x67</size>
         <input_file_ref idref="fl-c7"/>
      </object_component>
      <object_component id="oc-eb">
         <name>.debug_line</name>
         <load_address>0x1009</load_address>
         <run_address>0x1009</run_address>
         <size>0x57</size>
         <input_file_ref idref="fl-c8"/>
      </object_component>
      <object_component id="oc-35">
         <name>.debug_line</name>
         <load_address>0x1060</load_address>
         <run_address>0x1060</run_address>
         <size>0x88</size>
         <input_file_ref idref="fl-c9"/>
      </object_component>
      <object_component id="oc-51">
         <name>.debug_line</name>
         <load_address>0x10e8</load_address>
         <run_address>0x10e8</run_address>
         <size>0x79</size>
         <input_file_ref idref="fl-ca"/>
      </object_component>
      <object_component id="oc-5e">
         <name>.debug_line</name>
         <load_address>0x1161</load_address>
         <run_address>0x1161</run_address>
         <size>0x3d</size>
         <input_file_ref idref="fl-cb"/>
      </object_component>
      <object_component id="oc-63">
         <name>.debug_line</name>
         <load_address>0x119e</load_address>
         <run_address>0x119e</run_address>
         <size>0x40</size>
         <input_file_ref idref="fl-cc"/>
      </object_component>
      <object_component id="oc-bd">
         <name>.debug_line</name>
         <load_address>0x11de</load_address>
         <run_address>0x11de</run_address>
         <size>0x33</size>
         <input_file_ref idref="fl-cd"/>
      </object_component>
      <object_component id="oc-1e1">
         <name>.debug_line</name>
         <load_address>0x1211</load_address>
         <run_address>0x1211</run_address>
         <size>0x20</size>
         <input_file_ref idref="fl-ce"/>
      </object_component>
      <object_component id="oc-141">
         <name>.debug_line</name>
         <load_address>0x1231</load_address>
         <run_address>0x1231</run_address>
         <size>0xc0</size>
         <input_file_ref idref="fl-ce"/>
      </object_component>
      <object_component id="oc-1e3">
         <name>.debug_line</name>
         <load_address>0x12f1</load_address>
         <run_address>0x12f1</run_address>
         <size>0x20</size>
         <input_file_ref idref="fl-cf"/>
      </object_component>
      <object_component id="oc-147">
         <name>.debug_line</name>
         <load_address>0x1311</load_address>
         <run_address>0x1311</run_address>
         <size>0xbb</size>
         <input_file_ref idref="fl-cf"/>
      </object_component>
      <object_component id="oc-d7">
         <name>.debug_line</name>
         <load_address>0x13cc</load_address>
         <run_address>0x13cc</run_address>
         <size>0x4c</size>
         <input_file_ref idref="fl-d0"/>
      </object_component>
      <object_component id="oc-1df">
         <name>.debug_line</name>
         <load_address>0x1418</load_address>
         <run_address>0x1418</run_address>
         <size>0xb4</size>
         <input_file_ref idref="fl-d1"/>
      </object_component>
      <object_component id="oc-13c">
         <name>.debug_line</name>
         <load_address>0x14cc</load_address>
         <run_address>0x14cc</run_address>
         <size>0x9f</size>
         <input_file_ref idref="fl-d1"/>
      </object_component>
      <object_component id="oc-173">
         <name>.debug_line</name>
         <load_address>0x156b</load_address>
         <run_address>0x156b</run_address>
         <size>0xa4</size>
         <input_file_ref idref="fl-d1"/>
      </object_component>
      <object_component id="oc-178">
         <name>.debug_line</name>
         <load_address>0x160f</load_address>
         <run_address>0x160f</run_address>
         <size>0x2f</size>
         <input_file_ref idref="fl-d1"/>
      </object_component>
      <object_component id="oc-167">
         <name>.debug_line</name>
         <load_address>0x163e</load_address>
         <run_address>0x163e</run_address>
         <size>0x20</size>
         <input_file_ref idref="fl-d2"/>
      </object_component>
      <object_component id="oc-119">
         <name>.debug_line</name>
         <load_address>0x165e</load_address>
         <run_address>0x165e</run_address>
         <size>0x2b</size>
         <input_file_ref idref="fl-d2"/>
      </object_component>
      <object_component id="oc-117">
         <name>.debug_line</name>
         <load_address>0x1689</load_address>
         <run_address>0x1689</run_address>
         <size>0x68</size>
         <input_file_ref idref="fl-d2"/>
      </object_component>
      <object_component id="oc-20a">
         <name>.debug_line</name>
         <load_address>0x16f1</load_address>
         <run_address>0x16f1</run_address>
         <size>0x1bb</size>
         <input_file_ref idref="fl-d3"/>
      </object_component>
      <object_component id="oc-169">
         <name>.debug_line</name>
         <load_address>0x18ac</load_address>
         <run_address>0x18ac</run_address>
         <size>0xc54</size>
         <input_file_ref idref="fl-d3"/>
      </object_component>
      <object_component id="oc-1d7">
         <name>.debug_line</name>
         <load_address>0x2500</load_address>
         <run_address>0x2500</run_address>
         <size>0xa5</size>
         <input_file_ref idref="fl-d3"/>
      </object_component>
      <object_component id="oc-20e">
         <name>.debug_line</name>
         <load_address>0x25a5</load_address>
         <run_address>0x25a5</run_address>
         <size>0xa5</size>
         <input_file_ref idref="fl-d3"/>
      </object_component>
      <object_component id="oc-1dc">
         <name>.debug_line</name>
         <load_address>0x264a</load_address>
         <run_address>0x264a</run_address>
         <size>0x2e</size>
         <input_file_ref idref="fl-d3"/>
      </object_component>
      <object_component id="oc-10a">
         <name>.debug_line</name>
         <load_address>0x2678</load_address>
         <run_address>0x2678</run_address>
         <size>0x2b</size>
         <input_file_ref idref="fl-d4"/>
      </object_component>
      <object_component id="oc-6c">
         <name>.debug_line</name>
         <load_address>0x26a3</load_address>
         <run_address>0x26a3</run_address>
         <size>0x50</size>
         <input_file_ref idref="fl-d4"/>
      </object_component>
      <object_component id="oc-10e">
         <name>.debug_line</name>
         <load_address>0x26f3</load_address>
         <run_address>0x26f3</run_address>
         <size>0x2b</size>
         <input_file_ref idref="fl-d4"/>
      </object_component>
      <object_component id="oc-223">
         <name>.debug_line</name>
         <load_address>0x271e</load_address>
         <run_address>0x271e</run_address>
         <size>0xa4</size>
         <input_file_ref idref="fl-d5"/>
      </object_component>
      <object_component id="oc-1d0">
         <name>.debug_line</name>
         <load_address>0x27c2</load_address>
         <run_address>0x27c2</run_address>
         <size>0x63</size>
         <input_file_ref idref="fl-d5"/>
      </object_component>
      <object_component id="oc-c2">
         <name>.debug_line</name>
         <load_address>0x2825</load_address>
         <run_address>0x2825</run_address>
         <size>0xc4</size>
         <input_file_ref idref="fl-d6"/>
      </object_component>
      <object_component id="oc-66">
         <name>.debug_line</name>
         <load_address>0x28e9</load_address>
         <run_address>0x28e9</run_address>
         <size>0x8b</size>
         <input_file_ref idref="fl-d6"/>
      </object_component>
      <object_component id="oc-c6">
         <name>.debug_line</name>
         <load_address>0x2974</load_address>
         <run_address>0x2974</run_address>
         <size>0x2e</size>
         <input_file_ref idref="fl-d6"/>
      </object_component>
      <object_component id="oc-cb">
         <name>.debug_line</name>
         <load_address>0x29a2</load_address>
         <run_address>0x29a2</run_address>
         <size>0xa6</size>
         <input_file_ref idref="fl-d6"/>
      </object_component>
      <object_component id="oc-11f">
         <name>.debug_line</name>
         <load_address>0x2a48</load_address>
         <run_address>0x2a48</run_address>
         <size>0xb3</size>
         <input_file_ref idref="fl-d7"/>
      </object_component>
      <object_component id="oc-9f">
         <name>.debug_line</name>
         <load_address>0x2afb</load_address>
         <run_address>0x2afb</run_address>
         <size>0x68</size>
         <input_file_ref idref="fl-d7"/>
      </object_component>
      <object_component id="oc-123">
         <name>.debug_line</name>
         <load_address>0x2b63</load_address>
         <run_address>0x2b63</run_address>
         <size>0x2e</size>
         <input_file_ref idref="fl-d7"/>
      </object_component>
      <object_component id="oc-225">
         <name>.debug_line</name>
         <load_address>0x2b91</load_address>
         <run_address>0x2b91</run_address>
         <size>0x20</size>
         <input_file_ref idref="fl-d8"/>
      </object_component>
      <object_component id="oc-220">
         <name>.debug_line</name>
         <load_address>0x2bb1</load_address>
         <run_address>0x2bb1</run_address>
         <size>0x2b</size>
         <input_file_ref idref="fl-d8"/>
      </object_component>
      <object_component id="oc-1b3">
         <name>.debug_line</name>
         <load_address>0x2bdc</load_address>
         <run_address>0x2bdc</run_address>
         <size>0xd2</size>
         <input_file_ref idref="fl-d9"/>
      </object_component>
      <object_component id="oc-196">
         <name>.debug_line</name>
         <load_address>0x2cae</load_address>
         <run_address>0x2cae</run_address>
         <size>0x77</size>
         <input_file_ref idref="fl-da"/>
      </object_component>
      <object_component id="oc-19b">
         <name>.debug_line</name>
         <load_address>0x2d25</load_address>
         <run_address>0x2d25</run_address>
         <size>0x77</size>
         <input_file_ref idref="fl-da"/>
      </object_component>
      <object_component id="oc-1a3">
         <name>.debug_line</name>
         <load_address>0x2d9c</load_address>
         <run_address>0x2d9c</run_address>
         <size>0x5a</size>
         <input_file_ref idref="fl-db"/>
      </object_component>
      <object_component id="oc-1ae">
         <name>.debug_line</name>
         <load_address>0x2df6</load_address>
         <run_address>0x2df6</run_address>
         <size>0x50</size>
         <input_file_ref idref="fl-dc"/>
      </object_component>
      <object_component id="oc-213">
         <name>.debug_line</name>
         <load_address>0x2e46</load_address>
         <run_address>0x2e46</run_address>
         <size>0xa5</size>
         <input_file_ref idref="fl-dd"/>
      </object_component>
      <object_component id="oc-1a9">
         <name>.debug_line</name>
         <load_address>0x2eeb</load_address>
         <run_address>0x2eeb</run_address>
         <size>0x66</size>
         <input_file_ref idref="fl-dd"/>
      </object_component>
      <object_component id="oc-21e">
         <name>.debug_line</name>
         <load_address>0x2f51</load_address>
         <run_address>0x2f51</run_address>
         <size>0x20</size>
         <input_file_ref idref="fl-de"/>
      </object_component>
      <object_component id="oc-1ca">
         <name>.debug_line</name>
         <load_address>0x2f71</load_address>
         <run_address>0x2f71</run_address>
         <size>0x48</size>
         <input_file_ref idref="fl-de"/>
      </object_component>
      <object_component id="oc-215">
         <name>.debug_line</name>
         <load_address>0x2fb9</load_address>
         <run_address>0x2fb9</run_address>
         <size>0x20</size>
         <input_file_ref idref="fl-df"/>
      </object_component>
      <object_component id="oc-1b6">
         <name>.debug_line</name>
         <load_address>0x2fd9</load_address>
         <run_address>0x2fd9</run_address>
         <size>0x5e</size>
         <input_file_ref idref="fl-df"/>
      </object_component>
      <object_component id="oc-1f3">
         <name>.debug_line</name>
         <load_address>0x3037</load_address>
         <run_address>0x3037</run_address>
         <size>0xa5</size>
         <input_file_ref idref="fl-df"/>
      </object_component>
      <object_component id="oc-21a">
         <name>.debug_line</name>
         <load_address>0x30dc</load_address>
         <run_address>0x30dc</run_address>
         <size>0xae</size>
         <input_file_ref idref="fl-e0"/>
      </object_component>
      <object_component id="oc-1bb">
         <name>.debug_line</name>
         <load_address>0x318a</load_address>
         <run_address>0x318a</run_address>
         <size>0xa1</size>
         <input_file_ref idref="fl-e0"/>
      </object_component>
      <object_component id="oc-a8">
         <name>.debug_line</name>
         <load_address>0x322b</load_address>
         <run_address>0x322b</run_address>
         <size>0x3c</size>
         <input_file_ref idref="fl-e1"/>
      </object_component>
      <object_component id="oc-21c">
         <name>.debug_line</name>
         <load_address>0x3267</load_address>
         <run_address>0x3267</run_address>
         <size>0x20</size>
         <input_file_ref idref="fl-e2"/>
      </object_component>
      <object_component id="oc-1c5">
         <name>.debug_line</name>
         <load_address>0x3287</load_address>
         <run_address>0x3287</run_address>
         <size>0xc3</size>
         <input_file_ref idref="fl-e2"/>
      </object_component>
      <object_component id="oc-211">
         <name>.debug_line</name>
         <load_address>0x334a</load_address>
         <run_address>0x334a</run_address>
         <size>0x20</size>
         <input_file_ref idref="fl-e3"/>
      </object_component>
      <object_component id="oc-191">
         <name>.debug_line</name>
         <load_address>0x336a</load_address>
         <run_address>0x336a</run_address>
         <size>0xc5</size>
         <input_file_ref idref="fl-e3"/>
      </object_component>
      <object_component id="oc-18e">
         <name>.debug_line</name>
         <load_address>0x342f</load_address>
         <run_address>0x342f</run_address>
         <size>0x118</size>
         <input_file_ref idref="fl-e4"/>
      </object_component>
      <object_component id="oc-218">
         <name>.debug_line</name>
         <load_address>0x3547</load_address>
         <run_address>0x3547</run_address>
         <size>0x2b</size>
         <input_file_ref idref="fl-e5"/>
      </object_component>
      <object_component id="oc-1f6">
         <name>.debug_line</name>
         <load_address>0x3572</load_address>
         <run_address>0x3572</run_address>
         <size>0x45</size>
         <input_file_ref idref="fl-e6"/>
      </object_component>
      <object_component id="oc-188">
         <name>.debug_line</name>
         <load_address>0x35b7</load_address>
         <run_address>0x35b7</run_address>
         <size>0x7c</size>
         <input_file_ref idref="fl-e7"/>
      </object_component>
      <object_component id="oc-186">
         <name>.debug_line</name>
         <load_address>0x3633</load_address>
         <run_address>0x3633</run_address>
         <size>0x82</size>
         <input_file_ref idref="fl-e7"/>
      </object_component>
      <object_component id="oc-f3">
         <name>.debug_line</name>
         <load_address>0x36b5</load_address>
         <run_address>0x36b5</run_address>
         <size>0xaf</size>
         <input_file_ref idref="fl-e7"/>
      </object_component>
      <object_component id="oc-fd">
         <name>.debug_line</name>
         <load_address>0x3764</load_address>
         <run_address>0x3764</run_address>
         <size>0x97</size>
         <input_file_ref idref="fl-e7"/>
      </object_component>
      <object_component id="oc-159">
         <name>.debug_line</name>
         <load_address>0x37fb</load_address>
         <run_address>0x37fb</run_address>
         <size>0x91</size>
         <input_file_ref idref="fl-e8"/>
      </object_component>
      <object_component id="oc-135">
         <name>.debug_frame</name>
         <load_address>0x0</load_address>
         <run_address>0x0</run_address>
         <size>0x86</size>
         <input_file_ref idref="fl-2"/>
      </object_component>
      <object_component id="oc-ed">
         <name>.debug_frame</name>
         <load_address>0x86</load_address>
         <run_address>0x86</run_address>
         <size>0x149</size>
         <input_file_ref idref="fl-2"/>
      </object_component>
      <object_component id="oc-ad">
         <name>.debug_frame</name>
         <load_address>0x1cf</load_address>
         <run_address>0x1cf</run_address>
         <size>0xe2</size>
         <input_file_ref idref="fl-3"/>
      </object_component>
      <object_component id="oc-cf">
         <name>.debug_frame</name>
         <load_address>0x2b1</load_address>
         <run_address>0x2b1</run_address>
         <size>0xf9</size>
         <input_file_ref idref="fl-4"/>
      </object_component>
      <object_component id="oc-30">
         <name>.debug_frame</name>
         <load_address>0x3aa</load_address>
         <run_address>0x3aa</run_address>
         <size>0xb2</size>
         <input_file_ref idref="fl-5"/>
      </object_component>
      <object_component id="oc-17">
         <name>.debug_frame</name>
         <load_address>0x45c</load_address>
         <run_address>0x45c</run_address>
         <size>0x7f</size>
         <input_file_ref idref="fl-c1"/>
      </object_component>
      <object_component id="oc-41">
         <name>.debug_frame</name>
         <load_address>0x4db</load_address>
         <run_address>0x4db</run_address>
         <size>0x8e</size>
         <input_file_ref idref="fl-c2"/>
      </object_component>
      <object_component id="oc-19">
         <name>.debug_frame</name>
         <load_address>0x569</load_address>
         <run_address>0x569</run_address>
         <size>0x7f</size>
         <input_file_ref idref="fl-c2"/>
      </object_component>
      <object_component id="oc-76">
         <name>.debug_frame</name>
         <load_address>0x5e8</load_address>
         <run_address>0x5e8</run_address>
         <size>0xb3</size>
         <input_file_ref idref="fl-c4"/>
      </object_component>
      <object_component id="oc-5d">
         <name>.debug_frame</name>
         <load_address>0x69b</load_address>
         <run_address>0x69b</run_address>
         <size>0x7f</size>
         <input_file_ref idref="fl-cb"/>
      </object_component>
      <object_component id="oc-64">
         <name>.debug_frame</name>
         <load_address>0x71a</load_address>
         <run_address>0x71a</run_address>
         <size>0x7f</size>
         <input_file_ref idref="fl-cc"/>
      </object_component>
      <object_component id="oc-142">
         <name>.debug_frame</name>
         <load_address>0x799</load_address>
         <run_address>0x799</run_address>
         <size>0x7f</size>
         <input_file_ref idref="fl-ce"/>
      </object_component>
      <object_component id="oc-148">
         <name>.debug_frame</name>
         <load_address>0x818</load_address>
         <run_address>0x818</run_address>
         <size>0x7f</size>
         <input_file_ref idref="fl-cf"/>
      </object_component>
      <object_component id="oc-138">
         <name>.debug_frame</name>
         <load_address>0x897</load_address>
         <run_address>0x897</run_address>
         <size>0xbb</size>
         <input_file_ref idref="fl-d1"/>
      </object_component>
      <object_component id="oc-116">
         <name>.debug_frame</name>
         <load_address>0x952</load_address>
         <run_address>0x952</run_address>
         <size>0xa1</size>
         <input_file_ref idref="fl-d2"/>
      </object_component>
      <object_component id="oc-16d">
         <name>.debug_frame</name>
         <load_address>0x9f3</load_address>
         <run_address>0x9f3</run_address>
         <size>0x274</size>
         <input_file_ref idref="fl-d3"/>
      </object_component>
      <object_component id="oc-70">
         <name>.debug_frame</name>
         <load_address>0xc67</load_address>
         <run_address>0xc67</run_address>
         <size>0x7f</size>
[...]
               <size>0x109</size>
               <logical_group_ref idref="lg-5"/>
            </allocated_space>
            <available_space>
               <start_address>0x2a49</start_address>
               <size>0x7</size>
            </available_space>
            <allocated_space>
               <start_address>0x2a50</start_address>
               <size>0x54</size>
               <logical_group_ref idref="lg-6"/>
            </allocated_space>
            <available_space>
               <start_address>0x2aa4</start_address>
               <size>0x3d55c</size>
            </available_space>
         </usage_details>
      </memory_area>
      <memory_area display="yes" color="green">
         <name>SRAM</name>
         <page_id>0x0</page_id>
         <origin>0x20000000</origin>
         <length>0x8000</length>
         <used_space>0xae5</used_space>
         <unused_space>0x751b</unused_space>
         <attributes>RWX</attributes>
         <usage_details>
            <allocated_space>
               <start_address>0x20000000</start_address>
               <size>0x26c</size>
               <logical_group_ref idref="lg-9"/>
            </allocated_space>
            <allocated_space>
               <start_address>0x2000026c</start_address>
               <size>0x800</size>
               <logical_group_ref idref="lg-d"/>
            </allocated_space>
            <allocated_space>
               <start_address>0x20000a6c</start_address>
               <size>0x5d</size>
               <logical_group_ref idref="lg-b"/>
            </allocated_space>
            <available_space>
               <start_address>0x20000ac9</start_address>
               <size>0x3</size>
            </available_space>
            <allocated_space>
               <start_address>0x20000acc</start_address>
               <size>0x1c</size>
               <logical_group_ref idref="lg-a"/>
            </allocated_space>
            <available_space>
               <start_address>0x20000ae8</start_address>
               <size>0x7518</size>
            </available_space>
         </usage_details>
      </memory_area>
   </placement_map>
   <cptbl_list>
      <cptbl>
         <name>__TI_cinit_table</name>
         <cprec>
            <name>.data</name>
            <load_address>0x2a50</load_address>
            <load_size>0x16</load_size>
            <run_address>0x20000acc</run_address>
            <run_size>0x1c</run_size>
            <compression>rle</compression>
         </cprec>
         <cprec>
            <name>.vtable</name>
            <load_address>0x2a68</load_address>
            <load_size>0xb</load_size>
            <run_address>0x20000000</run_address>
            <run_size>0x26c</run_size>
            <compression>rle</compression>
         </cprec>
         <cprec>
            <name>.bss</name>
            <load_address>0x2a78</load_address>
            <load_size>0x9</load_size>
            <run_address>0x20000a6c</run_address>
            <run_size>0x5d</run_size>
            <compression>rle</compression>
         </cprec>
      </cptbl>
   </cptbl_list>
   <handler_table>
      <handler_table_name>__TI_handler_table</handler_table_name>
      <handler>
         <index>0x0</index>
         <name>__TI_decompress_rle24</name>
      </handler>
      <handler>
         <index>0x1</index>
         <name>__TI_decompress_none</name>
      </handler>
   </handler_table>
   <symbol_table>
      <symbol id="sm-1">
         <name>__STACK_TOP</name>
         <value>0x2000046c</value>
      </symbol>
      <symbol id="sm-2">
         <name>__TI_CINIT_Base</name>
         <value>0x2a8c</value>
      </symbol>
      <symbol id="sm-3">
         <name>__TI_CINIT_Limit</name>
         <value>0x2aa4</value>
      </symbol>
      <symbol id="sm-4">
         <name>__TI_Handler_Table_Base</name>
         <value>0x2a84</value>
      </symbol>
      <symbol id="sm-5">
         <name>__TI_Handler_Table_Limit</name>
         <value>0x2a8c</value>
      </symbol>
      <symbol id="sm-6">
         <name>binit</name>
         <value>0xffffffff</value>
      </symbol>
      <symbol id="sm-7">
         <name>__binit__</name>
         <value>0xffffffff</value>
      </symbol>
      <symbol id="sm-8">
         <name>__STACK_SIZE</name>
         <value>0x800</value>
      </symbol>
      <symbol id="sm-9">
         <name>__STACK_END</name>
         <value>0x20000a6c</value>
      </symbol>
      <symbol id="sm-a">
         <name>__c_args__</name>
         <value>0xffffffff</value>
      </symbol>
      <symbol id="sm-b">
         <name>__TI_pprof_out_hndl</name>
         <value>0xffffffff</value>
      </symbol>
      <symbol id="sm-c">
         <name>__TI_prof_data_start</name>
         <value>0xffffffff</value>
      </symbol>
      <symbol id="sm-d">
         <name>__TI_prof_data_size</name>
         <value>0xffffffff</value>
      </symbol>
      <symbol id="sm-72">
         <name>lcd_sendCommand</name>
         <value>0x1493</value>
         <object_component_ref idref="oc-ec"/>
      </symbol>
      <symbol id="sm-73">
         <name>lcd_sendNibble</name>
         <value>0x14d1</value>
         <object_component_ref idref="oc-ec"/>
      </symbol>
      <symbol id="sm-74">
         <name>lcd_clear</name>
         <value>0x2901</value>
         <object_component_ref idref="oc-130"/>
      </symbol>
      <symbol id="sm-75">
         <name>lcd_printf</name>
         <value>0x157b</value>
         <object_component_ref idref="oc-ec"/>
      </symbol>
      <symbol id="sm-76">
         <name>lcd_setCursorPos</name>
         <value>0x153d</value>
         <object_component_ref idref="oc-ec"/>
      </symbol>
      <symbol id="sm-77">
         <name>lcd_init</name>
         <value>0x137d</value>
         <object_component_ref idref="oc-ec"/>
      </symbol>
      <symbol id="sm-78">
         <name>lcd_puts</name>
         <value>0x1475</value>
         <object_component_ref idref="oc-ec"/>
      </symbol>
      <symbol id="sm-79">
         <name>lcd_putc</name>
         <value>0x143d</value>
         <object_component_ref idref="oc-ec"/>
      </symbol>
      <symbol id="sm-7a">
         <name>lcd_gotoLine</name>
         <value>0x1515</value>
         <object_component_ref idref="oc-ec"/>
      </symbol>
      <symbol id="sm-b7">
         <name>state</name>
         <value>0x20000ac8</value>
      </symbol>
      <symbol id="sm-b8">
         <name>rising_time</name>
         <value>0x20000ac4</value>
      </symbol>
      <symbol id="sm-b9">
         <name>falling_time</name>
         <value>0x20000ac0</value>
      </symbol>
      <symbol id="sm-ba">
         <name>ping_read</name>
         <value>0x176d</value>
         <object_component_ref idref="oc-ab"/>
      </symbol>
      <symbol id="sm-bb">
         <name>timer_init</name>
         <value>0x16a1</value>
         <object_component_ref idref="oc-ab"/>
      </symbol>
      <symbol id="sm-bc">
         <name>main</name>
         <value>0x1859</value>
         <object_component_ref idref="oc-ab"/>
      </symbol>
      <symbol id="sm-bd">
         <name>TIMER3B_Handler</name>
         <value>0x1669</value>
         <object_component_ref idref="oc-ab"/>
      </symbol>
      <symbol id="sm-be">
         <name>sendthePulse</name>
         <value>0x1727</value>
         <object_component_ref idref="oc-ab"/>
      </symbol>
      <symbol id="sm-e4">
         <name>timer_startClock</name>
         <value>0x1d85</value>
         <object_component_ref idref="oc-cd"/>
      </symbol>
      <symbol id="sm-e5">
         <name>timer_stopClock</name>
         <value>0x1dd7</value>
         <object_component_ref idref="oc-cd"/>
      </symbol>
      <symbol id="sm-e6">
         <name>timer_getClock</name>
         <value>0x1dd1</value>
         <object_component_ref idref="oc-cd"/>
      </symbol>
      <symbol id="sm-e7">
         <name>timer_stopTimer</name>
         <value>0x1d6f</value>
         <object_component_ref idref="oc-cd"/>
      </symbol>
      <symbol id="sm-e8">
         <name>timer_startTimer</name>
         <value>0x1d1f</value>
         <object_component_ref idref="oc-cd"/>
      </symbol>
      <symbol id="sm-e9">
         <name>timer_waitMillis</name>
         <value>0x1cc1</value>
         <object_component_ref idref="oc-cd"/>
      </symbol>
      <symbol id="sm-ea">
         <name>timer_waitMicros</name>
         <value>0x1cf5</value>
         <object_component_ref idref="oc-cd"/>
      </symbol>
      <symbol id="sm-106">
         <name>ResetISR</name>
         <value>0x292b</value>
         <object_component_ref idref="oc-2b"/>
      </symbol>
      <symbol id="sm-107">
         <name>g_pfnVectors</name>
         <value>0x0</value>
         <object_component_ref idref="oc-f"/>
      </symbol>
      <symbol id="sm-118">
         <name>_c_int00</name>
         <value>0x25f9</value>
         <object_component_ref idref="oc-24"/>
      </symbol>
      <symbol id="sm-119">
         <name>__stack</name>
         <value>0x2000026c</value>
         <object_component_ref idref="oc-2a"/>
      </symbol>
      <symbol id="sm-130">
         <name>__TI_decompress_none</name>
         <value>0x2911</value>
         <object_component_ref idref="oc-12"/>
      </symbol>
      <symbol id="sm-158">
         <name>__TI_decompress_rle24</name>
         <value>0x2937</value>
         <object_component_ref idref="oc-18"/>
      </symbol>
      <symbol id="sm-17a">
         <name>C$$EXIT</name>
         <value>0x264d</value>
         <object_component_ref idref="oc-71"/>
      </symbol>
      <symbol id="sm-17b">
         <name>abort</name>
         <value>0x2651</value>
         <object_component_ref idref="oc-71"/>
      </symbol>
      <symbol id="sm-17c">
         <name>exit</name>
         <value>0x2659</value>
         <object_component_ref idref="oc-71"/>
      </symbol>
      <symbol id="sm-17d">
         <name>__TI_dtors_ptr</name>
         <value>0x20000ad0</value>
         <object_component_ref idref="oc-b3"/>
      </symbol>
      <symbol id="sm-17e">
         <name>__TI_cleanup_ptr</name>
         <value>0x20000acc</value>
         <object_component_ref idref="oc-b3"/>
      </symbol>
      <symbol id="sm-17f">
         <name>__TI_enable_exit_profile_output</name>
         <value>0x20000ad4</value>
         <object_component_ref idref="oc-b3"/>
      </symbol>
      <symbol id="sm-193">
         <name>__aeabi_ddiv</name>
         <value>0x1e19</value>
         <object_component_ref idref="oc-d8"/>
      </symbol>
      <symbol id="sm-19e">
         <name>__aeabi_dmul</name>
         <value>0x1f4f</value>
         <object_component_ref idref="oc-e2"/>
      </symbol>
      <symbol id="sm-1aa">
         <name>__aeabi_d2f</name>
         <value>0x2465</value>
         <object_component_ref idref="oc-dd"/>
      </symbol>
      <symbol id="sm-1b5">
         <name>__aeabi_f2d</name>
         <value>0x2781</value>
         <object_component_ref idref="oc-e7"/>
      </symbol>
      <symbol id="sm-1d0">
         <name>memcpy</name>
         <value>0x2149</value>
         <object_component_ref idref="oc-34"/>
      </symbol>
      <symbol id="sm-1d1">
         <name>__aeabi_memcpy</name>
         <value>0x2149</value>
         <object_component_ref idref="oc-34"/>
      </symbol>
      <symbol id="sm-1d2">
         <name>__aeabi_memcpy8</name>
         <value>0x2149</value>
         <object_component_ref idref="oc-34"/>
      </symbol>
      <symbol id="sm-1d3">
         <name>__aeabi_memcpy4</name>
         <value>0x2149</value>
         <object_component_ref idref="oc-34"/>
      </symbol>
      <symbol id="sm-1e2">
         <name>__aeabi_memset</name>
         <value>0x237b</value>
         <object_component_ref idref="oc-4d"/>
      </symbol>
      <symbol id="sm-1e3">
         <name>memset</name>
         <value>0x2381</value>
         <object_component_ref idref="oc-4d"/>
      </symbol>
      <symbol id="sm-1e4">
         <name>__aeabi_memset8</name>
         <value>0x237b</value>
         <object_component_ref idref="oc-4d"/>
      </symbol>
      <symbol id="sm-1e5">
         <name>__aeabi_memset4</name>
         <value>0x237b</value>
         <object_component_ref idref="oc-4d"/>
      </symbol>
      <symbol id="sm-1e6">
         <name>__aeabi_memclr8</name>
         <value>0x2379</value>
         <object_component_ref idref="oc-4d"/>
      </symbol>
      <symbol id="sm-1e7">
         <name>__aeabi_memclr4</name>
         <value>0x2379</value>
         <object_component_ref idref="oc-4d"/>
      </symbol>
      <symbol id="sm-1e8">
         <name>__aeabi_memclr</name>
         <value>0x2379</value>
         <object_component_ref idref="oc-4d"/>
      </symbol>
      <symbol id="sm-1f2">
         <name>__mpu_init</name>
         <value>0x1cbf</value>
         <object_component_ref idref="oc-59"/>
      </symbol>
      <symbol id="sm-1fc">
         <name>_system_pre_init</name>
         <value>0x293d</value>
         <object_component_ref idref="oc-5f"/>
      </symbol>
      <symbol id="sm-204">
         <name>main_func_sp</name>
         <value>0x20000ae4</value>
         <object_component_ref idref="oc-77"/>
      </symbol>
      <symbol id="sm-213">
         <name>strcmp</name>
         <value>0x2871</value>
         <object_component_ref idref="oc-13d"/>
      </symbol>
      <symbol id="sm-221">
         <name>strcpy</name>
         <value>0x28c9</value>
         <object_component_ref idref="oc-143"/>
      </symbol>
      <symbol id="sm-22b">
         <name>__aeabi_ui2d</name>
         <value>0x281b</value>
         <object_component_ref idref="oc-d3"/>
      </symbol>
      <symbol id="sm-24c">
         <name>vsnprintf</name>
         <value>0x21e5</value>
         <object_component_ref idref="oc-137"/>
      </symbol>
      <symbol id="sm-265">
         <name>_nop</name>
         <value>0x28af</value>
         <object_component_ref idref="oc-112"/>
      </symbol>
      <symbol id="sm-266">
         <name>_lock</name>
         <value>0x20000ad8</value>
         <object_component_ref idref="oc-b6"/>
      </symbol>
      <symbol id="sm-267">
         <name>_unlock</name>
         <value>0x20000adc</value>
         <object_component_ref idref="oc-b6"/>
      </symbol>
      <symbol id="sm-268">
         <name>_register_lock</name>
         <value>0x28a7</value>
         <object_component_ref idref="oc-112"/>
      </symbol>
      <symbol id="sm-269">
         <name>_register_unlock</name>
         <value>0x28a1</value>
         <object_component_ref idref="oc-112"/>
      </symbol>
      <symbol id="sm-370">
         <name>__TI_printfi</name>
         <value>0x1077</value>
         <object_component_ref idref="oc-168"/>
      </symbol>
      <symbol id="sm-384">
         <name>_args_main</name>
         <value>0x2859</value>
         <object_component_ref idref="oc-6b"/>
      </symbol>
      <symbol id="sm-39a">
         <name>atoi</name>
         <value>0x26a1</value>
         <object_component_ref idref="oc-1cc"/>
      </symbol>
      <symbol id="sm-3bf">
         <name>__TI_auto_init</name>
         <value>0x23f5</value>
         <object_component_ref idref="oc-65"/>
      </symbol>
      <symbol id="sm-3d9">
         <name>copy_in</name>
         <value>0x26ed</value>
         <object_component_ref idref="oc-9d"/>
      </symbol>
      <symbol id="sm-3e4">
         <name>_ctypes_</name>
         <value>0x2940</value>
         <object_component_ref idref="oc-204"/>
      </symbol>
      <symbol id="sm-3fb">
         <name>__aeabi_dsub</name>
         <value>0x1b09</value>
         <object_component_ref idref="oc-1af"/>
      </symbol>
      <symbol id="sm-3fc">
         <name>__aeabi_dadd</name>
         <value>0x1b13</value>
         <object_component_ref idref="oc-1af"/>
      </symbol>
      <symbol id="sm-41e">
         <name>__aeabi_cdcmpeq</name>
         <value>0x226d</value>
         <object_component_ref idref="oc-195"/>
      </symbol>
      <symbol id="sm-41f">
         <name>__aeabi_cdcmple</name>
         <value>0x226d</value>
         <object_component_ref idref="oc-195"/>
      </symbol>
      <symbol id="sm-420">
         <name>__aeabi_cdrcmple</name>
         <value>0x22f3</value>
         <object_component_ref idref="oc-19a"/>
      </symbol>
      <symbol id="sm-42a">
         <name>__aeabi_d2iz</name>
         <value>0x2739</value>
         <object_component_ref idref="oc-19f"/>
      </symbol>
      <symbol id="sm-434">
         <name>__aeabi_i2d</name>
         <value>0x27ed</value>
         <object_component_ref idref="oc-1aa"/>
      </symbol>
      <symbol id="sm-443">
         <name>ltoa</name>
         <value>0x25a1</value>
         <object_component_ref idref="oc-1a4"/>
      </symbol>
      <symbol id="sm-453">
         <name>memccpy</name>
         <value>0x283b</value>
         <object_component_ref idref="oc-1c6"/>
      </symbol>
      <symbol id="sm-46e">
         <name>frexpl</name>
         <value>0x253d</value>
         <object_component_ref idref="oc-1b4"/>
      </symbol>
      <symbol id="sm-46f">
         <name>frexp</name>
         <value>0x253d</value>
         <object_component_ref idref="oc-1b4"/>
      </symbol>
      <symbol id="sm-48c">
         <name>scalbn</name>
         <value>0x204d</value>
         <object_component_ref idref="oc-1ba"/>
      </symbol>
      <symbol id="sm-48d">
         <name>scalbnl</name>
         <value>0x204d</value>
         <object_component_ref idref="oc-1ba"/>
      </symbol>
      <symbol id="sm-48e">
         <name>ldexpl</name>
         <value>0x204d</value>
         <object_component_ref idref="oc-1ba"/>
      </symbol>
      <symbol id="sm-48f">
         <name>ldexp</name>
         <value>0x204d</value>
         <object_component_ref idref="oc-1ba"/>
      </symbol>
      <symbol id="sm-499">
         <name>_system_post_cinit</name>
         <value>0x204b</value>
         <object_component_ref idref="oc-a3"/>
      </symbol>
      <symbol id="sm-4a9">
         <name>strchr</name>
         <value>0x2889</value>
         <object_component_ref idref="oc-1c0"/>
      </symbol>
      <symbol id="sm-4b7">
         <name>strlen</name>
         <value>0x28dd</value>
         <object_component_ref idref="oc-18f"/>
      </symbol>
      <symbol id="sm-4d3">
         <name>__aeabi_uldivmod</name>
         <value>0x1915</value>
         <object_component_ref idref="oc-18a"/>
      </symbol>
      <symbol id="sm-4db">
         <name>errno</name>
         <value>0x20000ae0</value>
         <object_component_ref idref="oc-1fb"/>
      </symbol>
      <symbol id="sm-4e5">
         <name>copysign</name>
         <value>0x28b5</value>
         <object_component_ref idref="oc-1f5"/>
      </symbol>
      <symbol id="sm-4e6">
         <name>copysignl</name>
         <value>0x28b5</value>
         <object_component_ref idref="oc-1f5"/>
      </symbol>
      <symbol id="sm-506">
         <name>IntRegister</name>
         <value>0x27b9</value>
         <object_component_ref idref="oc-f2"/>
      </symbol>
      <symbol id="sm-507">
         <name>g_pfnRAMVectors</name>
         <value>0x20000000</value>
         <object_component_ref idref="oc-153"/>
      </symbol>
      <symbol id="sm-508">
         <name>IntMasterEnable</name>
         <value>0x28f1</value>
         <object_component_ref idref="oc-f8"/>
      </symbol>
      <symbol id="sm-512">
         <name>CPUcpsie</name>
         <value>0x291f</value>
         <object_component_ref idref="oc-158"/>
      </symbol>
      <symbol id="sm-513">
         <name>__TI_static_base__</name>
         <value>0x0</value>
      </symbol>
      <symbol id="sm-516">
         <name>SHT$$INIT_ARRAY$$Limit</name>
         <value>0x0</value>
      </symbol>
      <symbol id="sm-517">
         <name>SHT$$INIT_ARRAY$$Base</name>
         <value>0x0</value>
      </symbol>
   </symbol_table>
   <title>Link successful</title>
</link_info>
