<?xml version="1.0"?>
<link_info>
   <banner>TI ARM Linker PC v15.12.1.LTS</banner>
   <copyright>Copyright (c) 1996-2015 Texas Instruments Incorporated</copyright>
   <link_time>0x58f4f648</link_time>
   <link_errors>0x0</link_errors>
   <output_file>FinalProject.out</output_file>
   <entry_point>
      <name>_c_int00</name>
      <address>0x5e51</address>
   </entry_point>
   <input_file_list>
      <input_file id="fl-2">
         <path>.\</path>
         <kind>object</kind>
         <file>Movement.obj</file>
         <name>Movement.obj</name>
      </input_file>
      <input_file id="fl-3">
         <path>.\</path>
         <kind>object</kind>
         <file>WiFi.obj</file>
         <name>WiFi.obj</name>
      </input_file>
      <input_file id="fl-4">
         <path>.\</path>
         <kind>object</kind>
         <file>ir.obj</file>
         <name>ir.obj</name>
      </input_file>
      <input_file id="fl-5">
         <path>.\</path>
         <kind>object</kind>
         <file>lcd.obj</file>
         <name>lcd.obj</name>
      </input_file>
      <input_file id="fl-6">
         <path>.\</path>
         <kind>object</kind>
         <file>main.obj</file>
         <name>main.obj</name>
      </input_file>
      <input_file id="fl-7">
         <path>.\</path>
         <kind>object</kind>
         <file>open_interface.obj</file>
         <name>open_interface.obj</name>
      </input_file>
      <input_file id="fl-8">
         <path>.\</path>
         <kind>object</kind>
         <file>ping.obj</file>
         <name>ping.obj</name>
      </input_file>
      <input_file id="fl-9">
         <path>.\</path>
         <kind>object</kind>
         <file>servo.obj</file>
         <name>servo.obj</name>
      </input_file>
      <input_file id="fl-a">
         <path>.\</path>
         <kind>object</kind>
         <file>timer.obj</file>
         <name>timer.obj</name>
      </input_file>
      <input_file id="fl-b">
         <path>.\</path>
         <kind>object</kind>
         <file>tm4c123gh6pm_startup_ccs.obj</file>
         <name>tm4c123gh6pm_startup_ccs.obj</name>
      </input_file>
      <input_file id="fl-c6">
         <path>C:\ti\ccsv6\tools\compiler\ti-cgt-arm_15.12.1.LTS\lib\</path>
         <kind>archive</kind>
         <file>rtsv7M4_T_le_v4SPD16_eabi.lib</file>
         <name>boot.obj</name>
      </input_file>
      <input_file id="fl-c7">
         <path>C:\ti\ccsv6\tools\compiler\ti-cgt-arm_15.12.1.LTS\lib\</path>
         <kind>archive</kind>
         <file>rtsv7M4_T_le_v4SPD16_eabi.lib</file>
         <name>copy_decompress_none.obj</name>
      </input_file>
      <input_file id="fl-c8">
         <path>C:\ti\ccsv6\tools\compiler\ti-cgt-arm_15.12.1.LTS\lib\</path>
         <kind>archive</kind>
         <file>rtsv7M4_T_le_v4SPD16_eabi.lib</file>
         <name>copy_decompress_rle.obj</name>
      </input_file>
      <input_file id="fl-c9">
         <path>C:\ti\ccsv6\tools\compiler\ti-cgt-arm_15.12.1.LTS\lib\</path>
         <kind>archive</kind>
         <file>rtsv7M4_T_le_v4SPD16_eabi.lib</file>
         <name>copy_zero_init.obj</name>
      </input_file>
      <input_file id="fl-ca">
         <path>C:\ti\ccsv6\tools\compiler\ti-cgt-arm_15.12.1.LTS\lib\</path>
         <kind>archive</kind>
         <file>rtsv7M4_T_le_v4SPD16_eabi.lib</file>
         <name>e_pow.obj</name>
      </input_file>
      <input_file id="fl-cb">
         <path>C:\ti\ccsv6\tools\compiler\ti-cgt-arm_15.12.1.LTS\lib\</path>
         <kind>archive</kind>
         <file>rtsv7M4_T_le_v4SPD16_eabi.lib</file>
         <name>e_sqrt.obj</name>
      </input_file>
      <input_file id="fl-cc">
         <path>C:\ti\ccsv6\tools\compiler\ti-cgt-arm_15.12.1.LTS\lib\</path>
         <kind>archive</kind>
         <file>rtsv7M4_T_le_v4SPD16_eabi.lib</file>
         <name>errno.obj</name>
      </input_file>
      <input_file id="fl-cd">
         <path>C:\ti\ccsv6\tools\compiler\ti-cgt-arm_15.12.1.LTS\lib\</path>
         <kind>archive</kind>
         <file>rtsv7M4_T_le_v4SPD16_eabi.lib</file>
         <name>exit.obj</name>
      </input_file>
      <input_file id="fl-ce">
         <path>C:\ti\ccsv6\tools\compiler\ti-cgt-arm_15.12.1.LTS\lib\</path>
         <kind>archive</kind>
         <file>rtsv7M4_T_le_v4SPD16_eabi.lib</file>
         <name>fd_add_t2.obj</name>
      </input_file>
      <input_file id="fl-cf">
         <path>C:\ti\ccsv6\tools\compiler\ti-cgt-arm_15.12.1.LTS\lib\</path>
         <kind>archive</kind>
         <file>rtsv7M4_T_le_v4SPD16_eabi.lib</file>
         <name>fd_cmp_t2.obj</name>
      </input_file>
      <input_file id="fl-d0">
         <path>C:\ti\ccsv6\tools\compiler\ti-cgt-arm_15.12.1.LTS\lib\</path>
         <kind>archive</kind>
         <file>rtsv7M4_T_le_v4SPD16_eabi.lib</file>
         <name>fd_div_t2.obj</name>
      </input_file>
      <input_file id="fl-d1">
         <path>C:\ti\ccsv6\tools\compiler\ti-cgt-arm_15.12.1.LTS\lib\</path>
         <kind>archive</kind>
         <file>rtsv7M4_T_le_v4SPD16_eabi.lib</file>
         <name>fd_mul_t2.obj</name>
      </input_file>
      <input_file id="fl-d2">
         <path>C:\ti\ccsv6\tools\compiler\ti-cgt-arm_15.12.1.LTS\lib\</path>
         <kind>archive</kind>
         <file>rtsv7M4_T_le_v4SPD16_eabi.lib</file>
         <name>fd_toi_t2.obj</name>
      </input_file>
      <input_file id="fl-d3">
         <path>C:\ti\ccsv6\tools\compiler\ti-cgt-arm_15.12.1.LTS\lib\</path>
         <kind>archive</kind>
         <file>rtsv7M4_T_le_v4SPD16_eabi.lib</file>
         <name>fd_tos_t2.obj</name>
      </input_file>
      <input_file id="fl-d4">
         <path>C:\ti\ccsv6\tools\compiler\ti-cgt-arm_15.12.1.LTS\lib\</path>
         <kind>archive</kind>
         <file>rtsv7M4_T_le_v4SPD16_eabi.lib</file>
         <name>fd_tou_t2.obj</name>
      </input_file>
      <input_file id="fl-d5">
         <path>C:\ti\ccsv6\tools\compiler\ti-cgt-arm_15.12.1.LTS\lib\</path>
         <kind>archive</kind>
         <file>rtsv7M4_T_le_v4SPD16_eabi.lib</file>
         <name>fs_tod_t2.obj</name>
      </input_file>
      <input_file id="fl-d6">
         <path>C:\ti\ccsv6\tools\compiler\ti-cgt-arm_15.12.1.LTS\lib\</path>
         <kind>archive</kind>
         <file>rtsv7M4_T_le_v4SPD16_eabi.lib</file>
         <name>i_tofd_t2.obj</name>
      </input_file>
      <input_file id="fl-d7">
         <path>C:\ti\ccsv6\tools\compiler\ti-cgt-arm_15.12.1.LTS\lib\</path>
         <kind>archive</kind>
         <file>rtsv7M4_T_le_v4SPD16_eabi.lib</file>
         <name>memcpy_t2.obj</name>
      </input_file>
      <input_file id="fl-d8">
         <path>C:\ti\ccsv6\tools\compiler\ti-cgt-arm_15.12.1.LTS\lib\</path>
         <kind>archive</kind>
         <file>rtsv7M4_T_le_v4SPD16_eabi.lib</file>
         <name>memmov.obj</name>
      </input_file>
      <input_file id="fl-d9">
         <path>C:\ti\ccsv6\tools\compiler\ti-cgt-arm_15.12.1.LTS\lib\</path>
         <kind>archive</kind>
         <file>rtsv7M4_T_le_v4SPD16_eabi.lib</file>
         <name>memory.obj</name>
      </input_file>
      <input_file id="fl-da">
         <path>C:\ti\ccsv6\tools\compiler\ti-cgt-arm_15.12.1.LTS\lib\</path>
         <kind>archive</kind>
         <file>rtsv7M4_T_le_v4SPD16_eabi.lib</file>
         <name>memset_t2.obj</name>
      </input_file>
      <input_file id="fl-db">
         <path>C:\ti\ccsv6\tools\compiler\ti-cgt-arm_15.12.1.LTS\lib\</path>
         <kind>archive</kind>
         <file>rtsv7M4_T_le_v4SPD16_eabi.lib</file>
         <name>mpu_init.obj</name>
      </input_file>
      <input_file id="fl-dc">
         <path>C:\ti\ccsv6\tools\compiler\ti-cgt-arm_15.12.1.LTS\lib\</path>
         <kind>archive</kind>
         <file>rtsv7M4_T_le_v4SPD16_eabi.lib</file>
         <name>pre_init.obj</name>
      </input_file>
      <input_file id="fl-dd">
         <path>C:\ti\ccsv6\tools\compiler\ti-cgt-arm_15.12.1.LTS\lib\</path>
         <kind>archive</kind>
         <file>rtsv7M4_T_le_v4SPD16_eabi.lib</file>
         <name>s_scalbn.obj</name>
      </input_file>
      <input_file id="fl-de">
         <path>C:\ti\ccsv6\tools\compiler\ti-cgt-arm_15.12.1.LTS\lib\</path>
         <kind>archive</kind>
         <file>rtsv7M4_T_le_v4SPD16_eabi.lib</file>
         <name>sprintf.obj</name>
      </input_file>
      <input_file id="fl-df">
         <path>C:\ti\ccsv6\tools\compiler\ti-cgt-arm_15.12.1.LTS\lib\</path>
         <kind>archive</kind>
         <file>rtsv7M4_T_le_v4SPD16_eabi.lib</file>
         <name>sscanf.obj</name>
      </input_file>
      <input_file id="fl-e0">
         <path>C:\ti\ccsv6\tools\compiler\ti-cgt-arm_15.12.1.LTS\lib\</path>
         <kind>archive</kind>
         <file>rtsv7M4_T_le_v4SPD16_eabi.lib</file>
         <name>stkdepth_vars.obj</name>
      </input_file>
      <input_file id="fl-e1">
         <path>C:\ti\ccsv6\tools\compiler\ti-cgt-arm_15.12.1.LTS\lib\</path>
         <kind>archive</kind>
         <file>rtsv7M4_T_le_v4SPD16_eabi.lib</file>
         <name>strcmp.obj</name>
      </input_file>
      <input_file id="fl-e2">
         <path>C:\ti\ccsv6\tools\compiler\ti-cgt-arm_15.12.1.LTS\lib\</path>
         <kind>archive</kind>
         <file>rtsv7M4_T_le_v4SPD16_eabi.lib</file>
         <name>strcpy.obj</name>
      </input_file>
      <input_file id="fl-e3">
         <path>C:\ti\ccsv6\tools\compiler\ti-cgt-arm_15.12.1.LTS\lib\</path>
         <kind>archive</kind>
         <file>rtsv7M4_T_le_v4SPD16_eabi.lib</file>
         <name>strlen.obj</name>
      </input_file>
      <input_file id="fl-e4">
         <path>C:\ti\ccsv6\tools\compiler\ti-cgt-arm_15.12.1.LTS\lib\</path>
         <kind>archive</kind>
         <file>rtsv7M4_T_le_v4SPD16_eabi.lib</file>
         <name>vsnprintf.obj</name>
      </input_file>
      <input_file id="fl-e5">
         <path>C:\ti\ccsv6\tools\compiler\ti-cgt-arm_15.12.1.LTS\lib\</path>
         <kind>archive</kind>
         <file>rtsv7M4_T_le_v4SPD16_eabi.lib</file>
         <name>_lock.obj</name>
      </input_file>
      <input_file id="fl-e6">
         <path>C:\ti\ccsv6\tools\compiler\ti-cgt-arm_15.12.1.LTS\lib\</path>
         <kind>archive</kind>
         <file>rtsv7M4_T_le_v4SPD16_eabi.lib</file>
         <name>_printfi.obj</name>
      </input_file>
      <input_file id="fl-e7">
         <path>C:\ti\ccsv6\tools\compiler\ti-cgt-arm_15.12.1.LTS\lib\</path>
         <kind>archive</kind>
         <file>rtsv7M4_T_le_v4SPD16_eabi.lib</file>
         <name>_scanfi.obj</name>
      </input_file>
      <input_file id="fl-e8">
         <path>C:\ti\ccsv6\tools\compiler\ti-cgt-arm_15.12.1.LTS\lib\</path>
         <kind>archive</kind>
         <file>rtsv7M4_T_le_v4SPD16_eabi.lib</file>
         <name>args_main.obj</name>
      </input_file>
      <input_file id="fl-e9">
         <path>C:\ti\ccsv6\tools\compiler\ti-cgt-arm_15.12.1.LTS\lib\</path>
         <kind>archive</kind>
         <file>rtsv7M4_T_le_v4SPD16_eabi.lib</file>
         <name>atoi.obj</name>
      </input_file>
      <input_file id="fl-ea">
         <path>C:\ti\ccsv6\tools\compiler\ti-cgt-arm_15.12.1.LTS\lib\</path>
         <kind>archive</kind>
         <file>rtsv7M4_T_le_v4SPD16_eabi.lib</file>
         <name>autoinit.obj</name>
      </input_file>
      <input_file id="fl-eb">
         <path>C:\ti\ccsv6\tools\compiler\ti-cgt-arm_15.12.1.LTS\lib\</path>
         <kind>archive</kind>
         <file>rtsv7M4_T_le_v4SPD16_eabi.lib</file>
         <name>cpy_tbl.obj</name>
      </input_file>
      <input_file id="fl-ec">
         <path>C:\ti\ccsv6\tools\compiler\ti-cgt-arm_15.12.1.LTS\lib\</path>
         <kind>archive</kind>
         <file>rtsv7M4_T_le_v4SPD16_eabi.lib</file>
         <name>ctype.obj</name>
      </input_file>
      <input_file id="fl-ed">
         <path>C:\ti\ccsv6\tools\compiler\ti-cgt-arm_15.12.1.LTS\lib\</path>
         <kind>archive</kind>
         <file>rtsv7M4_T_le_v4SPD16_eabi.lib</file>
         <name>ltoa.obj</name>
      </input_file>
      <input_file id="fl-ee">
         <path>C:\ti\ccsv6\tools\compiler\ti-cgt-arm_15.12.1.LTS\lib\</path>
         <kind>archive</kind>
         <file>rtsv7M4_T_le_v4SPD16_eabi.lib</file>
         <name>memccpy.obj</name>
      </input_file>
      <input_file id="fl-ef">
         <path>C:\ti\ccsv6\tools\compiler\ti-cgt-arm_15.12.1.LTS\lib\</path>
         <kind>archive</kind>
         <file>rtsv7M4_T_le_v4SPD16_eabi.lib</file>
         <name>s_copysign.obj</name>
      </input_file>
      <input_file id="fl-f0">
         <path>C:\ti\ccsv6\tools\compiler\ti-cgt-arm_15.12.1.LTS\lib\</path>
         <kind>archive</kind>
         <file>rtsv7M4_T_le_v4SPD16_eabi.lib</file>
         <name>s_frexp.obj</name>
      </input_file>
      <input_file id="fl-f1">
         <path>C:\ti\ccsv6\tools\compiler\ti-cgt-arm_15.12.1.LTS\lib\</path>
         <kind>archive</kind>
         <file>rtsv7M4_T_le_v4SPD16_eabi.lib</file>
         <name>startup.obj</name>
      </input_file>
      <input_file id="fl-f2">
         <path>C:\ti\ccsv6\tools\compiler\ti-cgt-arm_15.12.1.LTS\lib\</path>
         <kind>archive</kind>
         <file>rtsv7M4_T_le_v4SPD16_eabi.lib</file>
         <name>strchr.obj</name>
      </input_file>
      <input_file id="fl-f3">
         <path>C:\ti\ccsv6\tools\compiler\ti-cgt-arm_15.12.1.LTS\lib\</path>
         <kind>archive</kind>
         <file>rtsv7M4_T_le_v4SPD16_eabi.lib</file>
         <name>strrchr.obj</name>
      </input_file>
      <input_file id="fl-f4">
         <path>C:\ti\ccsv6\tools\compiler\ti-cgt-arm_15.12.1.LTS\lib\</path>
         <kind>archive</kind>
         <file>rtsv7M4_T_le_v4SPD16_eabi.lib</file>
         <name>strtod.obj</name>
      </input_file>
      <input_file id="fl-f5">
         <path>C:\ti\ccsv6\tools\compiler\ti-cgt-arm_15.12.1.LTS\lib\</path>
         <kind>archive</kind>
         <file>rtsv7M4_T_le_v4SPD16_eabi.lib</file>
         <name>strtol.obj</name>
      </input_file>
      <input_file id="fl-f6">
         <path>C:\ti\ccsv6\tools\compiler\ti-cgt-arm_15.12.1.LTS\lib\</path>
         <kind>archive</kind>
         <file>rtsv7M4_T_le_v4SPD16_eabi.lib</file>
         <name>strtoll.obj</name>
      </input_file>
      <input_file id="fl-f7">
         <path>C:\ti\ccsv6\tools\compiler\ti-cgt-arm_15.12.1.LTS\lib\</path>
         <kind>archive</kind>
         <file>rtsv7M4_T_le_v4SPD16_eabi.lib</file>
         <name>strtoul.obj</name>
      </input_file>
      <input_file id="fl-f8">
         <path>C:\ti\ccsv6\tools\compiler\ti-cgt-arm_15.12.1.LTS\lib\</path>
         <kind>archive</kind>
         <file>rtsv7M4_T_le_v4SPD16_eabi.lib</file>
         <name>strtoull.obj</name>
      </input_file>
      <input_file id="fl-f9">
         <path>C:\ti\ccsv6\tools\compiler\ti-cgt-arm_15.12.1.LTS\lib\</path>
         <kind>archive</kind>
         <file>rtsv7M4_T_le_v4SPD16_eabi.lib</file>
         <name>ull_div_t2.obj</name>
      </input_file>
      <input_file id="fl-fa">
         <path>C:\ti\ccsv6\tools\compiler\ti-cgt-arm_15.12.1.LTS\lib\</path>
         <kind>archive</kind>
         <file>rtsv7M4_T_le_v4SPD16_eabi.lib</file>
         <name>ll_mul_t2.obj</name>
      </input_file>
      <input_file id="fl-fb">
         <path>C:\ti\TivaWare_C_Series-2.1.2.111\driverlib\ccs\Debug\</path>
         <kind>archive</kind>
         <file>driverlib.lib</file>
         <name>interrupt.obj</name>
      </input_file>
      <input_file id="fl-fc">
         <path>C:\ti\TivaWare_C_Series-2.1.2.111\driverlib\ccs\Debug\</path>
         <kind>archive</kind>
         <file>driverlib.lib</file>
         <name>cpu.obj</name>
      </input_file>
   </input_file_list>
   <object_component_list>
      <object_component id="oc-f">
         <name>.intvecs</name>
         <load_address>0x0</load_address>
         <run_address>0x0</run_address>
         <size>0x26c</size>
         <input_file_ref idref="fl-b"/>
      </object_component>
      <object_component id="oc-15e">
         <name>.text</name>
         <load_address>0x26c</load_address>
         <run_address>0x26c</run_address>
         <size>0x1110</size>
         <input_file_ref idref="fl-e6"/>
      </object_component>
      <object_component id="oc-11a">
         <name>.text</name>
         <load_address>0x137c</load_address>
         <run_address>0x137c</run_address>
         <size>0xa84</size>
         <input_file_ref idref="fl-7"/>
      </object_component>
      <object_component id="oc-19c">
         <name>.text</name>
         <load_address>0x1e00</load_address>
         <run_address>0x1e00</run_address>
         <size>0x9ac</size>
         <input_file_ref idref="fl-ca"/>
      </object_component>
      <object_component id="oc-1e7">
         <name>.text</name>
         <load_address>0x27ac</load_address>
         <run_address>0x27ac</run_address>
         <size>0x92a</size>
         <input_file_ref idref="fl-e7"/>
      </object_component>
      <object_component id="oc-5c">
         <name>.text</name>
         <load_address>0x30d6</load_address>
         <run_address>0x30d6</run_address>
         <size>0x2</size>
         <input_file_ref idref="fl-db"/>
      </object_component>
      <object_component id="oc-b2">
         <name>.text</name>
         <load_address>0x30d8</load_address>
         <run_address>0x30d8</run_address>
         <size>0x658</size>
         <input_file_ref idref="fl-6"/>
      </object_component>
      <object_component id="oc-1bb">
         <name>.text</name>
         <load_address>0x3730</load_address>
         <run_address>0x3730</run_address>
         <size>0x3dc</size>
         <input_file_ref idref="fl-d9"/>
      </object_component>
      <object_component id="oc-132">
         <name>.text</name>
         <load_address>0x3b0c</load_address>
         <run_address>0x3b0c</run_address>
         <size>0x314</size>
         <input_file_ref idref="fl-2"/>
      </object_component>
      <object_component id="oc-114">
         <name>.text</name>
         <load_address>0x3e20</load_address>
         <run_address>0x3e20</run_address>
         <size>0x2ec</size>
         <input_file_ref idref="fl-5"/>
      </object_component>
      <object_component id="oc-29c">
         <name>.text</name>
         <load_address>0x410c</load_address>
         <run_address>0x410c</run_address>
         <size>0x23c</size>
         <input_file_ref idref="fl-f4"/>
      </object_component>
      <object_component id="oc-e0">
         <name>.text</name>
         <load_address>0x4348</load_address>
         <run_address>0x4348</run_address>
         <size>0x1f4</size>
         <input_file_ref idref="fl-3"/>
      </object_component>
      <object_component id="oc-203">
         <name>.text</name>
         <load_address>0x453c</load_address>
         <run_address>0x453c</run_address>
         <size>0x1f4</size>
         <input_file_ref idref="fl-f9"/>
      </object_component>
      <object_component id="oc-2a8">
         <name>.text</name>
         <load_address>0x4730</load_address>
         <run_address>0x4730</run_address>
         <size>0x1e4</size>
         <input_file_ref idref="fl-f6"/>
      </object_component>
      <object_component id="oc-103">
         <name>.text</name>
         <load_address>0x4914</load_address>
         <run_address>0x4914</run_address>
         <size>0x1e0</size>
         <input_file_ref idref="fl-8"/>
      </object_component>
      <object_component id="oc-172">
         <name>.text</name>
         <load_address>0x4af4</load_address>
         <run_address>0x4af4</run_address>
         <size>0x1b6</size>
         <input_file_ref idref="fl-ce"/>
      </object_component>
      <object_component id="oc-aa">
         <name>.text</name>
         <load_address>0x4caa</load_address>
         <run_address>0x4caa</run_address>
         <size>0x2</size>
         <input_file_ref idref="fl-f1"/>
      </object_component>
      <object_component id="oc-25c">
         <name>.text</name>
         <load_address>0x4cac</load_address>
         <run_address>0x4cac</run_address>
         <size>0x170</size>
         <input_file_ref idref="fl-cb"/>
      </object_component>
      <object_component id="oc-296">
         <name>.text</name>
         <load_address>0x4e1c</load_address>
         <run_address>0x4e1c</run_address>
         <size>0x16c</size>
         <input_file_ref idref="fl-f8"/>
      </object_component>
      <object_component id="oc-f8">
         <name>.text</name>
         <load_address>0x4f88</load_address>
         <run_address>0x4f88</run_address>
         <size>0x158</size>
         <input_file_ref idref="fl-a"/>
      </object_component>
      <object_component id="oc-1cd">
         <name>.text</name>
         <load_address>0x50e0</load_address>
         <run_address>0x50e0</run_address>
         <size>0x136</size>
         <input_file_ref idref="fl-d0"/>
      </object_component>
      <object_component id="oc-109">
         <name>.text</name>
         <load_address>0x5218</load_address>
         <run_address>0x5218</run_address>
         <size>0x134</size>
         <input_file_ref idref="fl-4"/>
      </object_component>
      <object_component id="oc-2a2">
         <name>.text</name>
         <load_address>0x534c</load_address>
         <run_address>0x534c</run_address>
         <size>0x134</size>
         <input_file_ref idref="fl-f5"/>
      </object_component>
      <object_component id="oc-290">
         <name>.text</name>
         <load_address>0x5480</load_address>
         <run_address>0x5480</run_address>
         <size>0x114</size>
         <input_file_ref idref="fl-f7"/>
      </object_component>
      <object_component id="oc-16d">
         <name>.text</name>
         <load_address>0x5594</load_address>
         <run_address>0x5594</run_address>
         <size>0xfc</size>
         <input_file_ref idref="fl-d1"/>
      </object_component>
      <object_component id="oc-21e">
         <name>.text</name>
         <load_address>0x5690</load_address>
         <run_address>0x5690</run_address>
         <size>0xfc</size>
         <input_file_ref idref="fl-dd"/>
      </object_component>
      <object_component id="oc-f2">
         <name>.text</name>
         <load_address>0x578c</load_address>
         <run_address>0x578c</run_address>
         <size>0xe8</size>
         <input_file_ref idref="fl-9"/>
      </object_component>
      <object_component id="oc-138">
         <name>.text</name>
         <load_address>0x5874</load_address>
         <run_address>0x5874</run_address>
         <size>0xcc</size>
         <input_file_ref idref="fl-df"/>
      </object_component>
      <object_component id="oc-37">
         <name>.text</name>
         <load_address>0x5940</load_address>
         <run_address>0x5940</run_address>
         <size>0x9c</size>
         <input_file_ref idref="fl-d7"/>
      </object_component>
      <object_component id="oc-1b0">
         <name>.text</name>
         <load_address>0x59dc</load_address>
         <run_address>0x59dc</run_address>
         <size>0x88</size>
         <input_file_ref idref="fl-e4"/>
      </object_component>
      <object_component id="oc-208">
         <name>.text:__aeabi_cdcmple</name>
         <load_address>0x5a64</load_address>
         <run_address>0x5a64</run_address>
         <size>0x86</size>
         <input_file_ref idref="fl-cf"/>
      </object_component>
      <object_component id="oc-20d">
         <name>.text:__aeabi_cdrcmple</name>
         <load_address>0x5aea</load_address>
         <run_address>0x5aea</run_address>
         <size>0x86</size>
         <input_file_ref idref="fl-cf"/>
      </object_component>
      <object_component id="oc-50">
         <name>.text</name>
         <load_address>0x5b70</load_address>
         <run_address>0x5b70</run_address>
         <size>0x7a</size>
         <input_file_ref idref="fl-da"/>
      </object_component>
      <object_component id="oc-68">
         <name>.text</name>
         <load_address>0x5bec</load_address>
         <run_address>0x5bec</run_address>
         <size>0x70</size>
         <input_file_ref idref="fl-ea"/>
      </object_component>
      <object_component id="oc-1a2">
         <name>.text</name>
         <load_address>0x5c5c</load_address>
         <run_address>0x5c5c</run_address>
         <size>0x6e</size>
         <input_file_ref idref="fl-d3"/>
      </object_component>
      <object_component id="oc-43">
         <name>.text</name>
         <load_address>0x5cca</load_address>
         <run_address>0x5cca</run_address>
         <size>0x6a</size>
         <input_file_ref idref="fl-c8"/>
      </object_component>
      <object_component id="oc-218">
         <name>.text</name>
         <load_address>0x5d34</load_address>
         <run_address>0x5d34</run_address>
         <size>0x64</size>
         <input_file_ref idref="fl-f0"/>
      </object_component>
      <object_component id="oc-e6">
         <name>.text</name>
         <load_address>0x5d98</load_address>
         <run_address>0x5d98</run_address>
         <size>0x60</size>
         <input_file_ref idref="fl-de"/>
      </object_component>
      <object_component id="oc-212">
         <name>.text</name>
         <load_address>0x5df8</load_address>
         <run_address>0x5df8</run_address>
         <size>0x56</size>
         <input_file_ref idref="fl-ed"/>
      </object_component>
      <object_component id="oc-24">
         <name>.text</name>
         <load_address>0x5e50</load_address>
         <run_address>0x5e50</run_address>
         <size>0x54</size>
         <input_file_ref idref="fl-c6"/>
      </object_component>
      <object_component id="oc-74">
         <name>.text</name>
         <load_address>0x5ea4</load_address>
         <run_address>0x5ea4</run_address>
         <size>0x54</size>
         <input_file_ref idref="fl-cd"/>
      </object_component>
      <object_component id="oc-230">
         <name>.text</name>
         <load_address>0x5ef8</load_address>
         <run_address>0x5ef8</run_address>
         <size>0x4c</size>
         <input_file_ref idref="fl-e9"/>
      </object_component>
      <object_component id="oc-a4">
         <name>.text</name>
         <load_address>0x5f44</load_address>
         <run_address>0x5f44</run_address>
         <size>0x4c</size>
         <input_file_ref idref="fl-eb"/>
      </object_component>
      <object_component id="oc-1c8">
         <name>.text</name>
         <load_address>0x5f90</load_address>
         <run_address>0x5f90</run_address>
         <size>0x48</size>
         <input_file_ref idref="fl-d2"/>
      </object_component>
      <object_component id="oc-177">
         <name>.text</name>
         <load_address>0x5fd8</load_address>
         <run_address>0x5fd8</run_address>
         <size>0x44</size>
         <input_file_ref idref="fl-d4"/>
      </object_component>
      <object_component id="oc-10f">
         <name>.text</name>
         <load_address>0x601c</load_address>
         <run_address>0x601c</run_address>
         <size>0x38</size>
         <input_file_ref idref="fl-d5"/>
      </object_component>
      <object_component id="oc-184">
         <name>.text:IntRegister</name>
         <load_address>0x6054</load_address>
         <run_address>0x6054</run_address>
         <size>0x34</size>
         <input_file_ref idref="fl-fb"/>
      </object_component>
      <object_component id="oc-fe">
         <name>.text</name>
         <load_address>0x6088</load_address>
         <run_address>0x6088</run_address>
         <size>0x2e</size>
         <input_file_ref idref="fl-d6"/>
      </object_component>
      <object_component id="oc-126">
         <name>.text</name>
         <load_address>0x60b6</load_address>
         <run_address>0x60b6</run_address>
         <size>0x24</size>
         <input_file_ref idref="fl-d8"/>
      </object_component>
      <object_component id="oc-22a">
         <name>.text</name>
         <load_address>0x60da</load_address>
         <run_address>0x60da</run_address>
         <size>0x1c</size>
         <input_file_ref idref="fl-ee"/>
      </object_component>
      <object_component id="oc-1c1">
         <name>.text:oi_parseInt</name>
         <load_address>0x60f6</load_address>
         <run_address>0x60f6</run_address>
         <size>0x18</size>
         <input_file_ref idref="fl-7"/>
      </object_component>
      <object_component id="oc-6e">
         <name>.text</name>
         <load_address>0x6110</load_address>
         <run_address>0x6110</run_address>
         <size>0x18</size>
         <input_file_ref idref="fl-e8"/>
      </object_component>
      <object_component id="oc-2f6">
         <name>.text</name>
         <load_address>0x6128</load_address>
         <run_address>0x6128</run_address>
         <size>0x18</size>
         <input_file_ref idref="fl-fa"/>
      </object_component>
      <object_component id="oc-12c">
         <name>.text</name>
         <load_address>0x6140</load_address>
         <run_address>0x6140</run_address>
         <size>0x18</size>
         <input_file_ref idref="fl-e1"/>
      </object_component>
      <object_component id="oc-2af">
         <name>.text</name>
         <load_address>0x6158</load_address>
         <run_address>0x6158</run_address>
         <size>0x18</size>
         <input_file_ref idref="fl-f3"/>
      </object_component>
      <object_component id="oc-224">
         <name>.text</name>
         <load_address>0x6170</load_address>
         <run_address>0x6170</run_address>
         <size>0x16</size>
         <input_file_ref idref="fl-f2"/>
      </object_component>
      <object_component id="oc-149">
         <name>.text</name>
         <load_address>0x6188</load_address>
         <run_address>0x6188</run_address>
         <size>0x14</size>
         <input_file_ref idref="fl-e5"/>
      </object_component>
      <object_component id="oc-2ce">
         <name>.text</name>
         <load_address>0x619c</load_address>
         <run_address>0x619c</run_address>
         <size>0x14</size>
         <input_file_ref idref="fl-ef"/>
      </object_component>
      <object_component id="oc-120">
         <name>.text</name>
         <load_address>0x61b0</load_address>
         <run_address>0x61b0</run_address>
         <size>0x14</size>
         <input_file_ref idref="fl-e2"/>
      </object_component>
      <object_component id="oc-ec">
         <name>.text</name>
         <load_address>0x61c4</load_address>
         <run_address>0x61c4</run_address>
         <size>0x14</size>
         <input_file_ref idref="fl-e3"/>
      </object_component>
      <object_component id="oc-18a">
         <name>.text:IntMasterEnable</name>
         <load_address>0x61d8</load_address>
         <run_address>0x61d8</run_address>
         <size>0x10</size>
         <input_file_ref idref="fl-fb"/>
      </object_component>
      <object_component id="oc-1a9">
         <name>.text:lcd_clear</name>
         <load_address>0x61e8</load_address>
         <run_address>0x61e8</run_address>
         <size>0x10</size>
         <input_file_ref idref="fl-5"/>
      </object_component>
      <object_component id="oc-12">
         <name>.text:decompress:none</name>
         <load_address>0x61f8</load_address>
         <run_address>0x61f8</run_address>
         <size>0xe</size>
         <input_file_ref idref="fl-c7"/>
      </object_component>
      <object_component id="oc-253">
         <name>.text:CPUcpsie</name>
         <load_address>0x6206</load_address>
         <run_address>0x6206</run_address>
         <size>0xc</size>
         <input_file_ref idref="fl-fc"/>
      </object_component>
      <object_component id="oc-2e">
         <name>.text</name>
         <load_address>0x6212</load_address>
         <run_address>0x6212</run_address>
         <size>0xc</size>
         <input_file_ref idref="fl-b"/>
      </object_component>
      <object_component id="oc-18">
         <name>.text:decompress:rle24</name>
         <load_address>0x621e</load_address>
         <run_address>0x621e</run_address>
         <size>0x6</size>
         <input_file_ref idref="fl-c8"/>
      </object_component>
      <object_component id="oc-62">
         <name>.text</name>
         <load_address>0x6224</load_address>
         <run_address>0x6224</run_address>
         <size>0x4</size>
         <input_file_ref idref="fl-dc"/>
      </object_component>
      <object_component id="oc-1ed">
         <name>.const:.string:_ctypes_</name>
         <load_address>0x6228</load_address>
         <run_address>0x6228</run_address>
         <size>0x101</size>
         <input_file_ref idref="fl-ec"/>
      </object_component>
      <object_component id="oc-1b6">
         <name>.const:.string:lineAddress$1</name>
         <load_address>0x6329</load_address>
         <run_address>0x6329</run_address>
         <size>0x4</size>
         <input_file_ref idref="fl-5"/>
      </object_component>
      <object_component id="oc-2fd">
         <name>.const:$O1$$</name>
         <load_address>0x6330</load_address>
         <run_address>0x6330</run_address>
         <size>0x98</size>
         <input_file_ref idref="fl-f4"/>
      </object_component>
      <object_component id="oc-265">
         <name>.const:$O1$$</name>
         <load_address>0x63c8</load_address>
         <run_address>0x63c8</run_address>
         <size>0x30</size>
         <input_file_ref idref="fl-ca"/>
      </object_component>
      <object_component id="oc-2ae">
         <name>.const:$O1$$</name>
         <load_address>0x63f8</load_address>
         <run_address>0x63f8</run_address>
         <size>0x10</size>
         <input_file_ref idref="fl-e7"/>
      </object_component>
      <object_component id="oc-1df">
         <name>.const:.string:$P$T0$1</name>
         <load_address>0x6408</load_address>
         <run_address>0x6408</run_address>
         <size>0xf</size>
         <input_file_ref idref="fl-2"/>
      </object_component>
      <object_component id="oc-1d3">
         <name>.const:.string:$P$T0$3</name>
         <load_address>0x6417</load_address>
         <run_address>0x6417</run_address>
         <size>0xf</size>
         <input_file_ref idref="fl-7"/>
      </object_component>
      <object_component id="oc-1e2">
         <name>.const:.string:$P$T1$2</name>
         <load_address>0x6426</load_address>
         <run_address>0x6426</run_address>
         <size>0xf</size>
         <input_file_ref idref="fl-2"/>
      </object_component>
      <object_component id="oc-1b7">
         <name>.const:.string:lineAddresses$2</name>
         <load_address>0x6435</load_address>
         <run_address>0x6435</run_address>
         <size>0x4</size>
         <input_file_ref idref="fl-5"/>
      </object_component>
      <object_component id="oc-34d">
         <name>.cinit..data.load</name>
         <load_address>0x6440</load_address>
         <run_address>0x6440</run_address>
         <size>0x21</size>
      </object_component>
      <object_component id="oc-34c">
         <name>.cinit..vtable.load</name>
         <load_address>0x6468</load_address>
         <run_address>0x6468</run_address>
         <size>0xb</size>
      </object_component>
      <object_component id="oc-34e">
         <name>.cinit..bss.load</name>
         <load_address>0x6478</load_address>
         <run_address>0x6478</run_address>
         <size>0x9</size>
      </object_component>
      <object_component id="oc-34a">
         <name>__TI_handler_table</name>
         <load_address>0x6484</load_address>
         <run_address>0x6484</run_address>
         <size>0x8</size>
      </object_component>
      <object_component id="oc-34b">
         <name>__TI_cinit_table</name>
         <load_address>0x648c</load_address>
         <run_address>0x648c</run_address>
         <size>0x18</size>
      </object_component>
      <object_component id="oc-24e">
         <name>.vtable</name>
         <uninitialized>true</uninitialized>
         <run_address>0x20000000</run_address>
         <size>0x26c</size>
         <input_file_ref idref="fl-fb"/>
      </object_component>
      <object_component id="oc-1d2">
         <name>.data</name>
         <load_address>0x20000eec</load_address>
         <run_address>0x20000eec</run_address>
         <size>0x10</size>
         <input_file_ref idref="fl-7"/>
      </object_component>
      <object_component id="oc-262">
         <name>.data</name>
         <load_address>0x20000f1c</load_address>
         <run_address>0x20000f1c</run_address>
         <size>0x4</size>
         <input_file_ref idref="fl-cc"/>
      </object_component>
      <object_component id="oc-ba">
         <name>.data:$O1$$</name>
         <load_address>0x20000efc</load_address>
         <run_address>0x20000efc</run_address>
         <size>0xc</size>
         <input_file_ref idref="fl-cd"/>
      </object_component>
      <object_component id="oc-27a">
         <name>.data:$O1$$</name>
         <load_address>0x20000f08</load_address>
         <run_address>0x20000f08</run_address>
         <size>0xc</size>
         <input_file_ref idref="fl-d9"/>
      </object_component>
      <object_component id="oc-7a">
         <name>.data</name>
         <load_address>0x20000f20</load_address>
         <run_address>0x20000f20</run_address>
         <size>0x4</size>
         <input_file_ref idref="fl-e0"/>
      </object_component>
      <object_component id="oc-bd">
         <name>.data:$O1$$</name>
         <load_address>0x20000f14</load_address>
         <run_address>0x20000f14</run_address>
         <size>0x8</size>
         <input_file_ref idref="fl-e5"/>
      </object_component>
      <object_component id="oc-1b8">
         <name>.bss:lastbuffer$3</name>
         <uninitialized>true</uninitialized>
         <run_address>0x20000e70</run_address>
         <size>0x54</size>
         <input_file_ref idref="fl-5"/>
      </object_component>
      <object_component id="oc-1d6">
         <name>.bss:firmware$2</name>
         <uninitialized>true</uninitialized>
         <run_address>0x20000ec4</run_address>
         <size>0x18</size>
         <input_file_ref idref="fl-7"/>
      </object_component>
      <object_component id="oc-193">
         <name>.common:risingEdge</name>
         <uninitialized>true</uninitialized>
         <run_address>0x20000ee4</run_address>
         <size>0x4</size>
      </object_component>
      <object_component id="oc-194">
         <name>.common:fallingEdge</name>
         <uninitialized>true</uninitialized>
         <run_address>0x20000edc</run_address>
         <size>0x4</size>
      </object_component>
      <object_component id="oc-195">
         <name>.common:pulseLength</name>
         <uninitialized>true</uninitialized>
         <run_address>0x20000ee0</run_address>
         <size>0x4</size>
      </object_component>
      <object_component id="oc-190">
         <name>.common:isRisingEdge</name>
         <uninitialized>true</uninitialized>
         <run_address>0x20000ee8</run_address>
         <size>0x1</size>
      </object_component>
      <object_component id="oc-2b">
         <name>.sysmem</name>
         <uninitialized>true</uninitialized>
         <run_address>0x20000a70</run_address>
         <size>0x8</size>
         <input_file_ref idref="fl-d9"/>
      </object_component>
      <object_component id="oc-350">
         <name>.sysmem</name>
         <uninitialized>true</uninitialized>
         <run_address>0x20000a70</run_address>
         <size>0x0</size>
      </object_component>
      <object_component id="oc-2a">
         <name>.stack</name>
         <uninitialized>true</uninitialized>
         <run_address>0x2000026c</run_address>
         <size>0x0</size>
         <input_file_ref idref="fl-c6"/>
      </object_component>
      <object_component id="oc-34f">
         <name>.stack</name>
         <uninitialized>true</uninitialized>
         <run_address>0x2000026c</run_address>
         <size>0x0</size>
      </object_component>
      <object_component id="oc-1e6">
         <name>.debug_info</name>
         <load_address>0x0</load_address>
         <run_address>0x0</run_address>
         <size>0x28b</size>
         <input_file_ref idref="fl-2"/>
      </object_component>
      <object_component id="oc-1e0">
         <name>.debug_info</name>
         <load_address>0x28b</load_address>
         <run_address>0x28b</run_address>
         <size>0xee</size>
         <input_file_ref idref="fl-2"/>
      </object_component>
      <object_component id="oc-1e3">
         <name>.debug_info</name>
         <load_address>0x379</load_address>
         <run_address>0x379</run_address>
         <size>0xee</size>
         <input_file_ref idref="fl-2"/>
      </object_component>
      <object_component id="oc-133">
         <name>.debug_info</name>
         <load_address>0x467</load_address>
         <run_address>0x467</run_address>
         <size>0xa90</size>
         <input_file_ref idref="fl-2"/>
      </object_component>
      <object_component id="oc-1f9">
         <name>.debug_info</name>
         <load_address>0xef7</load_address>
         <run_address>0xef7</run_address>
         <size>0x5aa</size>
         <input_file_ref idref="fl-2"/>
      </object_component>
      <object_component id="oc-1f4">
         <name>.debug_info</name>
         <load_address>0x14a1</load_address>
         <run_address>0x14a1</run_address>
         <size>0xc8</size>
         <input_file_ref idref="fl-2"/>
      </object_component>
      <object_component id="oc-92">
         <name>.debug_info</name>
         <load_address>0x1569</load_address>
         <run_address>0x1569</run_address>
         <size>0x84</size>
         <input_file_ref idref="fl-2"/>
      </object_component>
      <object_component id="oc-85">
         <name>.debug_info</name>
         <load_address>0x15ed</load_address>
         <run_address>0x15ed</run_address>
         <size>0x18b</size>
         <input_file_ref idref="fl-2"/>
      </object_component>
      <object_component id="oc-17e">
         <name>.debug_info</name>
         <load_address>0x1778</load_address>
         <run_address>0x1778</run_address>
         <size>0x2c</size>
         <input_file_ref idref="fl-2"/>
      </object_component>
      <object_component id="oc-166">
         <name>.debug_info</name>
         <load_address>0x17a4</load_address>
         <run_address>0x17a4</run_address>
         <size>0x4e</size>
         <input_file_ref idref="fl-2"/>
      </object_component>
      <object_component id="oc-15d">
         <name>.debug_info</name>
         <load_address>0x17f2</load_address>
         <run_address>0x17f2</run_address>
         <size>0x18d</size>
         <input_file_ref idref="fl-3"/>
      </object_component>
      <object_component id="oc-e4">
         <name>.debug_info</name>
         <load_address>0x197f</load_address>
         <run_address>0x197f</run_address>
         <size>0x96e</size>
         <input_file_ref idref="fl-3"/>
      </object_component>
      <object_component id="oc-9a">
         <name>.debug_info</name>
         <load_address>0x22ed</load_address>
         <run_address>0x22ed</run_address>
         <size>0x2c</size>
         <input_file_ref idref="fl-3"/>
      </object_component>
      <object_component id="oc-10c">
         <name>.debug_info</name>
         <load_address>0x2319</load_address>
         <run_address>0x2319</run_address>
         <size>0x446</size>
         <input_file_ref idref="fl-4"/>
      </object_component>
      <object_component id="oc-1ba">
         <name>.debug_info</name>
         <load_address>0x275f</load_address>
         <run_address>0x275f</run_address>
         <size>0x21b</size>
         <input_file_ref idref="fl-5"/>
      </object_component>
      <object_component id="oc-1ab">
         <name>.debug_info</name>
         <load_address>0x297a</load_address>
         <run_address>0x297a</run_address>
         <size>0x202</size>
         <input_file_ref idref="fl-5"/>
      </object_component>
      <object_component id="oc-117">
         <name>.debug_info</name>
         <load_address>0x2b7c</load_address>
         <run_address>0x2b7c</run_address>
         <size>0xd67</size>
         <input_file_ref idref="fl-5"/>
      </object_component>
      <object_component id="oc-13f">
         <name>.debug_info</name>
         <load_address>0x38e3</load_address>
         <run_address>0x38e3</run_address>
         <size>0x589</size>
         <input_file_ref idref="fl-6"/>
      </object_component>
      <object_component id="oc-b5">
         <name>.debug_info</name>
         <load_address>0x3e6c</load_address>
         <run_address>0x3e6c</run_address>
         <size>0xb74</size>
         <input_file_ref idref="fl-6"/>
      </object_component>
      <object_component id="oc-1d8">
         <name>.debug_info</name>
         <load_address>0x49e0</load_address>
         <run_address>0x49e0</run_address>
         <size>0x2a9</size>
         <input_file_ref idref="fl-7"/>
      </object_component>
      <object_component id="oc-1d4">
         <name>.debug_info</name>
         <load_address>0x4c89</load_address>
         <run_address>0x4c89</run_address>
         <size>0xf5</size>
         <input_file_ref idref="fl-7"/>
      </object_component>
      <object_component id="oc-1c3">
         <name>.debug_info</name>
         <load_address>0x4d7e</load_address>
         <run_address>0x4d7e</run_address>
         <size>0x1c3</size>
         <input_file_ref idref="fl-7"/>
      </object_component>
      <object_component id="oc-11c">
         <name>.debug_info</name>
         <load_address>0x4f41</load_address>
         <run_address>0x4f41</run_address>
         <size>0x1c13</size>
         <input_file_ref idref="fl-7"/>
      </object_component>
      <object_component id="oc-191">
         <name>.debug_info</name>
         <load_address>0x6b54</load_address>
         <run_address>0x6b54</run_address>
         <size>0x226</size>
         <input_file_ref idref="fl-8"/>
      </object_component>
      <object_component id="oc-104">
         <name>.debug_info</name>
         <load_address>0x6d7a</load_address>
         <run_address>0x6d7a</run_address>
         <size>0x4f8</size>
         <input_file_ref idref="fl-8"/>
      </object_component>
      <object_component id="oc-197">
         <name>.debug_info</name>
         <load_address>0x7272</load_address>
         <run_address>0x7272</run_address>
         <size>0x8b</size>
         <input_file_ref idref="fl-8"/>
      </object_component>
      <object_component id="oc-f5">
         <name>.debug_info</name>
         <load_address>0x72fd</load_address>
         <run_address>0x72fd</run_address>
         <size>0x326</size>
         <input_file_ref idref="fl-9"/>
      </object_component>
      <object_component id="oc-fc">
         <name>.debug_info</name>
         <load_address>0x7623</load_address>
         <run_address>0x7623</run_address>
         <size>0x87a</size>
         <input_file_ref idref="fl-a"/>
      </object_component>
      <object_component id="oc-36">
         <name>.debug_info</name>
         <load_address>0x7e9d</load_address>
         <run_address>0x7e9d</run_address>
         <size>0xf3</size>
         <input_file_ref idref="fl-b"/>
      </object_component>
      <object_component id="oc-10">
         <name>.debug_info</name>
         <load_address>0x7f90</load_address>
         <run_address>0x7f90</run_address>
         <size>0xde</size>
         <input_file_ref idref="fl-b"/>
      </object_component>
      <object_component id="oc-30">
         <name>.debug_info</name>
         <load_address>0x806e</load_address>
         <run_address>0x806e</run_address>
         <size>0x25a</size>
         <input_file_ref idref="fl-b"/>
      </object_component>
      <object_component id="oc-25">
         <name>.debug_info</name>
         <load_address>0x82c8</load_address>
         <run_address>0x82c8</run_address>
         <size>0x17c</size>
         <input_file_ref idref="fl-c6"/>
      </object_component>
      <object_component id="oc-42">
         <name>.debug_info</name>
         <load_address>0x8444</load_address>
         <run_address>0x8444</run_address>
         <size>0x15c</size>
         <input_file_ref idref="fl-c7"/>
      </object_component>
      <object_component id="oc-16">
         <name>.debug_info</name>
         <load_address>0x85a0</load_address>
         <run_address>0x85a0</run_address>
         <size>0x1fb</size>
         <input_file_ref idref="fl-c7"/>
      </object_component>
      <object_component id="oc-3d">
         <name>.debug_info</name>
         <load_address>0x879b</load_address>
         <run_address>0x879b</run_address>
         <size>0x46</size>
         <input_file_ref idref="fl-c7"/>
      </object_component>
      <object_component id="oc-8b">
         <name>.debug_info</name>
         <load_address>0x87e1</load_address>
         <run_address>0x87e1</run_address>
         <size>0x2c</size>
         <input_file_ref idref="fl-c7"/>
      </object_component>
      <object_component id="oc-4a">
         <name>.debug_info</name>
         <load_address>0x880d</load_address>
         <run_address>0x880d</run_address>
         <size>0x150</size>
         <input_file_ref idref="fl-c8"/>
      </object_component>
      <object_component id="oc-44">
         <name>.debug_info</name>
         <load_address>0x895d</load_address>
         <run_address>0x895d</run_address>
         <size>0x263</size>
         <input_file_ref idref="fl-c8"/>
      </object_component>
      <object_component id="oc-19">
         <name>.debug_info</name>
         <load_address>0x8bc0</load_address>
         <run_address>0x8bc0</run_address>
         <size>0x1cd</size>
         <input_file_ref idref="fl-c8"/>
      </object_component>
      <object_component id="oc-4b">
         <name>.debug_info</name>
         <load_address>0x8d8d</load_address>
         <run_address>0x8d8d</run_address>
         <size>0x39</size>
         <input_file_ref idref="fl-c8"/>
      </object_component>
      <object_component id="oc-269">
         <name>.debug_info</name>
         <load_address>0x8dc6</load_address>
         <run_address>0x8dc6</run_address>
         <size>0x21d</size>
         <input_file_ref idref="fl-ca"/>
      </object_component>
      <object_component id="oc-266">
         <name>.debug_info</name>
         <load_address>0x8fe3</load_address>
         <run_address>0x8fe3</run_address>
         <size>0x139</size>
         <input_file_ref idref="fl-ca"/>
      </object_component>
      <object_component id="oc-19e">
         <name>.debug_info</name>
         <load_address>0x911c</load_address>
         <run_address>0x911c</run_address>
         <size>0xb91</size>
         <input_file_ref idref="fl-ca"/>
      </object_component>
      <object_component id="oc-26b">
         <name>.debug_info</name>
         <load_address>0x9cad</load_address>
         <run_address>0x9cad</run_address>
         <size>0x39</size>
         <input_file_ref idref="fl-ca"/>
      </object_component>
      <object_component id="oc-2e9">
         <name>.debug_info</name>
         <load_address>0x9ce6</load_address>
         <run_address>0x9ce6</run_address>
         <size>0x165</size>
         <input_file_ref idref="fl-cb"/>
      </object_component>
      <object_component id="oc-25f">
         <name>.debug_info</name>
         <load_address>0x9e4b</load_address>
         <run_address>0x9e4b</run_address>
         <size>0x25c</size>
         <input_file_ref idref="fl-cb"/>
      </object_component>
      <object_component id="oc-263">
         <name>.debug_info</name>
         <load_address>0xa0a7</load_address>
         <run_address>0xa0a7</run_address>
         <size>0x10f</size>
         <input_file_ref idref="fl-cc"/>
      </object_component>
      <object_component id="oc-c1">
         <name>.debug_info</name>
         <load_address>0xa1b6</load_address>
         <run_address>0xa1b6</run_address>
         <size>0x250</size>
         <input_file_ref idref="fl-cd"/>
      </object_component>
      <object_component id="oc-bb">
         <name>.debug_info</name>
         <load_address>0xa406</load_address>
         <run_address>0xa406</run_address>
         <size>0x1a1</size>
         <input_file_ref idref="fl-cd"/>
      </object_component>
      <object_component id="oc-75">
         <name>.debug_info</name>
         <load_address>0xa5a7</load_address>
         <run_address>0xa5a7</run_address>
         <size>0x230</size>
         <input_file_ref idref="fl-cd"/>
      </object_component>
      <object_component id="oc-175">
         <name>.debug_info</name>
         <load_address>0xa7d7</load_address>
         <run_address>0xa7d7</run_address>
         <size>0x160</size>
         <input_file_ref idref="fl-ce"/>
      </object_component>
      <object_component id="oc-20b">
         <name>.debug_info</name>
         <load_address>0xa937</load_address>
         <run_address>0xa937</run_address>
         <size>0x13c</size>
         <input_file_ref idref="fl-cf"/>
      </object_component>
      <object_component id="oc-210">
         <name>.debug_info</name>
         <load_address>0xaa73</load_address>
         <run_address>0xaa73</run_address>
         <size>0x13e</size>
         <input_file_ref idref="fl-cf"/>
      </object_component>
      <object_component id="oc-1ce">
         <name>.debug_info</name>
         <load_address>0xabb1</load_address>
         <run_address>0xabb1</run_address>
         <size>0x14e</size>
         <input_file_ref idref="fl-d0"/>
      </object_component>
      <object_component id="oc-16e">
         <name>.debug_info</name>
         <load_address>0xacff</load_address>
         <run_address>0xacff</run_address>
         <size>0x14e</size>
         <input_file_ref idref="fl-d1"/>
      </object_component>
      <object_component id="oc-1cb">
         <name>.debug_info</name>
         <load_address>0xae4d</load_address>
         <run_address>0xae4d</run_address>
         <size>0x142</size>
         <input_file_ref idref="fl-d2"/>
      </object_component>
      <object_component id="oc-1a3">
         <name>.debug_info</name>
         <load_address>0xaf8f</load_address>
         <run_address>0xaf8f</run_address>
         <size>0x152</size>
         <input_file_ref idref="fl-d3"/>
      </object_component>
      <object_component id="oc-178">
         <name>.debug_info</name>
         <load_address>0xb0e1</load_address>
         <run_address>0xb0e1</run_address>
         <size>0x14d</size>
         <input_file_ref idref="fl-d4"/>
      </object_component>
      <object_component id="oc-112">
         <name>.debug_info</name>
         <load_address>0xb22e</load_address>
         <run_address>0xb22e</run_address>
         <size>0x140</size>
         <input_file_ref idref="fl-d5"/>
      </object_component>
      <object_component id="oc-100">
         <name>.debug_info</name>
         <load_address>0xb36e</load_address>
         <run_address>0xb36e</run_address>
         <size>0x140</size>
         <input_file_ref idref="fl-d6"/>
      </object_component>
      <object_component id="oc-38">
         <name>.debug_info</name>
         <load_address>0xb4ae</load_address>
         <run_address>0xb4ae</run_address>
         <size>0x12d</size>
         <input_file_ref idref="fl-d7"/>
      </object_component>
      <object_component id="oc-1dc">
         <name>.debug_info</name>
         <load_address>0xb5db</load_address>
         <run_address>0xb5db</run_address>
         <size>0x148</size>
         <input_file_ref idref="fl-d8"/>
      </object_component>
      <object_component id="oc-128">
         <name>.debug_info</name>
         <load_address>0xb723</load_address>
         <run_address>0xb723</run_address>
         <size>0x1c7</size>
         <input_file_ref idref="fl-d8"/>
      </object_component>
      <object_component id="oc-80">
         <name>.debug_info</name>
         <load_address>0xb8ea</load_address>
         <run_address>0xb8ea</run_address>
         <size>0x23e</size>
         <input_file_ref idref="fl-d9"/>
      </object_component>
      <object_component id="oc-2c">
         <name>.debug_info</name>
         <load_address>0xbb28</load_address>
         <run_address>0xbb28</run_address>
         <size>0x11d</size>
         <input_file_ref idref="fl-d9"/>
      </object_component>
      <object_component id="oc-27b">
         <name>.debug_info</name>
         <load_address>0xbc45</load_address>
         <run_address>0xbc45</run_address>
         <size>0x168</size>
         <input_file_ref idref="fl-d9"/>
      </object_component>
      <object_component id="oc-1bc">
         <name>.debug_info</name>
         <load_address>0xbdad</load_address>
         <run_address>0xbdad</run_address>
         <size>0x8a7</size>
         <input_file_ref idref="fl-d9"/>
      </object_component>
      <object_component id="oc-c7">
         <name>.debug_info</name>
         <load_address>0xc654</load_address>
         <run_address>0xc654</run_address>
         <size>0x2c</size>
         <input_file_ref idref="fl-d9"/>
      </object_component>
      <object_component id="oc-cc">
         <name>.debug_info</name>
         <load_address>0xc680</load_address>
         <run_address>0xc680</run_address>
         <size>0x62</size>
         <input_file_ref idref="fl-d9"/>
      </object_component>
      <object_component id="oc-52">
         <name>.debug_info</name>
         <load_address>0xc6e2</load_address>
         <run_address>0xc6e2</run_address>
         <size>0x15b</size>
         <input_file_ref idref="fl-da"/>
      </object_component>
      <object_component id="oc-5d">
         <name>.debug_info</name>
         <load_address>0xc83d</load_address>
         <run_address>0xc83d</run_address>
         <size>0x154</size>
         <input_file_ref idref="fl-db"/>
      </object_component>
      <object_component id="oc-64">
         <name>.debug_info</name>
         <load_address>0xc991</load_address>
         <run_address>0xc991</run_address>
         <size>0x164</size>
         <input_file_ref idref="fl-dc"/>
      </object_component>
      <object_component id="oc-2d5">
         <name>.debug_info</name>
         <load_address>0xcaf5</load_address>
         <run_address>0xcaf5</run_address>
         <size>0x198</size>
         <input_file_ref idref="fl-dd"/>
      </object_component>
      <object_component id="oc-220">
         <name>.debug_info</name>
         <load_address>0xcc8d</load_address>
         <run_address>0xcc8d</run_address>
         <size>0x1f1</size>
         <input_file_ref idref="fl-dd"/>
      </object_component>
      <object_component id="oc-2c9">
         <name>.debug_info</name>
         <load_address>0xce7e</load_address>
         <run_address>0xce7e</run_address>
         <size>0x2c</size>
         <input_file_ref idref="fl-dd"/>
      </object_component>
      <object_component id="oc-165">
         <name>.debug_info</name>
         <load_address>0xceaa</load_address>
         <run_address>0xceaa</run_address>
         <size>0x1d7</size>
         <input_file_ref idref="fl-de"/>
      </object_component>
      <object_component id="oc-e9">
         <name>.debug_info</name>
         <load_address>0xd081</load_address>
         <run_address>0xd081</run_address>
         <size>0x300</size>
         <input_file_ref idref="fl-de"/>
      </object_component>
      <object_component id="oc-23d">
         <name>.debug_info</name>
         <load_address>0xd381</load_address>
         <run_address>0xd381</run_address>
         <size>0x2c</size>
         <input_file_ref idref="fl-de"/>
      </object_component>
      <object_component id="oc-1f1">
         <name>.debug_info</name>
         <load_address>0xd3ad</load_address>
         <run_address>0xd3ad</run_address>
         <size>0x1f1</size>
         <input_file_ref idref="fl-df"/>
      </object_component>
      <object_component id="oc-139">
         <name>.debug_info</name>
         <load_address>0xd59e</load_address>
         <run_address>0xd59e</run_address>
         <size>0x426</size>
         <input_file_ref idref="fl-df"/>
      </object_component>
      <object_component id="oc-7b">
         <name>.debug_info</name>
         <load_address>0xd9c4</load_address>
         <run_address>0xd9c4</run_address>
         <size>0x125</size>
         <input_file_ref idref="fl-e0"/>
      </object_component>
      <object_component id="oc-1de">
         <name>.debug_info</name>
         <load_address>0xdae9</load_address>
         <run_address>0xdae9</run_address>
         <size>0x101</size>
         <input_file_ref idref="fl-e1"/>
      </object_component>
      <object_component id="oc-130">
         <name>.debug_info</name>
         <load_address>0xdbea</load_address>
         <run_address>0xdbea</run_address>
         <size>0x2aa</size>
         <input_file_ref idref="fl-e1"/>
      </object_component>
      <object_component id="oc-1da">
         <name>.debug_info</name>
         <load_address>0xde94</load_address>
         <run_address>0xde94</run_address>
         <size>0x10c</size>
         <input_file_ref idref="fl-e2"/>
      </object_component>
      <object_component id="oc-121">
         <name>.debug_info</name>
         <load_address>0xdfa0</load_address>
         <run_address>0xdfa0</run_address>
         <size>0x283</size>
         <input_file_ref idref="fl-e2"/>
      </object_component>
      <object_component id="oc-16c">
         <name>.debug_info</name>
         <load_address>0xe223</load_address>
         <run_address>0xe223</run_address>
         <size>0x106</size>
         <input_file_ref idref="fl-e3"/>
      </object_component>
      <object_component id="oc-ee">
         <name>.debug_info</name>
         <load_address>0xe329</load_address>
         <run_address>0xe329</run_address>
         <size>0x27c</size>
         <input_file_ref idref="fl-e3"/>
      </object_component>
      <object_component id="oc-272">
         <name>.debug_info</name>
         <load_address>0xe5a5</load_address>
         <run_address>0xe5a5</run_address>
         <size>0x1e4</size>
         <input_file_ref idref="fl-e4"/>
      </object_component>
      <object_component id="oc-1b1">
         <name>.debug_info</name>
         <load_address>0xe789</load_address>
         <run_address>0xe789</run_address>
         <size>0x378</size>
         <input_file_ref idref="fl-e4"/>
      </object_component>
      <object_component id="oc-273">
         <name>.debug_info</name>
         <load_address>0xeb01</load_address>
         <run_address>0xeb01</run_address>
         <size>0x69</size>
         <input_file_ref idref="fl-e4"/>
      </object_component>
      <object_component id="oc-151">
         <name>.debug_info</name>
         <load_address>0xeb6a</load_address>
         <run_address>0xeb6a</run_address>
         <size>0x140</size>
         <input_file_ref idref="fl-e5"/>
      </object_component>
      <object_component id="oc-be">
         <name>.debug_info</name>
         <load_address>0xecaa</load_address>
         <run_address>0xecaa</run_address>
         <size>0x12f</size>
         <input_file_ref idref="fl-e5"/>
      </object_component>
      <object_component id="oc-14a">
         <name>.debug_info</name>
         <load_address>0xedd9</load_address>
         <run_address>0xedd9</run_address>
         <size>0x23b</size>
         <input_file_ref idref="fl-e5"/>
      </object_component>
      <object_component id="oc-237">
         <name>.debug_info</name>
         <load_address>0xf014</load_address>
         <run_address>0xf014</run_address>
         <size>0x3ac</size>
         <input_file_ref idref="fl-e6"/>
      </object_component>
      <object_component id="oc-15f">
         <name>.debug_info</name>
         <load_address>0xf3c0</load_address>
         <run_address>0xf3c0</run_address>
         <size>0x180c</size>
         <input_file_ref idref="fl-e6"/>
      </object_component>
      <object_component id="oc-238">
         <name>.debug_info</name>
         <load_address>0x10bcc</load_address>
         <run_address>0x10bcc</run_address>
         <size>0x86</size>
         <input_file_ref idref="fl-e6"/>
      </object_component>
      <object_component id="oc-2de">
         <name>.debug_info</name>
         <load_address>0x10c52</load_address>
         <run_address>0x10c52</run_address>
         <size>0x46</size>
         <input_file_ref idref="fl-e6"/>
      </object_component>
      <object_component id="oc-242">
         <name>.debug_info</name>
         <load_address>0x10c98</load_address>
         <run_address>0x10c98</run_address>
         <size>0x39</size>
         <input_file_ref idref="fl-e6"/>
      </object_component>
      <object_component id="oc-2b6">
         <name>.debug_info</name>
         <load_address>0x10cd1</load_address>
         <run_address>0x10cd1</run_address>
         <size>0x492</size>
         <input_file_ref idref="fl-e7"/>
      </object_component>
      <object_component id="oc-1e9">
         <name>.debug_info</name>
         <load_address>0x11163</load_address>
         <run_address>0x11163</run_address>
         <size>0xc1f</size>
         <input_file_ref idref="fl-e7"/>
      </object_component>
      <object_component id="oc-2b8">
         <name>.debug_info</name>
         <load_address>0x11d82</load_address>
         <run_address>0x11d82</run_address>
         <size>0x9a</size>
         <input_file_ref idref="fl-e7"/>
      </object_component>
      <object_component id="oc-b9">
         <name>.debug_info</name>
         <load_address>0x11e1c</load_address>
         <run_address>0x11e1c</run_address>
         <size>0x182</size>
         <input_file_ref idref="fl-e8"/>
      </object_component>
      <object_component id="oc-6f">
         <name>.debug_info</name>
         <load_address>0x11f9e</load_address>
         <run_address>0x11f9e</run_address>
         <size>0x183</size>
         <input_file_ref idref="fl-e8"/>
      </object_component>
      <object_component id="oc-142">
         <name>.debug_info</name>
         <load_address>0x12121</load_address>
         <run_address>0x12121</run_address>
         <size>0x5e</size>
         <input_file_ref idref="fl-e8"/>
      </object_component>
      <object_component id="oc-2db">
         <name>.debug_info</name>
         <load_address>0x1217f</load_address>
         <run_address>0x1217f</run_address>
         <size>0x130</size>
         <input_file_ref idref="fl-e9"/>
      </object_component>
      <object_component id="oc-231">
         <name>.debug_info</name>
         <load_address>0x122af</load_address>
         <run_address>0x122af</run_address>
         <size>0x18d</size>
         <input_file_ref idref="fl-e9"/>
      </object_component>
      <object_component id="oc-b1">
         <name>.debug_info</name>
         <load_address>0x1243c</load_address>
         <run_address>0x1243c</run_address>
         <size>0x305</size>
         <input_file_ref idref="fl-ea"/>
      </object_component>
      <object_component id="oc-69">
         <name>.debug_info</name>
         <load_address>0x12741</load_address>
         <run_address>0x12741</run_address>
         <size>0x1ac</size>
         <input_file_ref idref="fl-ea"/>
      </object_component>
      <object_component id="oc-d6">
         <name>.debug_info</name>
         <load_address>0x128ed</load_address>
         <run_address>0x128ed</run_address>
         <size>0x39</size>
         <input_file_ref idref="fl-ea"/>
      </object_component>
      <object_component id="oc-db">
         <name>.debug_info</name>
         <load_address>0x12926</load_address>
         <run_address>0x12926</run_address>
         <size>0xcd</size>
         <input_file_ref idref="fl-ea"/>
      </object_component>
      <object_component id="oc-d2">
         <name>.debug_info</name>
         <load_address>0x129f3</load_address>
         <run_address>0x129f3</run_address>
         <size>0x1fc</size>
         <input_file_ref idref="fl-eb"/>
      </object_component>
      <object_component id="oc-a8">
         <name>.debug_info</name>
         <load_address>0x12bef</load_address>
         <run_address>0x12bef</run_address>
         <size>0x19f</size>
         <input_file_ref idref="fl-eb"/>
      </object_component>
      <object_component id="oc-157">
         <name>.debug_info</name>
         <load_address>0x12d8e</load_address>
         <run_address>0x12d8e</run_address>
         <size>0x2c</size>
         <input_file_ref idref="fl-eb"/>
      </object_component>
      <object_component id="oc-2bf">
         <name>.debug_info</name>
         <load_address>0x12dba</load_address>
         <run_address>0x12dba</run_address>
         <size>0x10a</size>
         <input_file_ref idref="fl-ec"/>
      </object_component>
      <object_component id="oc-1ee">
         <name>.debug_info</name>
         <load_address>0x12ec4</load_address>
         <run_address>0x12ec4</run_address>
         <size>0x116</size>
         <input_file_ref idref="fl-ec"/>
      </object_component>
      <object_component id="oc-2c6">
         <name>.debug_info</name>
         <load_address>0x12fda</load_address>
         <run_address>0x12fda</run_address>
         <size>0x168</size>
         <input_file_ref idref="fl-ed"/>
      </object_component>
      <object_component id="oc-216">
         <name>.debug_info</name>
         <load_address>0x13142</load_address>
         <run_address>0x13142</run_address>
         <size>0x1de</size>
         <input_file_ref idref="fl-ed"/>
      </object_component>
      <object_component id="oc-2d9">
         <name>.debug_info</name>
         <load_address>0x13320</load_address>
         <run_address>0x13320</run_address>
         <size>0x10d</size>
         <input_file_ref idref="fl-ee"/>
      </object_component>
      <object_component id="oc-22b">
         <name>.debug_info</name>
         <load_address>0x1342d</load_address>
         <run_address>0x1342d</run_address>
         <size>0x1c7</size>
         <input_file_ref idref="fl-ee"/>
      </object_component>
      <object_component id="oc-2d0">
         <name>.debug_info</name>
         <load_address>0x135f4</load_address>
         <run_address>0x135f4</run_address>
         <size>0x172</size>
         <input_file_ref idref="fl-ef"/>
      </object_component>
      <object_component id="oc-2c8">
         <name>.debug_info</name>
         <load_address>0x13766</load_address>
         <run_address>0x13766</run_address>
         <size>0x15b</size>
         <input_file_ref idref="fl-f0"/>
      </object_component>
      <object_component id="oc-21c">
         <name>.debug_info</name>
         <load_address>0x138c1</load_address>
         <run_address>0x138c1</run_address>
         <size>0x1a6</size>
         <input_file_ref idref="fl-f0"/>
      </object_component>
      <object_component id="oc-ac">
         <name>.debug_info</name>
         <load_address>0x13a67</load_address>
         <run_address>0x13a67</run_address>
         <size>0x161</size>
         <input_file_ref idref="fl-f1"/>
      </object_component>
      <object_component id="oc-2d7">
         <name>.debug_info</name>
         <load_address>0x13bc8</load_address>
         <run_address>0x13bc8</run_address>
         <size>0x111</size>
         <input_file_ref idref="fl-f2"/>
      </object_component>
      <object_component id="oc-225">
         <name>.debug_info</name>
         <load_address>0x13cd9</load_address>
         <run_address>0x13cd9</run_address>
         <size>0x296</size>
         <input_file_ref idref="fl-f2"/>
      </object_component>
      <object_component id="oc-308">
         <name>.debug_info</name>
         <load_address>0x13f6f</load_address>
         <run_address>0x13f6f</run_address>
         <size>0x10d</size>
         <input_file_ref idref="fl-f3"/>
      </object_component>
      <object_component id="oc-2b0">
         <name>.debug_info</name>
         <load_address>0x1407c</load_address>
         <run_address>0x1407c</run_address>
         <size>0x29a</size>
         <input_file_ref idref="fl-f3"/>
      </object_component>
      <object_component id="oc-301">
         <name>.debug_info</name>
         <load_address>0x14316</load_address>
         <run_address>0x14316</run_address>
         <size>0x279</size>
         <input_file_ref idref="fl-f4"/>
      </object_component>
      <object_component id="oc-2fe">
         <name>.debug_info</name>
         <load_address>0x1458f</load_address>
         <run_address>0x1458f</run_address>
         <size>0x134</size>
         <input_file_ref idref="fl-f4"/>
      </object_component>
      <object_component id="oc-29d">
         <name>.debug_info</name>
         <load_address>0x146c3</load_address>
         <run_address>0x146c3</run_address>
         <size>0x31c</size>
         <input_file_ref idref="fl-f4"/>
      </object_component>
      <object_component id="oc-304">
         <name>.debug_info</name>
         <load_address>0x149df</load_address>
         <run_address>0x149df</run_address>
         <size>0x15e</size>
         <input_file_ref idref="fl-f5"/>
      </object_component>
      <object_component id="oc-2a3">
         <name>.debug_info</name>
         <load_address>0x14b3d</load_address>
         <run_address>0x14b3d</run_address>
         <size>0x283</size>
         <input_file_ref idref="fl-f5"/>
      </object_component>
      <object_component id="oc-306">
         <name>.debug_info</name>
         <load_address>0x14dc0</load_address>
         <run_address>0x14dc0</run_address>
         <size>0x15f</size>
         <input_file_ref idref="fl-f6"/>
      </object_component>
      <object_component id="oc-2a9">
         <name>.debug_info</name>
         <load_address>0x14f1f</load_address>
         <run_address>0x14f1f</run_address>
         <size>0x2c7</size>
         <input_file_ref idref="fl-f6"/>
      </object_component>
      <object_component id="oc-2f5">
         <name>.debug_info</name>
         <load_address>0x151e6</load_address>
         <run_address>0x151e6</run_address>
         <size>0x15f</size>
         <input_file_ref idref="fl-f7"/>
      </object_component>
      <object_component id="oc-291">
         <name>.debug_info</name>
         <load_address>0x15345</load_address>
         <run_address>0x15345</run_address>
         <size>0x229</size>
         <input_file_ref idref="fl-f7"/>
      </object_component>
      <object_component id="oc-2fc">
         <name>.debug_info</name>
         <load_address>0x1556e</load_address>
         <run_address>0x1556e</run_address>
         <size>0x160</size>
         <input_file_ref idref="fl-f8"/>
      </object_component>
      <object_component id="oc-298">
         <name>.debug_info</name>
         <load_address>0x156ce</load_address>
         <run_address>0x156ce</run_address>
         <size>0x251</size>
         <input_file_ref idref="fl-f8"/>
      </object_component>
      <object_component id="oc-204">
         <name>.debug_info</name>
         <load_address>0x1591f</load_address>
         <run_address>0x1591f</run_address>
         <size>0x199</size>
         <input_file_ref idref="fl-f9"/>
      </object_component>
      <object_component id="oc-2f9">
         <name>.debug_info</name>
         <load_address>0x15ab8</load_address>
         <run_address>0x15ab8</run_address>
         <size>0x136</size>
         <input_file_ref idref="fl-fa"/>
      </object_component>
      <object_component id="oc-252">
         <name>.debug_info</name>
         <load_address>0x15bee</load_address>
         <run_address>0x15bee</run_address>
         <size>0x20e</size>
         <input_file_ref idref="fl-fb"/>
      </object_component>
      <object_component id="oc-24f">
         <name>.debug_info</name>
         <load_address>0x15dfc</load_address>
         <run_address>0x15dfc</run_address>
         <size>0x157</size>
         <input_file_ref idref="fl-fb"/>
      </object_component>
      <object_component id="oc-185">
         <name>.debug_info</name>
         <load_address>0x15f53</load_address>
         <run_address>0x15f53</run_address>
         <size>0x2c1</size>
         <input_file_ref idref="fl-fb"/>
      </object_component>
      <object_component id="oc-18b">
         <name>.debug_info</name>
         <load_address>0x16214</load_address>
         <run_address>0x16214</run_address>
         <size>0x23e</size>
         <input_file_ref idref="fl-fb"/>
      </object_component>
      <object_component id="oc-254">
         <name>.debug_info</name>
         <load_address>0x16452</load_address>
         <run_address>0x16452</run_address>
         <size>0x212</size>
         <input_file_ref idref="fl-fc"/>
      </object_component>
      <object_component id="oc-351">
         <name>.debug_info</name>
         <load_address>0x16664</load_address>
         <run_address>0x16664</run_address>
         <size>0x94</size>
      </object_component>
      <object_component id="oc-28f">
         <name>.debug_line</name>
         <load_address>0x0</load_address>
         <run_address>0x0</run_address>
         <size>0xd6</size>
         <input_file_ref idref="fl-2"/>
      </object_component>
      <object_component id="oc-28b">
         <name>.debug_line</name>
         <load_address>0xd6</load_address>
         <run_address>0xd6</run_address>
         <size>0x5c</size>
         <input_file_ref idref="fl-2"/>
      </object_component>
      <object_component id="oc-28d">
         <name>.debug_line</name>
         <load_address>0x132</load_address>
         <run_address>0x132</run_address>
         <size>0x5c</size>
         <input_file_ref idref="fl-2"/>
      </object_component>
      <object_component id="oc-137">
         <name>.debug_line</name>
         <load_address>0x18e</load_address>
         <run_address>0x18e</run_address>
         <size>0x190</size>
         <input_file_ref idref="fl-2"/>
      </object_component>
      <object_component id="oc-1fc">
         <name>.debug_line</name>
         <load_address>0x31e</load_address>
         <run_address>0x31e</run_address>
         <size>0x62</size>
         <input_file_ref idref="fl-2"/>
      </object_component>
      <object_component id="oc-1f7">
         <name>.debug_line</name>
         <load_address>0x380</load_address>
         <run_address>0x380</run_address>
         <size>0x65</size>
         <input_file_ref idref="fl-2"/>
      </object_component>
      <object_component id="oc-95">
         <name>.debug_line</name>
         <load_address>0x3e5</load_address>
         <run_address>0x3e5</run_address>
         <size>0x20</size>
         <input_file_ref idref="fl-2"/>
      </object_component>
      <object_component id="oc-88">
         <name>.debug_line</name>
         <load_address>0x405</load_address>
         <run_address>0x405</run_address>
         <size>0x66</size>
         <input_file_ref idref="fl-2"/>
      </object_component>
      <object_component id="oc-181">
         <name>.debug_line</name>
         <load_address>0x46b</load_address>
         <run_address>0x46b</run_address>
         <size>0x59</size>
         <input_file_ref idref="fl-2"/>
      </object_component>
      <object_component id="oc-169">
         <name>.debug_line</name>
         <load_address>0x4c4</load_address>
         <run_address>0x4c4</run_address>
         <size>0x66</size>
         <input_file_ref idref="fl-2"/>
      </object_component>
      <object_component id="oc-202">
         <name>.debug_line</name>
         <load_address>0x52a</load_address>
         <run_address>0x52a</run_address>
         <size>0xc2</size>
         <input_file_ref idref="fl-3"/>
      </object_component>
      <object_component id="oc-e2">
         <name>.debug_line</name>
         <load_address>0x5ec</load_address>
         <run_address>0x5ec</run_address>
         <size>0x174</size>
         <input_file_ref idref="fl-3"/>
      </object_component>
      <object_component id="oc-9d">
         <name>.debug_line</name>
         <load_address>0x760</load_address>
         <run_address>0x760</run_address>
         <size>0x66</size>
[...]
      </symbol>
      <symbol id="sm-225">
         <name>oi_parseInt</name>
         <value>0x60f7</value>
         <object_component_ref idref="oc-1c1"/>
      </symbol>
      <symbol id="sm-226">
         <name>oi_uartSendStr</name>
         <value>0x1afb</value>
         <object_component_ref idref="oc-11a"/>
      </symbol>
      <symbol id="sm-227">
         <name>oi_close</name>
         <value>0x13d3</value>
         <object_component_ref idref="oc-11a"/>
      </symbol>
      <symbol id="sm-228">
         <name>oi_uartSendBuff</name>
         <value>0x1b19</value>
         <object_component_ref idref="oc-11a"/>
      </symbol>
      <symbol id="sm-229">
         <name>oi_checkFirmware</name>
         <value>0x1b4b</value>
         <object_component_ref idref="oc-11a"/>
      </symbol>
      <symbol id="sm-22a">
         <name>oi_init_noupdate</name>
         <value>0x1399</value>
         <object_component_ref idref="oc-11a"/>
      </symbol>
      <symbol id="sm-22b">
         <name>oi_uartSendChar</name>
         <value>0x1ab7</value>
         <object_component_ref idref="oc-11a"/>
      </symbol>
      <symbol id="sm-22c">
         <name>oi_alloc</name>
         <value>0x137d</value>
         <object_component_ref idref="oc-11a"/>
      </symbol>
      <symbol id="sm-22d">
         <name>oi_loadSong</name>
         <value>0x19b7</value>
         <object_component_ref idref="oc-11a"/>
      </symbol>
      <symbol id="sm-22e">
         <name>oi_play_song</name>
         <value>0x1a0d</value>
         <object_component_ref idref="oc-11a"/>
      </symbol>
      <symbol id="sm-22f">
         <name>oi_parsePacket</name>
         <value>0x1437</value>
         <object_component_ref idref="oc-11a"/>
      </symbol>
      <symbol id="sm-230">
         <name>oi_setLeds</name>
         <value>0x1931</value>
         <object_component_ref idref="oc-11a"/>
      </symbol>
      <symbol id="sm-231">
         <name>oi_init</name>
         <value>0x13bd</value>
         <object_component_ref idref="oc-11a"/>
      </symbol>
      <symbol id="sm-232">
         <name>oi_update</name>
         <value>0x13e5</value>
         <object_component_ref idref="oc-11a"/>
      </symbol>
      <symbol id="sm-233">
         <name>oi_uartInit</name>
         <value>0x1a2f</value>
         <object_component_ref idref="oc-11a"/>
      </symbol>
      <symbol id="sm-266">
         <name>risingEdge</name>
         <value>0x20000ee4</value>
      </symbol>
      <symbol id="sm-267">
         <name>fallingEdge</name>
         <value>0x20000edc</value>
      </symbol>
      <symbol id="sm-268">
         <name>pulseLength</name>
         <value>0x20000ee0</value>
      </symbol>
      <symbol id="sm-269">
         <name>isRisingEdge</name>
         <value>0x20000ee8</value>
      </symbol>
      <symbol id="sm-26a">
         <name>TIMER3B_Handler</name>
         <value>0x49ff</value>
         <object_component_ref idref="oc-103"/>
      </symbol>
      <symbol id="sm-26b">
         <name>ping_init</name>
         <value>0x4915</value>
         <object_component_ref idref="oc-103"/>
      </symbol>
      <symbol id="sm-26c">
         <name>ping_getDistance</name>
         <value>0x4a51</value>
         <object_component_ref idref="oc-103"/>
      </symbol>
      <symbol id="sm-26d">
         <name>ping_trigger</name>
         <value>0x4995</value>
         <object_component_ref idref="oc-103"/>
      </symbol>
      <symbol id="sm-289">
         <name>turnServo</name>
         <value>0x57ff</value>
         <object_component_ref idref="oc-f2"/>
      </symbol>
      <symbol id="sm-28a">
         <name>PWM_init</name>
         <value>0x578d</value>
         <object_component_ref idref="oc-f2"/>
      </symbol>
      <symbol id="sm-2ab">
         <name>timer_startClock</name>
         <value>0x504d</value>
         <object_component_ref idref="oc-f8"/>
      </symbol>
      <symbol id="sm-2ac">
         <name>timer_stopClock</name>
         <value>0x509f</value>
         <object_component_ref idref="oc-f8"/>
      </symbol>
      <symbol id="sm-2ad">
         <name>timer_getClock</name>
         <value>0x5099</value>
         <object_component_ref idref="oc-f8"/>
      </symbol>
      <symbol id="sm-2ae">
         <name>timer_stopTimer</name>
         <value>0x5037</value>
         <object_component_ref idref="oc-f8"/>
      </symbol>
      <symbol id="sm-2af">
         <name>timer_startTimer</name>
         <value>0x4fe7</value>
         <object_component_ref idref="oc-f8"/>
      </symbol>
      <symbol id="sm-2b0">
         <name>timer_waitMillis</name>
         <value>0x4f89</value>
         <object_component_ref idref="oc-f8"/>
      </symbol>
      <symbol id="sm-2b1">
         <name>timer_waitMicros</name>
         <value>0x4fbd</value>
         <object_component_ref idref="oc-f8"/>
      </symbol>
      <symbol id="sm-2cd">
         <name>ResetISR</name>
         <value>0x6213</value>
         <object_component_ref idref="oc-2e"/>
      </symbol>
      <symbol id="sm-2ce">
         <name>g_pfnVectors</name>
         <value>0x0</value>
         <object_component_ref idref="oc-f"/>
      </symbol>
      <symbol id="sm-2df">
         <name>_c_int00</name>
         <value>0x5e51</value>
         <object_component_ref idref="oc-24"/>
      </symbol>
      <symbol id="sm-2e0">
         <name>__stack</name>
         <value>0x2000026c</value>
         <object_component_ref idref="oc-2a"/>
      </symbol>
      <symbol id="sm-2f7">
         <name>__TI_decompress_none</name>
         <value>0x61f9</value>
         <object_component_ref idref="oc-12"/>
      </symbol>
      <symbol id="sm-31a">
         <name>__TI_decompress_rle24</name>
         <value>0x621f</value>
         <object_component_ref idref="oc-18"/>
      </symbol>
      <symbol id="sm-3aa">
         <name>pow</name>
         <value>0x1e01</value>
         <object_component_ref idref="oc-19c"/>
      </symbol>
      <symbol id="sm-3ab">
         <name>powl</name>
         <value>0x1e01</value>
         <object_component_ref idref="oc-19c"/>
      </symbol>
      <symbol id="sm-3cf">
         <name>sqrtl</name>
         <value>0x4cad</value>
         <object_component_ref idref="oc-25c"/>
      </symbol>
      <symbol id="sm-3d0">
         <name>sqrt</name>
         <value>0x4cad</value>
         <object_component_ref idref="oc-25c"/>
      </symbol>
      <symbol id="sm-3d8">
         <name>errno</name>
         <value>0x20000f1c</value>
         <object_component_ref idref="oc-262"/>
      </symbol>
      <symbol id="sm-3f9">
         <name>C$$EXIT</name>
         <value>0x5ea5</value>
         <object_component_ref idref="oc-74"/>
      </symbol>
      <symbol id="sm-3fa">
         <name>abort</name>
         <value>0x5ea9</value>
         <object_component_ref idref="oc-74"/>
      </symbol>
      <symbol id="sm-3fb">
         <name>exit</name>
         <value>0x5eb1</value>
         <object_component_ref idref="oc-74"/>
      </symbol>
      <symbol id="sm-3fc">
         <name>__TI_dtors_ptr</name>
         <value>0x20000f00</value>
         <object_component_ref idref="oc-ba"/>
      </symbol>
      <symbol id="sm-3fd">
         <name>__TI_cleanup_ptr</name>
         <value>0x20000efc</value>
         <object_component_ref idref="oc-ba"/>
      </symbol>
      <symbol id="sm-3fe">
         <name>__TI_enable_exit_profile_output</name>
         <value>0x20000f04</value>
         <object_component_ref idref="oc-ba"/>
      </symbol>
      <symbol id="sm-415">
         <name>__aeabi_dsub</name>
         <value>0x4af5</value>
         <object_component_ref idref="oc-172"/>
      </symbol>
      <symbol id="sm-416">
         <name>__aeabi_dadd</name>
         <value>0x4aff</value>
         <object_component_ref idref="oc-172"/>
      </symbol>
      <symbol id="sm-438">
         <name>__aeabi_cdcmpeq</name>
         <value>0x5a65</value>
         <object_component_ref idref="oc-208"/>
      </symbol>
      <symbol id="sm-439">
         <name>__aeabi_cdcmple</name>
         <value>0x5a65</value>
         <object_component_ref idref="oc-208"/>
      </symbol>
      <symbol id="sm-43a">
         <name>__aeabi_cdrcmple</name>
         <value>0x5aeb</value>
         <object_component_ref idref="oc-20d"/>
      </symbol>
      <symbol id="sm-44e">
         <name>__aeabi_ddiv</name>
         <value>0x50e1</value>
         <object_component_ref idref="oc-1cd"/>
      </symbol>
      <symbol id="sm-459">
         <name>__aeabi_dmul</name>
         <value>0x5595</value>
         <object_component_ref idref="oc-16d"/>
      </symbol>
      <symbol id="sm-463">
         <name>__aeabi_d2iz</name>
         <value>0x5f91</value>
         <object_component_ref idref="oc-1c8"/>
      </symbol>
      <symbol id="sm-46f">
         <name>__aeabi_d2f</name>
         <value>0x5c5d</value>
         <object_component_ref idref="oc-1a2"/>
      </symbol>
      <symbol id="sm-479">
         <name>__aeabi_d2uiz</name>
         <value>0x5fd9</value>
         <object_component_ref idref="oc-177"/>
      </symbol>
      <symbol id="sm-484">
         <name>__aeabi_f2d</name>
         <value>0x601d</value>
         <object_component_ref idref="oc-10f"/>
      </symbol>
      <symbol id="sm-48e">
         <name>__aeabi_i2d</name>
         <value>0x6089</value>
         <object_component_ref idref="oc-fe"/>
      </symbol>
      <symbol id="sm-4a9">
         <name>memcpy</name>
         <value>0x5941</value>
         <object_component_ref idref="oc-37"/>
      </symbol>
      <symbol id="sm-4aa">
         <name>__aeabi_memcpy</name>
         <value>0x5941</value>
         <object_component_ref idref="oc-37"/>
      </symbol>
      <symbol id="sm-4ab">
         <name>__aeabi_memcpy8</name>
         <value>0x5941</value>
         <object_component_ref idref="oc-37"/>
      </symbol>
      <symbol id="sm-4ac">
         <name>__aeabi_memcpy4</name>
         <value>0x5941</value>
         <object_component_ref idref="oc-37"/>
      </symbol>
      <symbol id="sm-4bc">
         <name>memmove</name>
         <value>0x60b7</value>
         <object_component_ref idref="oc-126"/>
      </symbol>
      <symbol id="sm-530">
         <name>_sys_memory</name>
         <value>0x20000a70</value>
         <object_component_ref idref="oc-2b"/>
      </symbol>
      <symbol id="sm-531">
         <name>free</name>
         <value>0x3827</value>
         <object_component_ref idref="oc-1bb"/>
      </symbol>
      <symbol id="sm-532">
         <name>realloc</name>
         <value>0x38e9</value>
         <object_component_ref idref="oc-1bb"/>
      </symbol>
      <symbol id="sm-533">
         <name>memalign</name>
         <value>0x39f5</value>
         <object_component_ref idref="oc-1bb"/>
      </symbol>
      <symbol id="sm-534">
         <name>calloc</name>
         <value>0x3ad9</value>
         <object_component_ref idref="oc-1bb"/>
      </symbol>
      <symbol id="sm-535">
         <name>malloc</name>
         <value>0x37bf</value>
         <object_component_ref idref="oc-1bb"/>
      </symbol>
      <symbol id="sm-536">
         <name>minit</name>
         <value>0x3731</value>
         <object_component_ref idref="oc-1bb"/>
      </symbol>
      <symbol id="sm-545">
         <name>__aeabi_memset</name>
         <value>0x5b73</value>
         <object_component_ref idref="oc-50"/>
      </symbol>
      <symbol id="sm-546">
         <name>memset</name>
         <value>0x5b79</value>
         <object_component_ref idref="oc-50"/>
      </symbol>
      <symbol id="sm-547">
         <name>__aeabi_memset8</name>
         <value>0x5b73</value>
         <object_component_ref idref="oc-50"/>
      </symbol>
      <symbol id="sm-548">
         <name>__aeabi_memset4</name>
         <value>0x5b73</value>
         <object_component_ref idref="oc-50"/>
      </symbol>
      <symbol id="sm-549">
         <name>__aeabi_memclr8</name>
         <value>0x5b71</value>
         <object_component_ref idref="oc-50"/>
      </symbol>
      <symbol id="sm-54a">
         <name>__aeabi_memclr4</name>
         <value>0x5b71</value>
         <object_component_ref idref="oc-50"/>
      </symbol>
      <symbol id="sm-54b">
         <name>__aeabi_memclr</name>
         <value>0x5b71</value>
         <object_component_ref idref="oc-50"/>
      </symbol>
      <symbol id="sm-555">
         <name>__mpu_init</name>
         <value>0x30d7</value>
         <object_component_ref idref="oc-5c"/>
      </symbol>
      <symbol id="sm-55f">
         <name>_system_pre_init</name>
         <value>0x6225</value>
         <object_component_ref idref="oc-62"/>
      </symbol>
      <symbol id="sm-581">
         <name>scalbn</name>
         <value>0x5691</value>
         <object_component_ref idref="oc-21e"/>
      </symbol>
      <symbol id="sm-582">
         <name>scalbnl</name>
         <value>0x5691</value>
         <object_component_ref idref="oc-21e"/>
      </symbol>
      <symbol id="sm-583">
         <name>ldexpl</name>
         <value>0x5691</value>
         <object_component_ref idref="oc-21e"/>
      </symbol>
      <symbol id="sm-584">
         <name>ldexp</name>
         <value>0x5691</value>
         <object_component_ref idref="oc-21e"/>
      </symbol>
      <symbol id="sm-59d">
         <name>sprintf</name>
         <value>0x5d99</value>
         <object_component_ref idref="oc-e6"/>
      </symbol>
      <symbol id="sm-5bf">
         <name>sscanf</name>
         <value>0x5887</value>
         <object_component_ref idref="oc-138"/>
      </symbol>
      <symbol id="sm-5c0">
         <name>vsscanf</name>
         <value>0x5875</value>
         <object_component_ref idref="oc-138"/>
      </symbol>
      <symbol id="sm-5c8">
         <name>main_func_sp</name>
         <value>0x20000f20</value>
         <object_component_ref idref="oc-7a"/>
      </symbol>
      <symbol id="sm-5d7">
         <name>strcmp</name>
         <value>0x6141</value>
         <object_component_ref idref="oc-12c"/>
      </symbol>
      <symbol id="sm-5e5">
         <name>strcpy</name>
         <value>0x61b1</value>
         <object_component_ref idref="oc-120"/>
      </symbol>
      <symbol id="sm-5f3">
         <name>strlen</name>
         <value>0x61c5</value>
         <object_component_ref idref="oc-ec"/>
      </symbol>
      <symbol id="sm-60f">
         <name>vsnprintf</name>
         <value>0x59dd</value>
         <object_component_ref idref="oc-1b0"/>
      </symbol>
      <symbol id="sm-628">
         <name>_nop</name>
         <value>0x6197</value>
         <object_component_ref idref="oc-149"/>
      </symbol>
      <symbol id="sm-629">
         <name>_lock</name>
         <value>0x20000f14</value>
         <object_component_ref idref="oc-bd"/>
      </symbol>
      <symbol id="sm-62a">
         <name>_unlock</name>
         <value>0x20000f18</value>
         <object_component_ref idref="oc-bd"/>
      </symbol>
      <symbol id="sm-62b">
         <name>_register_lock</name>
         <value>0x618f</value>
         <object_component_ref idref="oc-149"/>
      </symbol>
      <symbol id="sm-62c">
         <name>_register_unlock</name>
         <value>0x6189</value>
         <object_component_ref idref="oc-149"/>
      </symbol>
      <symbol id="sm-733">
         <name>__TI_printfi</name>
         <value>0x1077</value>
         <object_component_ref idref="oc-15e"/>
      </symbol>
      <symbol id="sm-7cb">
         <name>__TI_scanfi</name>
         <value>0x2c29</value>
         <object_component_ref idref="oc-1e7"/>
      </symbol>
      <symbol id="sm-7df">
         <name>_args_main</name>
         <value>0x6111</value>
         <object_component_ref idref="oc-6e"/>
      </symbol>
      <symbol id="sm-7f5">
         <name>atoi</name>
         <value>0x5ef9</value>
         <object_component_ref idref="oc-230"/>
      </symbol>
      <symbol id="sm-81a">
         <name>__TI_auto_init</name>
         <value>0x5bed</value>
         <object_component_ref idref="oc-68"/>
      </symbol>
      <symbol id="sm-834">
         <name>copy_in</name>
         <value>0x5f45</value>
         <object_component_ref idref="oc-a4"/>
      </symbol>
      <symbol id="sm-83f">
         <name>_ctypes_</name>
         <value>0x6228</value>
         <object_component_ref idref="oc-1ed"/>
      </symbol>
      <symbol id="sm-84e">
         <name>ltoa</name>
         <value>0x5df9</value>
         <object_component_ref idref="oc-212"/>
      </symbol>
      <symbol id="sm-85e">
         <name>memccpy</name>
         <value>0x60db</value>
         <object_component_ref idref="oc-22a"/>
      </symbol>
      <symbol id="sm-868">
         <name>copysign</name>
         <value>0x619d</value>
         <object_component_ref idref="oc-2ce"/>
      </symbol>
      <symbol id="sm-869">
         <name>copysignl</name>
         <value>0x619d</value>
         <object_component_ref idref="oc-2ce"/>
      </symbol>
      <symbol id="sm-87f">
         <name>frexpl</name>
         <value>0x5d35</value>
         <object_component_ref idref="oc-218"/>
      </symbol>
      <symbol id="sm-880">
         <name>frexp</name>
         <value>0x5d35</value>
         <object_component_ref idref="oc-218"/>
      </symbol>
      <symbol id="sm-88a">
         <name>_system_post_cinit</name>
         <value>0x4cab</value>
         <object_component_ref idref="oc-aa"/>
      </symbol>
      <symbol id="sm-89a">
         <name>strchr</name>
         <value>0x6171</value>
         <object_component_ref idref="oc-224"/>
      </symbol>
      <symbol id="sm-8a9">
         <name>strrchr</name>
         <value>0x6159</value>
         <object_component_ref idref="oc-2af"/>
      </symbol>
      <symbol id="sm-8e6">
         <name>strtold</name>
         <value>0x410d</value>
         <object_component_ref idref="oc-29c"/>
      </symbol>
      <symbol id="sm-8e7">
         <name>strtod</name>
         <value>0x410d</value>
         <object_component_ref idref="oc-29c"/>
      </symbol>
      <symbol id="sm-90c">
         <name>strtol</name>
         <value>0x534d</value>
         <object_component_ref idref="oc-2a2"/>
      </symbol>
      <symbol id="sm-935">
         <name>strtoll</name>
         <value>0x4731</value>
         <object_component_ref idref="oc-2a8"/>
      </symbol>
      <symbol id="sm-956">
         <name>strtoul</name>
         <value>0x5481</value>
         <object_component_ref idref="oc-290"/>
      </symbol>
      <symbol id="sm-97c">
         <name>strtoull</name>
         <value>0x4e1d</value>
         <object_component_ref idref="oc-296"/>
      </symbol>
      <symbol id="sm-998">
         <name>__aeabi_uldivmod</name>
         <value>0x453d</value>
         <object_component_ref idref="oc-203"/>
      </symbol>
      <symbol id="sm-9a1">
         <name>__aeabi_lmul</name>
         <value>0x6129</value>
         <object_component_ref idref="oc-2f6"/>
      </symbol>
      <symbol id="sm-9c1">
         <name>IntRegister</name>
         <value>0x6055</value>
         <object_component_ref idref="oc-184"/>
      </symbol>
      <symbol id="sm-9c2">
         <name>g_pfnRAMVectors</name>
         <value>0x20000000</value>
         <object_component_ref idref="oc-24e"/>
      </symbol>
      <symbol id="sm-9c3">
         <name>IntMasterEnable</name>
         <value>0x61d9</value>
         <object_component_ref idref="oc-18a"/>
      </symbol>
      <symbol id="sm-9cd">
         <name>CPUcpsie</name>
         <value>0x6207</value>
         <object_component_ref idref="oc-253"/>
      </symbol>
      <symbol id="sm-9ce">
         <name>__TI_static_base__</name>
         <value>0x0</value>
      </symbol>
      <symbol id="sm-9d1">
         <name>SHT$$INIT_ARRAY$$Limit</name>
         <value>0x0</value>
      </symbol>
      <symbol id="sm-9d2">
         <name>SHT$$INIT_ARRAY$$Base</name>
         <value>0x0</value>
      </symbol>
   </symbol_table>
   <title>Link successful</title>
</link_info>
