******************************************************************************
                  TI ARM Linker PC v15.12.1                    
******************************************************************************
>> Linked Mon Apr 17 12:07:20 2017

OUTPUT FILE NAME:   <FinalProject.out>
ENTRY POINT SYMBOL: "_c_int00"  address: 00005e51


MEMORY CONFIGURATION

         name            origin    length      used     unused   attr    fill
----------------------  --------  ---------  --------  --------  ----  --------
  FLASH                 00000000   00040000  0000649d  00039b63  R  X
  SRAM                  20000000   00008000  00000f1d  000070e3  RW X


SEGMENT ALLOCATION MAP

run origin  load origin   length   init length attrs members
----------  ----------- ---------- ----------- ----- -------
00000000    00000000    000064a4   000064a4    r-x
  00000000    00000000    0000026c   0000026c    r-- .intvecs
  0000026c    0000026c    00005fbc   00005fbc    r-x .text
  00006228    00006228    00000211   00000211    r-- .const
  00006440    00006440    00000064   00000064    r-- .cinit
20000000    20000000    00000f24   00000000    rw-
  20000000    20000000    0000026c   00000000    rw- .vtable
  2000026c    2000026c    00000800   00000000    rw- .stack
  20000a70    20000a70    00000400   00000000    rw- .sysmem
  20000e70    20000e70    00000079   00000000    rw- .bss
  20000eec    20000eec    00000038   00000000    rw- .data


SECTION ALLOCATION MAP

 output                                  attributes/
section   page    origin      length       input sections
--------  ----  ----------  ----------   ----------------
.intvecs   0    00000000    0000026c     
                  00000000    0000026c     tm4c123gh6pm_startup_ccs.obj (.intvecs)

.text      0    0000026c    00005fbc     
                  0000026c    00001110     rtsv7M4_T_le_v4SPD16_eabi.lib : _printfi.obj (.text)
                  0000137c    00000a84     open_interface.obj (.text)
                  00001e00    000009ac     rtsv7M4_T_le_v4SPD16_eabi.lib : e_pow.obj (.text)
                  000027ac    0000092a                                   : _scanfi.obj (.text)
                  000030d6    00000002                                   : mpu_init.obj (.text)
                  000030d8    00000658     main.obj (.text)
                  00003730    000003dc     rtsv7M4_T_le_v4SPD16_eabi.lib : memory.obj (.text)
                  00003b0c    00000314     Movement.obj (.text)
                  00003e20    000002ec     lcd.obj (.text)
                  0000410c    0000023c     rtsv7M4_T_le_v4SPD16_eabi.lib : strtod.obj (.text)
                  00004348    000001f4     WiFi.obj (.text)
                  0000453c    000001f4     rtsv7M4_T_le_v4SPD16_eabi.lib : ull_div_t2.obj (.text)
                  00004730    000001e4                                   : strtoll.obj (.text)
                  00004914    000001e0     ping.obj (.text)
                  00004af4    000001b6     rtsv7M4_T_le_v4SPD16_eabi.lib : fd_add_t2.obj (.text)
                  00004caa    00000002                                   : startup.obj (.text)
                  00004cac    00000170                                   : e_sqrt.obj (.text)
                  00004e1c    0000016c                                   : strtoull.obj (.text)
                  00004f88    00000158     timer.obj (.text)
                  000050e0    00000136     rtsv7M4_T_le_v4SPD16_eabi.lib : fd_div_t2.obj (.text)
                  00005216    00000002     --HOLE-- [fill = 0]
                  00005218    00000134     ir.obj (.text)
                  0000534c    00000134     rtsv7M4_T_le_v4SPD16_eabi.lib : strtol.obj (.text)
                  00005480    00000114                                   : strtoul.obj (.text)
                  00005594    000000fc                                   : fd_mul_t2.obj (.text)
                  00005690    000000fc                                   : s_scalbn.obj (.text)
                  0000578c    000000e8     servo.obj (.text)
                  00005874    000000cc     rtsv7M4_T_le_v4SPD16_eabi.lib : sscanf.obj (.text)
                  00005940    0000009c                                   : memcpy_t2.obj (.text)
                  000059dc    00000088                                   : vsnprintf.obj (.text)
                  00005a64    00000086                                   : fd_cmp_t2.obj (.text:__aeabi_cdcmple)
                  00005aea    00000086                                   : fd_cmp_t2.obj (.text:__aeabi_cdrcmple)
                  00005b70    0000007a                                   : memset_t2.obj (.text)
                  00005bea    00000002     --HOLE-- [fill = 0]
                  00005bec    00000070                                   : autoinit.obj (.text)
                  00005c5c    0000006e                                   : fd_tos_t2.obj (.text)
                  00005cca    0000006a                                   : copy_decompress_rle.obj (.text)
                  00005d34    00000064                                   : s_frexp.obj (.text)
                  00005d98    00000060                                   : sprintf.obj (.text)
                  00005df8    00000056                                   : ltoa.obj (.text)
                  00005e4e    00000002     --HOLE-- [fill = 0]
                  00005e50    00000054                                   : boot.obj (.text)
                  00005ea4    00000054                                   : exit.obj (.text)
                  00005ef8    0000004c                                   : atoi.obj (.text)
                  00005f44    0000004c                                   : cpy_tbl.obj (.text)
                  00005f90    00000048                                   : fd_toi_t2.obj (.text)
                  00005fd8    00000044                                   : fd_tou_t2.obj (.text)
                  0000601c    00000038                                   : fs_tod_t2.obj (.text)
                  00006054    00000034     driverlib.lib : interrupt.obj (.text:IntRegister)
                  00006088    0000002e     rtsv7M4_T_le_v4SPD16_eabi.lib : i_tofd_t2.obj (.text)
                  000060b6    00000024                                   : memmov.obj (.text)
                  000060da    0000001c                                   : memccpy.obj (.text)
                  000060f6    00000018     open_interface.obj (.text:oi_parseInt)
                  0000610e    00000002     --HOLE-- [fill = 0]
                  00006110    00000018     rtsv7M4_T_le_v4SPD16_eabi.lib : args_main.obj (.text)
                  00006128    00000018                                   : ll_mul_t2.obj (.text)
                  00006140    00000018                                   : strcmp.obj (.text)
                  00006158    00000018                                   : strrchr.obj (.text)
                  00006170    00000016                                   : strchr.obj (.text)
                  00006186    00000002     --HOLE-- [fill = 0]
                  00006188    00000014                                   : _lock.obj (.text)
                  0000619c    00000014                                   : s_copysign.obj (.text)
                  000061b0    00000014                                   : strcpy.obj (.text)
                  000061c4    00000014                                   : strlen.obj (.text)
                  000061d8    00000010     driverlib.lib : interrupt.obj (.text:IntMasterEnable)
                  000061e8    00000010     lcd.obj (.text:lcd_clear)
                  000061f8    0000000e     rtsv7M4_T_le_v4SPD16_eabi.lib : copy_decompress_none.obj (.text:decompress:none)
                  00006206    0000000c     driverlib.lib : cpu.obj (.text:CPUcpsie)
                  00006212    0000000c     tm4c123gh6pm_startup_ccs.obj (.text)
                  0000621e    00000006     rtsv7M4_T_le_v4SPD16_eabi.lib : copy_decompress_rle.obj (.text:decompress:rle24)
                  00006224    00000004                                   : pre_init.obj (.text)

.const     0    00006228    00000211     
                  00006228    00000101     rtsv7M4_T_le_v4SPD16_eabi.lib : ctype.obj (.const:.string:_ctypes_)
                  00006329    00000004     lcd.obj (.const:.string:lineAddress$1)
                  0000632d    00000003     --HOLE-- [fill = 0]
                  00006330    00000098     rtsv7M4_T_le_v4SPD16_eabi.lib : strtod.obj (.const:$O1$$)
                  000063c8    00000030                                   : e_pow.obj (.const:$O1$$)
                  000063f8    00000010                                   : _scanfi.obj (.const:$O1$$)
                  00006408    0000000f     Movement.obj (.const:.string:$P$T0$1)
                  00006417    0000000f     open_interface.obj (.const:.string:$P$T0$3)
                  00006426    0000000f     Movement.obj (.const:.string:$P$T1$2)
                  00006435    00000004     lcd.obj (.const:.string:lineAddresses$2)

.cinit     0    00006440    00000064     
                  00006440    00000021     (.cinit..data.load) [load image, compression = rle]
                  00006461    00000007     --HOLE-- [fill = 0]
                  00006468    0000000b     (.cinit..vtable.load) [load image, compression = rle]
                  00006473    00000005     --HOLE-- [fill = 0]
                  00006478    00000009     (.cinit..bss.load) [load image, compression = rle]
                  00006481    00000003     --HOLE-- [fill = 0]
                  00006484    00000008     (__TI_handler_table)
                  0000648c    00000018     (__TI_cinit_table)

.init_array 
*          0    00000000    00000000     UNINITIALIZED

.vtable    0    20000000    0000026c     UNINITIALIZED
                  20000000    0000026c     driverlib.lib : interrupt.obj (.vtable)

.stack     0    2000026c    00000800     UNINITIALIZED
                  2000026c    00000800     --HOLE--

.sysmem    0    20000a70    00000400     UNINITIALIZED
                  20000a70    00000008     rtsv7M4_T_le_v4SPD16_eabi.lib : memory.obj (.sysmem)
                  20000a78    000003f8     --HOLE--

.bss       0    20000e70    00000079     UNINITIALIZED
                  20000e70    00000054     lcd.obj (.bss:lastbuffer$3)
                  20000ec4    00000018     open_interface.obj (.bss:firmware$2)
                  20000edc    00000004     (.common:fallingEdge)
                  20000ee0    00000004     (.common:pulseLength)
                  20000ee4    00000004     (.common:risingEdge)
                  20000ee8    00000001     (.common:isRisingEdge)

.data      0    20000eec    00000038     UNINITIALIZED
                  20000eec    00000010     open_interface.obj (.data)
                  20000efc    0000000c     rtsv7M4_T_le_v4SPD16_eabi.lib : exit.obj (.data:$O1$$)
                  20000f08    0000000c                                   : memory.obj (.data:$O1$$)
                  20000f14    00000008                                   : _lock.obj (.data:$O1$$)
                  20000f1c    00000004                                   : errno.obj (.data)
                  20000f20    00000004                                   : stkdepth_vars.obj (.data)

MODULE SUMMARY

       Module                         code    ro data   rw data
       ------                         ----    -------   -------
    .\
       open_interface.obj             2716    15        40     
       main.obj                       1624    0         0      
       lcd.obj                        764     8         84     
       Movement.obj                   788     30        0      
       tm4c123gh6pm_startup_ccs.obj   12      620       0      
       WiFi.obj                       500     0         0      
       ping.obj                       480     0         13     
       timer.obj                      344     0         0      
       ir.obj                         308     0         0      
       servo.obj                      232     0         0      
    +--+------------------------------+-------+---------+---------+
       Total:                         7768    673       137    
                                                               
    C:/ti/TivaWare_C_Series-2.1.2.111/driverlib/ccs/Debug/driverlib.lib
       interrupt.obj                  68      0         620    
       cpu.obj                        12      0         0      
    +--+------------------------------+-------+---------+---------+
       Total:                         80      0         620    
                                                               
    C:\ti\ccsv6\tools\compiler\ti-cgt-arm_15.12.1.LTS\lib\rtsv7M4_T_le_v4SPD16_eabi.lib
       _printfi.obj                   4368    0         0      
       e_pow.obj                      2476    48        0      
       _scanfi.obj                    2346    16        0      
       memory.obj                     988     0         12     
       strtod.obj                     572     152       0      
       ull_div_t2.obj                 500     0         0      
       strtoll.obj                    484     0         0      
       fd_add_t2.obj                  438     0         0      
       e_sqrt.obj                     368     0         0      
       strtoull.obj                   364     0         0      
       fd_div_t2.obj                  310     0         0      
       strtol.obj                     308     0         0      
       strtoul.obj                    276     0         0      
       fd_cmp_t2.obj                  268     0         0      
       ctype.obj                      0       257       0      
       fd_mul_t2.obj                  252     0         0      
       s_scalbn.obj                   252     0         0      
       sscanf.obj                     204     0         0      
       memcpy_t2.obj                  156     0         0      
       vsnprintf.obj                  136     0         0      
       memset_t2.obj                  122     0         0      
       autoinit.obj                   112     0         0      
       copy_decompress_rle.obj        112     0         0      
       fd_tos_t2.obj                  110     0         0      
       s_frexp.obj                    100     0         0      
       exit.obj                       84      0         12     
       sprintf.obj                    96      0         0      
       ltoa.obj                       86      0         0      
       boot.obj                       84      0         0      
       atoi.obj                       76      0         0      
       cpy_tbl.obj                    76      0         0      
       fd_toi_t2.obj                  72      0         0      
       fd_tou_t2.obj                  68      0         0      
       fs_tod_t2.obj                  56      0         0      
       i_tofd_t2.obj                  46      0         0      
       memmov.obj                     36      0         0      
       _lock.obj                      20      0         8      
       memccpy.obj                    28      0         0      
       args_main.obj                  24      0         0      
       ll_mul_t2.obj                  24      0         0      
       strcmp.obj                     24      0         0      
       strrchr.obj                    24      0         0      
       strchr.obj                     22      0         0      
       s_copysign.obj                 20      0         0      
       strcpy.obj                     20      0         0      
       strlen.obj                     20      0         0      
       copy_decompress_none.obj       14      0         0      
       errno.obj                      0       0         4      
       pre_init.obj                   4       0         0      
       stkdepth_vars.obj              0       0         4      
       mpu_init.obj                   2       0         0      
       startup.obj                    2       0         0      
    +--+------------------------------+-------+---------+---------+
       Total:                         16650   473       40     
                                                               
       Heap:                          0       0         1024   
       Stack:                         0       0         2048   
       Linker Generated:              0       85        0      
    +--+------------------------------+-------+---------+---------+
       Grand Total:                   24498   1231      3869   


LINKER GENERATED COPY TABLES

__TI_cinit_table @ 0000648c records: 3, size/record: 8, table size: 24
	.data: load addr=00006440, load size=00000021 bytes, run addr=20000eec, run size=00000038 bytes, compression=rle
	.vtable: load addr=00006468, load size=0000000b bytes, run addr=20000000, run size=0000026c bytes, compression=rle
	.bss: load addr=00006478, load size=00000009 bytes, run addr=20000e70, run size=00000079 bytes, compression=rle


LINKER GENERATED HANDLER TABLE

__TI_handler_table @ 00006484 records: 2, size/record: 4, table size: 8
	index: 0, handler: __TI_decompress_rle24
	index: 1, handler: __TI_decompress_none


GLOBAL SYMBOLS: SORTED ALPHABETICALLY BY Name 

address   name                           
-------   ----                           
00005ea5  C$$EXIT                        
00006207  CPUcpsie                       
00001c6f  GPIOF_Handler                  
000061d9  IntMasterEnable                
00006055  IntRegister                    
0000578d  PWM_init                       
00006213  ResetISR                       
UNDEFED   SHT$$INIT_ARRAY$$Base          
UNDEFED   SHT$$INIT_ARRAY$$Limit         
000049ff  TIMER3B_Handler                
00004349  WiFi_start                     
000043a5  WiFi_stop                      
20000a6c  __STACK_END                    
00000800  __STACK_SIZE                   
2000046c  __STACK_TOP                    
00000400  __SYSMEM_SIZE                  
0000648c  __TI_CINIT_Base                
000064a4  __TI_CINIT_Limit               
00006484  __TI_Handler_Table_Base        
0000648c  __TI_Handler_Table_Limit       
00005bed  __TI_auto_init                 
20000efc  __TI_cleanup_ptr               
000061f9  __TI_decompress_none           
0000621f  __TI_decompress_rle24          
20000f00  __TI_dtors_ptr                 
20000f04  __TI_enable_exit_profile_output
ffffffff  __TI_pprof_out_hndl            
00001077  __TI_printfi                   
ffffffff  __TI_prof_data_size            
ffffffff  __TI_prof_data_start           
00002c29  __TI_scanfi                    
00000000  __TI_static_base__             
00005a65  __aeabi_cdcmpeq                
00005a65  __aeabi_cdcmple                
00005aeb  __aeabi_cdrcmple               
00005c5d  __aeabi_d2f                    
00005f91  __aeabi_d2iz                   
00005fd9  __aeabi_d2uiz                  
00004aff  __aeabi_dadd                   
000050e1  __aeabi_ddiv                   
00005595  __aeabi_dmul                   
00004af5  __aeabi_dsub                   
0000601d  __aeabi_f2d                    
00006089  __aeabi_i2d                    
00006129  __aeabi_lmul                   
00005b71  __aeabi_memclr                 
00005b71  __aeabi_memclr4                
00005b71  __aeabi_memclr8                
00005941  __aeabi_memcpy                 
00005941  __aeabi_memcpy4                
00005941  __aeabi_memcpy8                
00005b73  __aeabi_memset                 
00005b73  __aeabi_memset4                
00005b73  __aeabi_memset8                
0000453d  __aeabi_uldivmod               
ffffffff  __binit__                      
ffffffff  __c_args__                     
000030d7  __mpu_init                     
2000026c  __stack                        
00006111  _args_main                     
00005e51  _c_int00                       
00006228  _ctypes_                       
20000f14  _lock                          
00006197  _nop                           
0000618f  _register_lock                 
00006189  _register_unlock               
000043b3  _sendCommand                   
20000a70  _sys_memory                    
00004cab  _system_post_cinit             
00006225  _system_pre_init               
20000f18  _unlock                        
00005ea9  abort                          
00005ef9  atoi                           
ffffffff  binit                          
00003ad9  calloc                         
00003d49  checkRedDot                    
00003c4b  checkSensors                   
00005f45  copy_in                        
0000619d  copysign                       
0000619d  copysignl                      
20000f1c  errno                          
00005eb1  exit                           
20000edc  fallingEdge                    
00003827  free                           
00005d35  frexp                          
00005d35  frexpl                         
20000000  g_pfnRAMVectors                
00000000  g_pfnVectors                   
000030d9  getCommand                     
00001c99  getDegrees                     
00001a21  go_charge                      
000052b3  ir_getDistance                 
0000528b  ir_getValue                    
00005219  ir_init                        
20000ee8  isRisingEdge                   
000061e9  lcd_clear                      
00003fb9  lcd_gotoLine                   
00003e21  lcd_init                       
0000401f  lcd_printf                     
00003ee1  lcd_putc                       
00003f19  lcd_puts                       
00003f37  lcd_sendCommand                
00003f75  lcd_sendNibble                 
00003fe1  lcd_setCursorPos               
00005691  ldexp                          
00005691  ldexpl                         
00005df9  ltoa                           
00003581  main                           
20000f20  main_func_sp                   
000037bf  malloc                         
000039f5  memalign                       
000060db  memccpy                        
00005941  memcpy                         
000060b7  memmove                        
00005b79  memset                         
00003731  minit                          
00003bbd  moveBack                       
00003b0d  moveForward                    
0000137d  oi_alloc                       
00001b4b  oi_checkFirmware               
000013d3  oi_close                       
00001389  oi_free                        
000013bd  oi_init                        
00001399  oi_init_noupdate               
000019b7  oi_loadSong                    
000060f7  oi_parseInt                    
00001437  oi_parsePacket                 
00001a0d  oi_play_song                   
00001931  oi_setLeds                     
00001975  oi_setWheels                   
00001bfd  oi_shutoff_init                
00001a2f  oi_uartInit                    
00001ad3  oi_uartReceive                 
00001b19  oi_uartSendBuff                
00001ab7  oi_uartSendChar                
00001afb  oi_uartSendStr                 
000013e5  oi_update                      
00004a51  ping_getDistance               
00004915  ping_init                      
00004995  ping_trigger                   
00003d13  playFinishSong                 
00001e01  pow                            
00001e01  powl                           
20000ee0  pulseLength                    
000038e9  realloc                        
20000ee4  risingEdge                     
00005691  scalbn                         
00005691  scalbnl                        
00003115  spaces                         
00005d99  sprintf                        
00004cad  sqrt                           
00004cad  sqrtl                          
00005887  sscanf                         
00006171  strchr                         
00006141  strcmp                         
000061b1  strcpy                         
000061c5  strlen                         
00006159  strrchr                        
0000410d  strtod                         
0000534d  strtol                         
0000410d  strtold                        
00004731  strtoll                        
00005481  strtoul                        
00004e1d  strtoull                       
000031bf  takeData                       
00005099  timer_getClock                 
0000504d  timer_startClock               
00004fe7  timer_startTimer               
0000509f  timer_stopClock                
00005037  timer_stopTimer                
00004fbd  timer_waitMicros               
00004f89  timer_waitMillis               
00003b81  turnCCW                        
00003c05  turnCW                         
000057ff  turnServo                      
000043ff  uart_init                      
000044df  uart_receive                   
000044a9  uart_sendBuffer                
0000448d  uart_sendChar                  
000059dd  vsnprintf                      
00005875  vsscanf                        


GLOBAL SYMBOLS: SORTED BY Symbol Address 

address   name                           
-------   ----                           
00000000  __TI_static_base__             
00000000  g_pfnVectors                   
00000400  __SYSMEM_SIZE                  
00000800  __STACK_SIZE                   
00001077  __TI_printfi                   
0000137d  oi_alloc                       
00001389  oi_free                        
00001399  oi_init_noupdate               
000013bd  oi_init                        
000013d3  oi_close                       
000013e5  oi_update                      
00001437  oi_parsePacket                 
00001931  oi_setLeds                     
00001975  oi_setWheels                   
000019b7  oi_loadSong                    
00001a0d  oi_play_song                   
00001a21  go_charge                      
00001a2f  oi_uartInit                    
00001ab7  oi_uartSendChar                
00001ad3  oi_uartReceive                 
00001afb  oi_uartSendStr                 
00001b19  oi_uartSendBuff                
00001b4b  oi_checkFirmware               
00001bfd  oi_shutoff_init                
00001c6f  GPIOF_Handler                  
00001c99  getDegrees                     
00001e01  pow                            
00001e01  powl                           
00002c29  __TI_scanfi                    
000030d7  __mpu_init                     
000030d9  getCommand                     
00003115  spaces                         
000031bf  takeData                       
00003581  main                           
00003731  minit                          
000037bf  malloc                         
00003827  free                           
000038e9  realloc                        
000039f5  memalign                       
00003ad9  calloc                         
00003b0d  moveForward                    
00003b81  turnCCW                        
00003bbd  moveBack                       
00003c05  turnCW                         
00003c4b  checkSensors                   
00003d13  playFinishSong                 
00003d49  checkRedDot                    
00003e21  lcd_init                       
00003ee1  lcd_putc                       
00003f19  lcd_puts                       
00003f37  lcd_sendCommand                
00003f75  lcd_sendNibble                 
00003fb9  lcd_gotoLine                   
00003fe1  lcd_setCursorPos               
0000401f  lcd_printf                     
0000410d  strtod                         
0000410d  strtold                        
00004349  WiFi_start                     
000043a5  WiFi_stop                      
000043b3  _sendCommand                   
000043ff  uart_init                      
0000448d  uart_sendChar                  
000044a9  uart_sendBuffer                
000044df  uart_receive                   
0000453d  __aeabi_uldivmod               
00004731  strtoll                        
00004915  ping_init                      
00004995  ping_trigger                   
000049ff  TIMER3B_Handler                
00004a51  ping_getDistance               
00004af5  __aeabi_dsub                   
00004aff  __aeabi_dadd                   
00004cab  _system_post_cinit             
00004cad  sqrt                           
00004cad  sqrtl                          
00004e1d  strtoull                       
00004f89  timer_waitMillis               
00004fbd  timer_waitMicros               
00004fe7  timer_startTimer               
00005037  timer_stopTimer                
0000504d  timer_startClock               
00005099  timer_getClock                 
0000509f  timer_stopClock                
000050e1  __aeabi_ddiv                   
00005219  ir_init                        
0000528b  ir_getValue                    
000052b3  ir_getDistance                 
0000534d  strtol                         
00005481  strtoul                        
00005595  __aeabi_dmul                   
00005691  ldexp                          
00005691  ldexpl                         
00005691  scalbn                         
00005691  scalbnl                        
0000578d  PWM_init                       
000057ff  turnServo                      
00005875  vsscanf                        
00005887  sscanf                         
00005941  __aeabi_memcpy                 
00005941  __aeabi_memcpy4                
00005941  __aeabi_memcpy8                
00005941  memcpy                         
000059dd  vsnprintf                      
00005a65  __aeabi_cdcmpeq                
00005a65  __aeabi_cdcmple                
00005aeb  __aeabi_cdrcmple               
00005b71  __aeabi_memclr                 
00005b71  __aeabi_memclr4                
00005b71  __aeabi_memclr8                
00005b73  __aeabi_memset                 
00005b73  __aeabi_memset4                
00005b73  __aeabi_memset8                
00005b79  memset                         
00005bed  __TI_auto_init                 
00005c5d  __aeabi_d2f                    
00005d35  frexp                          
00005d35  frexpl                         
00005d99  sprintf                        
00005df9  ltoa                           
00005e51  _c_int00                       
00005ea5  C$$EXIT                        
00005ea9  abort                          
00005eb1  exit                           
00005ef9  atoi                           
00005f45  copy_in                        
00005f91  __aeabi_d2iz                   
00005fd9  __aeabi_d2uiz                  
0000601d  __aeabi_f2d                    
00006055  IntRegister                    
00006089  __aeabi_i2d                    
000060b7  memmove                        
000060db  memccpy                        
000060f7  oi_parseInt                    
00006111  _args_main                     
00006129  __aeabi_lmul                   
00006141  strcmp                         
00006159  strrchr                        
00006171  strchr                         
00006189  _register_unlock               
0000618f  _register_lock                 
00006197  _nop                           
0000619d  copysign                       
0000619d  copysignl                      
000061b1  strcpy                         
000061c5  strlen                         
000061d9  IntMasterEnable                
000061e9  lcd_clear                      
000061f9  __TI_decompress_none           
00006207  CPUcpsie                       
00006213  ResetISR                       
0000621f  __TI_decompress_rle24          
00006225  _system_pre_init               
00006228  _ctypes_                       
00006484  __TI_Handler_Table_Base        
0000648c  __TI_CINIT_Base                
0000648c  __TI_Handler_Table_Limit       
000064a4  __TI_CINIT_Limit               
20000000  g_pfnRAMVectors                
2000026c  __stack                        
2000046c  __STACK_TOP                    
20000a6c  __STACK_END                    
20000a70  _sys_memory                    
20000edc  fallingEdge                    
20000ee0  pulseLength                    
20000ee4  risingEdge                     
20000ee8  isRisingEdge                   
20000efc  __TI_cleanup_ptr               
20000f00  __TI_dtors_ptr                 
20000f04  __TI_enable_exit_profile_output
20000f14  _lock                          
20000f18  _unlock                        
20000f1c  errno                          
20000f20  main_func_sp                   
ffffffff  __TI_pprof_out_hndl            
ffffffff  __TI_prof_data_size            
ffffffff  __TI_prof_data_start           
ffffffff  __binit__                      
ffffffff  __c_args__                     
ffffffff  binit                          
UNDEFED   SHT$$INIT_ARRAY$$Base          
UNDEFED   SHT$$INIT_ARRAY$$Limit         

[181 symbols]
