******************************************************************************
                  TI ARM Linker PC v15.12.1                    
******************************************************************************
>> Linked Wed Mar 22 19:28:20 2017

OUTPUT FILE NAME:   <Lab8.out>
ENTRY POINT SYMBOL: "_c_int00"  address: 000026c9


MEMORY CONFIGURATION

         name            origin    length      used     unused   attr    fill
----------------------  --------  ---------  --------  --------  ----  --------
  FLASH                 00000000   00040000  00002ab5  0003d54b  R  X
  SRAM                  20000000   00008000  0000087e  00007782  RW X


SEGMENT ALLOCATION MAP

run origin  load origin   length   init length attrs members
----------  ----------- ---------- ----------- ----- -------
00000000    00000000    00002abc   00002abc    r-x
  00000000    00000000    0000026c   0000026c    r-- .intvecs
  0000026c    0000026c    000026fc   000026fc    r-x .text
  00002968    00002968    00000109   00000109    r-- .const
  00002a78    00002a78    00000044   00000044    r-- .cinit
20000000    20000000    00000881   00000000    rw-
  20000000    20000000    00000800   00000000    rw- .stack
  20000800    20000800    0000005d   00000000    rw- .bss
  20000860    20000860    00000021   00000000    rw- .data


SECTION ALLOCATION MAP

 output                                  attributes/
section   page    origin      length       input sections
--------  ----  ----------  ----------   ----------------
.intvecs   0    00000000    0000026c     
                  00000000    0000026c     tm4c123gh6pm_startup_ccs.obj (.intvecs)

.text      0    0000026c    000026fc     
                  0000026c    00001110     rtsv7M4_T_le_v4SPD16_eabi.lib : _printfi.obj (.text)
                  0000137c    000002f0     main.obj (.text)
                  0000166c    000002ec     lcd.obj (.text)
                  00001958    000001f4     rtsv7M4_T_le_v4SPD16_eabi.lib : ull_div_t2.obj (.text)
                  00001b4c    000001b6                                   : fd_add_t2.obj (.text)
                  00001d02    00000002                                   : mpu_init.obj (.text)
                  00001d04    00000158     timer.obj (.text)
                  00001e5c    00000136     rtsv7M4_T_le_v4SPD16_eabi.lib : fd_div_t2.obj (.text)
                  00001f92    000000fc                                   : fd_mul_t2.obj (.text)
                  0000208e    00000002                                   : startup.obj (.text)
                  00002090    000000fc                                   : s_scalbn.obj (.text)
                  0000218c    000000f8     button.obj (.text)
                  00002284    0000009c     rtsv7M4_T_le_v4SPD16_eabi.lib : memcpy_t2.obj (.text)
                  00002320    00000088                                   : vsnprintf.obj (.text)
                  000023a8    00000086                                   : fd_cmp_t2.obj (.text:__aeabi_cdcmple)
                  0000242e    00000086                                   : fd_cmp_t2.obj (.text:__aeabi_cdrcmple)
                  000024b4    0000007a                                   : memset_t2.obj (.text)
                  0000252e    00000002     --HOLE-- [fill = 0]
                  00002530    00000070                                   : autoinit.obj (.text)
                  000025a0    0000006a                                   : copy_decompress_rle.obj (.text)
                  0000260a    00000002     --HOLE-- [fill = 0]
                  0000260c    00000064                                   : s_frexp.obj (.text)
                  00002670    00000056                                   : ltoa.obj (.text)
                  000026c6    00000002     --HOLE-- [fill = 0]
                  000026c8    00000054                                   : boot.obj (.text)
                  0000271c    00000054                                   : exit.obj (.text)
                  00002770    0000004c                                   : atoi.obj (.text)
                  000027bc    0000004c                                   : cpy_tbl.obj (.text)
                  00002808    00000048                                   : fd_toi_t2.obj (.text)
                  00002850    0000002e                                   : i_tofd_t2.obj (.text)
                  0000287e    0000001c                                   : memccpy.obj (.text)
                  0000289a    00000002     --HOLE-- [fill = 0]
                  0000289c    00000018                                   : args_main.obj (.text)
                  000028b4    00000018                                   : strcmp.obj (.text)
                  000028cc    00000016                                   : strchr.obj (.text)
                  000028e2    00000002     --HOLE-- [fill = 0]
                  000028e4    00000014                                   : _lock.obj (.text)
                  000028f8    00000014                                   : s_copysign.obj (.text)
                  0000290c    00000014                                   : strcpy.obj (.text)
                  00002920    00000014                                   : strlen.obj (.text)
                  00002934    00000010     lcd.obj (.text:lcd_clear)
                  00002944    0000000e     rtsv7M4_T_le_v4SPD16_eabi.lib : copy_decompress_none.obj (.text:decompress:none)
                  00002952    0000000c     tm4c123gh6pm_startup_ccs.obj (.text)
                  0000295e    00000006     rtsv7M4_T_le_v4SPD16_eabi.lib : copy_decompress_rle.obj (.text:decompress:rle24)
                  00002964    00000004                                   : pre_init.obj (.text)

.const     0    00002968    00000109     
                  00002968    00000101     rtsv7M4_T_le_v4SPD16_eabi.lib : ctype.obj (.const:.string:_ctypes_)
                  00002a69    00000004     lcd.obj (.const:.string:lineAddress$1)
                  00002a6d    00000004     lcd.obj (.const:.string:lineAddresses$2)

.cinit     0    00002a78    00000044     
                  00002a78    0000001b     (.cinit..data.load) [load image, compression = rle]
                  00002a93    00000005     --HOLE-- [fill = 0]
                  00002a98    00000009     (.cinit..bss.load) [load image, compression = rle]
                  00002aa1    00000003     --HOLE-- [fill = 0]
                  00002aa4    00000008     (__TI_handler_table)
                  00002aac    00000010     (__TI_cinit_table)

.init_array 
*          0    00000000    00000000     UNINITIALIZED

.stack     0    20000000    00000800     UNINITIALIZED
                  20000000    00000800     --HOLE--

.bss       0    20000800    0000005d     UNINITIALIZED
                  20000800    00000054     lcd.obj (.bss:lastbuffer$3)
                  20000854    00000004     (.common:count)
                  20000858    00000004     (.common:swi)
                  2000085c    00000001     (.common:_prevButton)

.data      0    20000860    00000021     UNINITIALIZED
                  20000860    0000000c     rtsv7M4_T_le_v4SPD16_eabi.lib : exit.obj (.data:$O1$$)
                  2000086c    00000008                                   : _lock.obj (.data:$O1$$)
                  20000874    00000004     main.obj (.data)
                  20000878    00000004     rtsv7M4_T_le_v4SPD16_eabi.lib : errno.obj (.data)
                  2000087c    00000004                                   : stkdepth_vars.obj (.data)
                  20000880    00000001     button.obj (.data)

MODULE SUMMARY

       Module                         code   ro data   rw data
       ------                         ----   -------   -------
    .\
       lcd.obj                        764    8         84     
       main.obj                       752    0         12     
       tm4c123gh6pm_startup_ccs.obj   12     620       0      
       timer.obj                      344    0         0      
       button.obj                     248    0         2      
    +--+------------------------------+------+---------+---------+
       Total:                         2120   628       98     
                                                              
    C:\ti\ccsv6\tools\compiler\ti-cgt-arm_15.12.1.LTS\lib\rtsv7M4_T_le_v4SPD16_eabi.lib
       _printfi.obj                   4368   0         0      
       ull_div_t2.obj                 500    0         0      
       fd_add_t2.obj                  438    0         0      
       fd_div_t2.obj                  310    0         0      
       fd_cmp_t2.obj                  268    0         0      
       ctype.obj                      0      257       0      
       fd_mul_t2.obj                  252    0         0      
       s_scalbn.obj                   252    0         0      
       memcpy_t2.obj                  156    0         0      
       vsnprintf.obj                  136    0         0      
       memset_t2.obj                  122    0         0      
       autoinit.obj                   112    0         0      
       copy_decompress_rle.obj        112    0         0      
       s_frexp.obj                    100    0         0      
       exit.obj                       84     0         12     
       ltoa.obj                       86     0         0      
       boot.obj                       84     0         0      
       atoi.obj                       76     0         0      
       cpy_tbl.obj                    76     0         0      
       fd_toi_t2.obj                  72     0         0      
       i_tofd_t2.obj                  46     0         0      
       _lock.obj                      20     0         8      
       memccpy.obj                    28     0         0      
       args_main.obj                  24     0         0      
       strcmp.obj                     24     0         0      
       strchr.obj                     22     0         0      
       s_copysign.obj                 20     0         0      
       strcpy.obj                     20     0         0      
       strlen.obj                     20     0         0      
       copy_decompress_none.obj       14     0         0      
       errno.obj                      0      0         4      
       pre_init.obj                   4      0         0      
       stkdepth_vars.obj              0      0         4      
       mpu_init.obj                   2      0         0      
       startup.obj                    2      0         0      
    +--+------------------------------+------+---------+---------+
       Total:                         7850   257       28     
                                                              
       Stack:                         0      0         2048   
       Linker Generated:              0      60        0      
    +--+------------------------------+------+---------+---------+
       Grand Total:                   9970   945       2174   


LINKER GENERATED COPY TABLES

__TI_cinit_table @ 00002aac records: 2, size/record: 8, table size: 16
	.data: load addr=00002a78, load size=0000001b bytes, run addr=20000860, run size=00000021 bytes, compression=rle
	.bss: load addr=00002a98, load size=00000009 bytes, run addr=20000800, run size=0000005d bytes, compression=rle


LINKER GENERATED HANDLER TABLE

__TI_handler_table @ 00002aa4 records: 2, size/record: 4, table size: 8
	index: 0, handler: __TI_decompress_rle24
	index: 1, handler: __TI_decompress_none


GLOBAL SYMBOLS: SORTED ALPHABETICALLY BY Name 

address   name                           
-------   ----                           
0000271d  C$$EXIT                        
00002953  ResetISR                       
UNDEFED   SHT$$INIT_ARRAY$$Base          
UNDEFED   SHT$$INIT_ARRAY$$Limit         
20000800  __STACK_END                    
00000800  __STACK_SIZE                   
20000200  __STACK_TOP                    
00002aac  __TI_CINIT_Base                
00002abc  __TI_CINIT_Limit               
00002aa4  __TI_Handler_Table_Base        
00002aac  __TI_Handler_Table_Limit       
00002531  __TI_auto_init                 
20000860  __TI_cleanup_ptr               
00002945  __TI_decompress_none           
0000295f  __TI_decompress_rle24          
20000864  __TI_dtors_ptr                 
20000868  __TI_enable_exit_profile_output
ffffffff  __TI_pprof_out_hndl            
00001077  __TI_printfi                   
ffffffff  __TI_prof_data_size            
ffffffff  __TI_prof_data_start           
00000000  __TI_static_base__             
000023a9  __aeabi_cdcmpeq                
000023a9  __aeabi_cdcmple                
0000242f  __aeabi_cdrcmple               
00002809  __aeabi_d2iz                   
00001b57  __aeabi_dadd                   
00001e5d  __aeabi_ddiv                   
00001f93  __aeabi_dmul                   
00001b4d  __aeabi_dsub                   
00002851  __aeabi_i2d                    
000024b5  __aeabi_memclr                 
000024b5  __aeabi_memclr4                
000024b5  __aeabi_memclr8                
00002285  __aeabi_memcpy                 
00002285  __aeabi_memcpy4                
00002285  __aeabi_memcpy8                
000024b7  __aeabi_memset                 
000024b7  __aeabi_memset4                
000024b7  __aeabi_memset8                
00001959  __aeabi_uldivmod               
ffffffff  __binit__                      
ffffffff  __c_args__                     
00001d03  __mpu_init                     
20000000  __stack                        
0000289d  _args_main                     
000026c9  _c_int00                       
00002968  _ctypes_                       
2000086c  _lock                          
000028f3  _nop                           
2000085c  _prevButton                    
000028eb  _register_lock                 
000028e5  _register_unlock               
0000208f  _system_post_cinit             
00002965  _system_pre_init               
20000870  _unlock                        
00002721  abort                          
00002771  atoi                           
ffffffff  binit                          
000021b9  button_checkButtons            
000021c3  button_getButton               
00002219  button_getButtonBlocking       
0000222d  button_getButtonChange         
00002257  button_getButtonChangeBlocking 
0000218d  button_init                    
0000148d  buttons                        
000027bd  copy_in                        
000028f9  copysign                       
000028f9  copysignl                      
20000854  count                          
20000878  errno                          
00002729  exit                           
0000260d  frexp                          
0000260d  frexpl                         
00000000  g_pfnVectors                   
00002935  lcd_clear                      
00001805  lcd_gotoLine                   
0000166d  lcd_init                       
0000186b  lcd_printf                     
0000172d  lcd_putc                       
00001765  lcd_puts                       
00001783  lcd_sendCommand                
000017c1  lcd_sendNibble                 
0000182d  lcd_setCursorPos               
00002091  ldexp                          
00002091  ldexpl                         
00002671  ltoa                           
00001597  main                           
2000087c  main_func_sp                   
0000287f  memccpy                        
00002285  memcpy                         
000024bd  memset                         
000013c5  move_servo                     
00001459  pin_init                       
20000874  pulse_period                   
00002091  scalbn                         
00002091  scalbnl                        
000028cd  strchr                         
000028b5  strcmp                         
0000290d  strcpy                         
00002921  strlen                         
20000858  swi                            
00001e15  timer_getClock                 
0000137d  timer_init                     
00001dc9  timer_startClock               
00001d63  timer_startTimer               
00001e1b  timer_stopClock                
00001db3  timer_stopTimer                
00001d39  timer_waitMicros               
00001d05  timer_waitMillis               
00002321  vsnprintf                      


GLOBAL SYMBOLS: SORTED BY Symbol Address 

address   name                           
-------   ----                           
00000000  __TI_static_base__             
00000000  g_pfnVectors                   
00000800  __STACK_SIZE                   
00001077  __TI_printfi                   
0000137d  timer_init                     
000013c5  move_servo                     
00001459  pin_init                       
0000148d  buttons                        
00001597  main                           
0000166d  lcd_init                       
0000172d  lcd_putc                       
00001765  lcd_puts                       
00001783  lcd_sendCommand                
000017c1  lcd_sendNibble                 
00001805  lcd_gotoLine                   
0000182d  lcd_setCursorPos               
0000186b  lcd_printf                     
00001959  __aeabi_uldivmod               
00001b4d  __aeabi_dsub                   
00001b57  __aeabi_dadd                   
00001d03  __mpu_init                     
00001d05  timer_waitMillis               
00001d39  timer_waitMicros               
00001d63  timer_startTimer               
00001db3  timer_stopTimer                
00001dc9  timer_startClock               
00001e15  timer_getClock                 
00001e1b  timer_stopClock                
00001e5d  __aeabi_ddiv                   
00001f93  __aeabi_dmul                   
0000208f  _system_post_cinit             
00002091  ldexp                          
00002091  ldexpl                         
00002091  scalbn                         
00002091  scalbnl                        
0000218d  button_init                    
000021b9  button_checkButtons            
000021c3  button_getButton               
00002219  button_getButtonBlocking       
0000222d  button_getButtonChange         
00002257  button_getButtonChangeBlocking 
00002285  __aeabi_memcpy                 
00002285  __aeabi_memcpy4                
00002285  __aeabi_memcpy8                
00002285  memcpy                         
00002321  vsnprintf                      
000023a9  __aeabi_cdcmpeq                
000023a9  __aeabi_cdcmple                
0000242f  __aeabi_cdrcmple               
000024b5  __aeabi_memclr                 
000024b5  __aeabi_memclr4                
000024b5  __aeabi_memclr8                
000024b7  __aeabi_memset                 
000024b7  __aeabi_memset4                
000024b7  __aeabi_memset8                
000024bd  memset                         
00002531  __TI_auto_init                 
0000260d  frexp                          
0000260d  frexpl                         
00002671  ltoa                           
000026c9  _c_int00                       
0000271d  C$$EXIT                        
00002721  abort                          
00002729  exit                           
00002771  atoi                           
000027bd  copy_in                        
00002809  __aeabi_d2iz                   
00002851  __aeabi_i2d                    
0000287f  memccpy                        
0000289d  _args_main                     
000028b5  strcmp                         
000028cd  strchr                         
000028e5  _register_unlock               
000028eb  _register_lock                 
000028f3  _nop                           
000028f9  copysign                       
000028f9  copysignl                      
0000290d  strcpy                         
00002921  strlen                         
00002935  lcd_clear                      
00002945  __TI_decompress_none           
00002953  ResetISR                       
0000295f  __TI_decompress_rle24          
00002965  _system_pre_init               
00002968  _ctypes_                       
00002aa4  __TI_Handler_Table_Base        
00002aac  __TI_CINIT_Base                
00002aac  __TI_Handler_Table_Limit       
00002abc  __TI_CINIT_Limit               
20000000  __stack                        
20000200  __STACK_TOP                    
20000800  __STACK_END                    
20000854  count                          
20000858  swi                            
2000085c  _prevButton                    
20000860  __TI_cleanup_ptr               
20000864  __TI_dtors_ptr                 
20000868  __TI_enable_exit_profile_output
2000086c  _lock                          
20000870  _unlock                        
20000874  pulse_period                   
20000878  errno                          
2000087c  main_func_sp                   
ffffffff  __TI_pprof_out_hndl            
ffffffff  __TI_prof_data_size            
ffffffff  __TI_prof_data_start           
ffffffff  __binit__                      
ffffffff  __c_args__                     
ffffffff  binit                          
UNDEFED   SHT$$INIT_ARRAY$$Base          
UNDEFED   SHT$$INIT_ARRAY$$Limit         

[111 symbols]
