******************************************************************************
                  TI ARM Linker PC v15.12.1                    
******************************************************************************
>> Linked Thu Mar 30 15:46:00 2017

OUTPUT FILE NAME:   <Lab9.out>
ENTRY POINT SYMBOL: "_c_int00"  address: 000034dd


MEMORY CONFIGURATION

         name            origin    length      used     unused   attr    fill
----------------------  --------  ---------  --------  --------  ----  --------
  FLASH                 00000000   00040000  000039a6  0003c65a  R  X
  SRAM                  20000000   00008000  00000e2f  000071d1  RW X


SEGMENT ALLOCATION MAP

run origin  load origin   length   init length attrs members
----------  ----------- ---------- ----------- ----- -------
00000000    00000000    000039ac   000039ac    r-x
  00000000    00000000    0000026c   0000026c    r-- .intvecs
  0000026c    0000026c    00003598   00003598    r-x .text
  00003808    00003808    00000146   00000146    r-- .const
  00003950    00003950    0000005c   0000005c    r-- .cinit
20000000    20000000    00000e31   00000000    rw-
  20000000    20000000    0000026c   00000000    rw- .vtable
  2000026c    2000026c    00000800   00000000    rw- .stack
  20000a6c    20000a6c    00000386   00000000    rw- .bss
  20000df4    20000df4    0000003d   00000000    rw- .data


SECTION ALLOCATION MAP

 output                                  attributes/
section   page    origin      length       input sections
--------  ----  ----------  ----------   ----------------
.intvecs   0    00000000    0000026c     
                  00000000    0000026c     tm4c123gh6pm_startup_ccs.obj (.intvecs)

.text      0    0000026c    00003598     
                  0000026c    00001110     rtsv7M4_T_le_v4SPD16_eabi.lib : _printfi.obj (.text)
                  0000137c    000004cc     main2.obj (.text)
                  00001848    000003c8     rtsv7M4_T_le_v4SPD16_eabi.lib : e_log.obj (.text)
                  00001c10    0000032c                                   : e_exp.obj (.text)
                  00001f3c    000002ec     lcd.obj (.text)
                  00002228    000001f4     rtsv7M4_T_le_v4SPD16_eabi.lib : ull_div_t2.obj (.text)
                  0000241c    000001e0     ping.obj (.text)
                  000025fc    000001b6     rtsv7M4_T_le_v4SPD16_eabi.lib : fd_add_t2.obj (.text)
                  000027b2    00000002                                   : mpu_init.obj (.text)
                  000027b4    00000164     ir.obj (.text)
                  00002918    00000158     timer.obj (.text)
                  00002a70    00000136     rtsv7M4_T_le_v4SPD16_eabi.lib : fd_div_t2.obj (.text)
                  00002ba6    00000002                                   : startup.obj (.text)
                  00002ba8    00000134     uart.obj (.text)
                  00002cdc    000000fc     rtsv7M4_T_le_v4SPD16_eabi.lib : fd_mul_t2.obj (.text)
                  00002dd8    000000fc                                   : s_scalbn.obj (.text)
                  00002ed4    000000f8     button.obj (.text)
                  00002fcc    0000009c     rtsv7M4_T_le_v4SPD16_eabi.lib : memcpy_t2.obj (.text)
                  00003068    00000088                                   : vsnprintf.obj (.text)
                  000030f0    00000086                                   : fd_cmp_t2.obj (.text:__aeabi_cdcmple)
                  00003176    00000086                                   : fd_cmp_t2.obj (.text:__aeabi_cdrcmple)
                  000031fc    0000007a                                   : memset_t2.obj (.text)
                  00003276    00000002     --HOLE-- [fill = 0]
                  00003278    00000070                                   : autoinit.obj (.text)
                  000032e8    0000006e                                   : fd_tos_t2.obj (.text)
                  00003356    0000006a                                   : copy_decompress_rle.obj (.text)
                  000033c0    00000064                                   : s_frexp.obj (.text)
                  00003424    00000060                                   : sprintf.obj (.text)
                  00003484    00000056                                   : ltoa.obj (.text)
                  000034da    00000002     --HOLE-- [fill = 0]
                  000034dc    00000054                                   : boot.obj (.text)
                  00003530    00000054                                   : exit.obj (.text)
                  00003584    0000004c                                   : atoi.obj (.text)
                  000035d0    0000004c                                   : cpy_tbl.obj (.text)
                  0000361c    00000048                                   : fd_toi_t2.obj (.text)
                  00003664    00000038                                   : fs_tod_t2.obj (.text)
                  0000369c    00000034     driverlib.lib : interrupt.obj (.text:IntRegister)
                  000036d0    0000002e     rtsv7M4_T_le_v4SPD16_eabi.lib : i_tofd_t2.obj (.text)
                  000036fe    0000001c                                   : memccpy.obj (.text)
                  0000371a    00000002     --HOLE-- [fill = 0]
                  0000371c    00000018                                   : args_main.obj (.text)
                  00003734    00000018                                   : strcmp.obj (.text)
                  0000374c    00000016                                   : strchr.obj (.text)
                  00003762    00000002     --HOLE-- [fill = 0]
                  00003764    00000014                                   : _lock.obj (.text)
                  00003778    00000014                                   : s_copysign.obj (.text)
                  0000378c    00000014                                   : strcpy.obj (.text)
                  000037a0    00000014                                   : strlen.obj (.text)
                  000037b4    00000010     driverlib.lib : interrupt.obj (.text:IntMasterEnable)
                  000037c4    00000010     lcd.obj (.text:lcd_clear)
                  000037d4    0000000e     rtsv7M4_T_le_v4SPD16_eabi.lib : copy_decompress_none.obj (.text:decompress:none)
                  000037e2    0000000c     driverlib.lib : cpu.obj (.text:CPUcpsie)
                  000037ee    0000000c     tm4c123gh6pm_startup_ccs.obj (.text)
                  000037fa    00000006     rtsv7M4_T_le_v4SPD16_eabi.lib : copy_decompress_rle.obj (.text:decompress:rle24)
                  00003800    00000004                                   : pre_init.obj (.text)

.const     0    00003808    00000146     
                  00003808    00000101     rtsv7M4_T_le_v4SPD16_eabi.lib : ctype.obj (.const:.string:_ctypes_)
                  00003909    00000004     lcd.obj (.const:.string:lineAddress$1)
                  0000390d    00000003     --HOLE-- [fill = 0]
                  00003910    00000030     rtsv7M4_T_le_v4SPD16_eabi.lib : e_exp.obj (.const:$O1$$)
                  00003940    0000000a     main2.obj (.const:.string:$P$T0$1)
                  0000394a    00000004     lcd.obj (.const:.string:lineAddresses$2)

.cinit     0    00003950    0000005c     
                  00003950    0000001f     (.cinit..data.load) [load image, compression = rle]
                  0000396f    00000001     --HOLE-- [fill = 0]
                  00003970    0000000b     (.cinit..bss.load) [load image, compression = rle]
                  0000397b    00000005     --HOLE-- [fill = 0]
                  00003980    0000000b     (.cinit..vtable.load) [load image, compression = rle]
                  0000398b    00000001     --HOLE-- [fill = 0]
                  0000398c    00000008     (__TI_handler_table)
                  00003994    00000018     (__TI_cinit_table)

.init_array 
*          0    00000000    00000000     UNINITIALIZED

.vtable    0    20000000    0000026c     UNINITIALIZED
                  20000000    0000026c     driverlib.lib : interrupt.obj (.vtable)

.stack     0    2000026c    00000800     UNINITIALIZED
                  2000026c    00000800     --HOLE--

.bss       0    20000a6c    00000386     UNINITIALIZED
                  20000a6c    00000190     (.common:aD)
                  20000bfc    00000190     (.common:mid)
                  20000d8c    00000054     lcd.obj (.bss:lastbuffer$3)
                  20000de0    00000004     (.common:fallingEdge)
                  20000de4    00000004     (.common:pulseLength)
                  20000de8    00000004     (.common:risingEdge)
                  20000dec    00000004     (.common:swi)
                  20000df0    00000001     (.common:_prevButton)
                  20000df1    00000001     (.common:isRisingEdge)

.data      0    20000df4    0000003d     UNINITIALIZED
                  20000df4    00000020     main2.obj (.data)
                  20000e14    0000000c     rtsv7M4_T_le_v4SPD16_eabi.lib : exit.obj (.data:$O1$$)
                  20000e20    00000008                                   : _lock.obj (.data:$O1$$)
                  20000e28    00000004                                   : errno.obj (.data)
                  20000e2c    00000004                                   : stkdepth_vars.obj (.data)
                  20000e30    00000001     button.obj (.data)

MODULE SUMMARY

       Module                         code    ro data   rw data
       ------                         ----    -------   -------
    .\
       main2.obj                      1228    10        836    
       lcd.obj                        764     8         84     
       tm4c123gh6pm_startup_ccs.obj   12      620       0      
       ping.obj                       480     0         13     
       ir.obj                         356     0         0      
       timer.obj                      344     0         0      
       uart.obj                       308     0         0      
       button.obj                     248     0         2      
    +--+------------------------------+-------+---------+---------+
       Total:                         3740    638       935    
                                                               
    C:/ti/TivaWare_C_Series-2.1.2.111/driverlib/ccs/Debug/driverlib.lib
       interrupt.obj                  68      0         620    
       cpu.obj                        12      0         0      
    +--+------------------------------+-------+---------+---------+
       Total:                         80      0         620    
                                                               
    C:\ti\ccsv6\tools\compiler\ti-cgt-arm_15.12.1.LTS\lib\rtsv7M4_T_le_v4SPD16_eabi.lib
       _printfi.obj                   4368    0         0      
       e_log.obj                      968     0         0      
       e_exp.obj                      812     48        0      
       ull_div_t2.obj                 500     0         0      
       fd_add_t2.obj                  438     0         0      
       fd_div_t2.obj                  310     0         0      
       fd_cmp_t2.obj                  268     0         0      
       ctype.obj                      0       257       0      
       fd_mul_t2.obj                  252     0         0      
       s_scalbn.obj                   252     0         0      
       memcpy_t2.obj                  156     0         0      
       vsnprintf.obj                  136     0         0      
       memset_t2.obj                  122     0         0      
       autoinit.obj                   112     0         0      
       copy_decompress_rle.obj        112     0         0      
       fd_tos_t2.obj                  110     0         0      
       s_frexp.obj                    100     0         0      
       exit.obj                       84      0         12     
       sprintf.obj                    96      0         0      
       ltoa.obj                       86      0         0      
       boot.obj                       84      0         0      
       atoi.obj                       76      0         0      
       cpy_tbl.obj                    76      0         0      
       fd_toi_t2.obj                  72      0         0      
       fs_tod_t2.obj                  56      0         0      
       i_tofd_t2.obj                  46      0         0      
       _lock.obj                      20      0         8      
       memccpy.obj                    28      0         0      
       args_main.obj                  24      0         0      
       strcmp.obj                     24      0         0      
       strchr.obj                     22      0         0      
       s_copysign.obj                 20      0         0      
       strcpy.obj                     20      0         0      
       strlen.obj                     20      0         0      
       copy_decompress_none.obj       14      0         0      
       errno.obj                      0       0         4      
       pre_init.obj                   4       0         0      
       stkdepth_vars.obj              0       0         4      
       mpu_init.obj                   2       0         0      
       startup.obj                    2       0         0      
    +--+------------------------------+-------+---------+---------+
       Total:                         9892    305       28     
                                                               
       Stack:                         0       0         2048   
       Linker Generated:              0       85        0      
    +--+------------------------------+-------+---------+---------+
       Grand Total:                   13712   1028      3631   


LINKER GENERATED COPY TABLES

__TI_cinit_table @ 00003994 records: 3, size/record: 8, table size: 24
	.data: load addr=00003950, load size=0000001f bytes, run addr=20000df4, run size=0000003d bytes, compression=rle
	.bss: load addr=00003970, load size=0000000b bytes, run addr=20000a6c, run size=00000386 bytes, compression=rle
	.vtable: load addr=00003980, load size=0000000b bytes, run addr=20000000, run size=0000026c bytes, compression=rle


LINKER GENERATED HANDLER TABLE

__TI_handler_table @ 0000398c records: 2, size/record: 4, table size: 8
	index: 0, handler: __TI_decompress_rle24
	index: 1, handler: __TI_decompress_none


GLOBAL SYMBOLS: SORTED ALPHABETICALLY BY Name 

address   name                           
-------   ----                           
00003531  C$$EXIT                        
000037e3  CPUcpsie                       
000037b5  IntMasterEnable                
0000369d  IntRegister                    
000037ef  ResetISR                       
UNDEFED   SHT$$INIT_ARRAY$$Base          
UNDEFED   SHT$$INIT_ARRAY$$Limit         
00002507  TIMER3B_Handler                
20000a6c  __STACK_END                    
00000800  __STACK_SIZE                   
2000046c  __STACK_TOP                    
00003994  __TI_CINIT_Base                
000039ac  __TI_CINIT_Limit               
0000398c  __TI_Handler_Table_Base        
00003994  __TI_Handler_Table_Limit       
00003279  __TI_auto_init                 
20000e14  __TI_cleanup_ptr               
000037d5  __TI_decompress_none           
000037fb  __TI_decompress_rle24          
20000e18  __TI_dtors_ptr                 
20000e1c  __TI_enable_exit_profile_output
ffffffff  __TI_pprof_out_hndl            
00001077  __TI_printfi                   
ffffffff  __TI_prof_data_size            
ffffffff  __TI_prof_data_start           
00000000  __TI_static_base__             
000030f1  __aeabi_cdcmpeq                
000030f1  __aeabi_cdcmple                
00003177  __aeabi_cdrcmple               
000032e9  __aeabi_d2f                    
0000361d  __aeabi_d2iz                   
00002607  __aeabi_dadd                   
00002a71  __aeabi_ddiv                   
00002cdd  __aeabi_dmul                   
000025fd  __aeabi_dsub                   
00003665  __aeabi_f2d                    
000036d1  __aeabi_i2d                    
000031fd  __aeabi_memclr                 
000031fd  __aeabi_memclr4                
000031fd  __aeabi_memclr8                
00002fcd  __aeabi_memcpy                 
00002fcd  __aeabi_memcpy4                
00002fcd  __aeabi_memcpy8                
000031ff  __aeabi_memset                 
000031ff  __aeabi_memset4                
000031ff  __aeabi_memset8                
00002229  __aeabi_uldivmod               
ffffffff  __binit__                      
ffffffff  __c_args__                     
000027b3  __mpu_init                     
2000026c  __stack                        
0000371d  _args_main                     
000034dd  _c_int00                       
00003808  _ctypes_                       
20000e20  _lock                          
00003773  _nop                           
20000df0  _prevButton                    
0000376b  _register_lock                 
00003765  _register_unlock               
00002ba7  _system_post_cinit             
00003801  _system_pre_init               
20000e24  _unlock                        
20000a6c  aD                             
00003535  abort                          
00003585  atoi                           
ffffffff  binit                          
00002f01  button_checkButtons            
00002f0b  button_getButton               
00002f61  button_getButtonBlocking       
00002f75  button_getButtonChange         
00002f9f  button_getButtonChangeBlocking 
00002ed5  button_init                    
0000148d  collectData                    
000035d1  copy_in                        
00003779  copysign                       
00003779  copysignl                      
20000df8  count                          
20000e08  counter                        
20000e28  errno                          
0000353d  exit                           
00001c11  exp                            
00001c11  expl                           
20000e0c  fO                             
20000de0  fallingEdge                    
000033c1  frexp                          
000033c1  frexpl                         
20000000  g_pfnRAMVectors                
00000000  g_pfnVectors                   
20000e00  ir                             
0000284f  ir_getDistance                 
00002827  ir_getValue                    
000027b5  ir_init                        
20000df1  isRisingEdge                   
20000e10  lastCount                      
000037c5  lcd_clear                      
000020d5  lcd_gotoLine                   
00001f3d  lcd_init                       
0000213b  lcd_printf                     
00001ffd  lcd_putc                       
00002035  lcd_puts                       
00002053  lcd_sendCommand                
00002091  lcd_sendNibble                 
000020fd  lcd_setCursorPos               
00002dd9  ldexp                          
00002dd9  ldexpl                         
00001849  log                            
00001849  logl                           
00003485  ltoa                           
0000161d  main                           
20000e2c  main_func_sp                   
000036ff  memccpy                        
00002fcd  memcpy                         
00003205  memset                         
20000bfc  mid                            
000013c5  move_servo                     
20000e04  oD                             
20000dfc  p                              
00001459  pin_init                       
00002559  ping_getDistance               
0000241d  ping_init                      
0000249d  ping_trigger                   
20000de4  pulseLength                    
20000df4  pulse_period                   
20000de8  risingEdge                     
00002dd9  scalbn                         
00002dd9  scalbnl                        
00002c73  sendAString                    
00003425  sprintf                        
0000374d  strchr                         
00003735  strcmp                         
0000378d  strcpy                         
000037a1  strlen                         
20000dec  swi                            
00002a29  timer_getClock                 
0000137d  timer_init                     
000029dd  timer_startClock               
00002977  timer_startTimer               
00002a2f  timer_stopClock                
000029c7  timer_stopTimer                
0000294d  timer_waitMicros               
00002919  timer_waitMillis               
00002ba9  uart_init                      
00002c4d  uart_receive                   
00002c31  uart_sendChar                  
00003069  vsnprintf                      


GLOBAL SYMBOLS: SORTED BY Symbol Address 

address   name                           
-------   ----                           
00000000  __TI_static_base__             
00000000  g_pfnVectors                   
00000800  __STACK_SIZE                   
00001077  __TI_printfi                   
0000137d  timer_init                     
000013c5  move_servo                     
00001459  pin_init                       
0000148d  collectData                    
0000161d  main                           
00001849  log                            
00001849  logl                           
00001c11  exp                            
00001c11  expl                           
00001f3d  lcd_init                       
00001ffd  lcd_putc                       
00002035  lcd_puts                       
00002053  lcd_sendCommand                
00002091  lcd_sendNibble                 
000020d5  lcd_gotoLine                   
000020fd  lcd_setCursorPos               
0000213b  lcd_printf                     
00002229  __aeabi_uldivmod               
0000241d  ping_init                      
0000249d  ping_trigger                   
00002507  TIMER3B_Handler                
00002559  ping_getDistance               
000025fd  __aeabi_dsub                   
00002607  __aeabi_dadd                   
000027b3  __mpu_init                     
000027b5  ir_init                        
00002827  ir_getValue                    
0000284f  ir_getDistance                 
00002919  timer_waitMillis               
0000294d  timer_waitMicros               
00002977  timer_startTimer               
000029c7  timer_stopTimer                
000029dd  timer_startClock               
00002a29  timer_getClock                 
00002a2f  timer_stopClock                
00002a71  __aeabi_ddiv                   
00002ba7  _system_post_cinit             
00002ba9  uart_init                      
00002c31  uart_sendChar                  
00002c4d  uart_receive                   
00002c73  sendAString                    
00002cdd  __aeabi_dmul                   
00002dd9  ldexp                          
00002dd9  ldexpl                         
00002dd9  scalbn                         
00002dd9  scalbnl                        
00002ed5  button_init                    
00002f01  button_checkButtons            
00002f0b  button_getButton               
00002f61  button_getButtonBlocking       
00002f75  button_getButtonChange         
00002f9f  button_getButtonChangeBlocking 
00002fcd  __aeabi_memcpy                 
00002fcd  __aeabi_memcpy4                
00002fcd  __aeabi_memcpy8                
00002fcd  memcpy                         
00003069  vsnprintf                      
000030f1  __aeabi_cdcmpeq                
000030f1  __aeabi_cdcmple                
00003177  __aeabi_cdrcmple               
000031fd  __aeabi_memclr                 
000031fd  __aeabi_memclr4                
000031fd  __aeabi_memclr8                
000031ff  __aeabi_memset                 
000031ff  __aeabi_memset4                
000031ff  __aeabi_memset8                
00003205  memset                         
00003279  __TI_auto_init                 
000032e9  __aeabi_d2f                    
000033c1  frexp                          
000033c1  frexpl                         
00003425  sprintf                        
00003485  ltoa                           
000034dd  _c_int00                       
00003531  C$$EXIT                        
00003535  abort                          
0000353d  exit                           
00003585  atoi                           
000035d1  copy_in                        
0000361d  __aeabi_d2iz                   
00003665  __aeabi_f2d                    
0000369d  IntRegister                    
000036d1  __aeabi_i2d                    
000036ff  memccpy                        
0000371d  _args_main                     
00003735  strcmp                         
0000374d  strchr                         
00003765  _register_unlock               
0000376b  _register_lock                 
00003773  _nop                           
00003779  copysign                       
00003779  copysignl                      
0000378d  strcpy                         
000037a1  strlen                         
000037b5  IntMasterEnable                
000037c5  lcd_clear                      
000037d5  __TI_decompress_none           
000037e3  CPUcpsie                       
000037ef  ResetISR                       
000037fb  __TI_decompress_rle24          
00003801  _system_pre_init               
00003808  _ctypes_                       
0000398c  __TI_Handler_Table_Base        
00003994  __TI_CINIT_Base                
00003994  __TI_Handler_Table_Limit       
000039ac  __TI_CINIT_Limit               
20000000  g_pfnRAMVectors                
2000026c  __stack                        
2000046c  __STACK_TOP                    
20000a6c  __STACK_END                    
20000a6c  aD                             
20000bfc  mid                            
20000de0  fallingEdge                    
20000de4  pulseLength                    
20000de8  risingEdge                     
20000dec  swi                            
20000df0  _prevButton                    
20000df1  isRisingEdge                   
20000df4  pulse_period                   
20000df8  count                          
20000dfc  p                              
20000e00  ir                             
20000e04  oD                             
20000e08  counter                        
20000e0c  fO                             
20000e10  lastCount                      
20000e14  __TI_cleanup_ptr               
20000e18  __TI_dtors_ptr                 
20000e1c  __TI_enable_exit_profile_output
20000e20  _lock                          
20000e24  _unlock                        
20000e28  errno                          
20000e2c  main_func_sp                   
ffffffff  __TI_pprof_out_hndl            
ffffffff  __TI_prof_data_size            
ffffffff  __TI_prof_data_start           
ffffffff  __binit__                      
ffffffff  __c_args__                     
ffffffff  binit                          
UNDEFED   SHT$$INIT_ARRAY$$Base          
UNDEFED   SHT$$INIT_ARRAY$$Limit         

[145 symbols]
