******************************************************************************
                  TI ARM Linker PC v15.12.1                    
******************************************************************************
>> Linked Thu Mar 09 13:16:42 2017

OUTPUT FILE NAME:   <Lab7.out>
ENTRY POINT SYMBOL: "_c_int00"  address: 000025f9


MEMORY CONFIGURATION

         name            origin    length      used     unused   attr    fill
----------------------  --------  ---------  --------  --------  ----  --------
  FLASH                 00000000   00040000  00002a9d  0003d563  R  X
  SRAM                  20000000   00008000  00000ae5  0000751b  RW X


SEGMENT ALLOCATION MAP

run origin  load origin   length   init length attrs members
----------  ----------- ---------- ----------- ----- -------
00000000    00000000    00002aa4   00002aa4    r-x
  00000000    00000000    0000026c   0000026c    r-- .intvecs
  0000026c    0000026c    000026d4   000026d4    r-x .text
  00002940    00002940    00000109   00000109    r-- .const
  00002a50    00002a50    00000054   00000054    r-- .cinit
20000000    20000000    00000ae8   00000000    rw-
  20000000    20000000    0000026c   00000000    rw- .vtable
  2000026c    2000026c    00000800   00000000    rw- .stack
  20000a6c    20000a6c    0000005d   00000000    rw- .bss
  20000acc    20000acc    0000001c   00000000    rw- .data


SECTION ALLOCATION MAP

 output                                  attributes/
section   page    origin      length       input sections
--------  ----  ----------  ----------   ----------------
.intvecs   0    00000000    0000026c     
                  00000000    0000026c     tm4c123gh6pm_startup_ccs.obj (.intvecs)

.text      0    0000026c    000026d4     
                  0000026c    00001110     rtsv7M4_T_le_v4SPD16_eabi.lib : _printfi.obj (.text)
                  0000137c    000002ec     lcd.obj (.text)
                  00001668    000002ac     main.obj (.text)
                  00001914    000001f4     rtsv7M4_T_le_v4SPD16_eabi.lib : ull_div_t2.obj (.text)
                  00001b08    000001b6                                   : fd_add_t2.obj (.text)
                  00001cbe    00000002                                   : mpu_init.obj (.text)
                  00001cc0    00000158     timer.obj (.text)
                  00001e18    00000136     rtsv7M4_T_le_v4SPD16_eabi.lib : fd_div_t2.obj (.text)
                  00001f4e    000000fc                                   : fd_mul_t2.obj (.text)
                  0000204a    00000002                                   : startup.obj (.text)
                  0000204c    000000fc                                   : s_scalbn.obj (.text)
                  00002148    0000009c                                   : memcpy_t2.obj (.text)
                  000021e4    00000088                                   : vsnprintf.obj (.text)
                  0000226c    00000086                                   : fd_cmp_t2.obj (.text:__aeabi_cdcmple)
                  000022f2    00000086                                   : fd_cmp_t2.obj (.text:__aeabi_cdrcmple)
                  00002378    0000007a                                   : memset_t2.obj (.text)
                  000023f2    00000002     --HOLE-- [fill = 0]
                  000023f4    00000070                                   : autoinit.obj (.text)
                  00002464    0000006e                                   : fd_tos_t2.obj (.text)
                  000024d2    0000006a                                   : copy_decompress_rle.obj (.text)
                  0000253c    00000064                                   : s_frexp.obj (.text)
                  000025a0    00000056                                   : ltoa.obj (.text)
                  000025f6    00000002     --HOLE-- [fill = 0]
                  000025f8    00000054                                   : boot.obj (.text)
                  0000264c    00000054                                   : exit.obj (.text)
                  000026a0    0000004c                                   : atoi.obj (.text)
                  000026ec    0000004c                                   : cpy_tbl.obj (.text)
                  00002738    00000048                                   : fd_toi_t2.obj (.text)
                  00002780    00000038                                   : fs_tod_t2.obj (.text)
                  000027b8    00000034     driverlib.lib : interrupt.obj (.text:IntRegister)
                  000027ec    0000002e     rtsv7M4_T_le_v4SPD16_eabi.lib : i_tofd_t2.obj (.text)
                  0000281a    00000020                                   : u_tofd_t2.obj (.text)
                  0000283a    0000001c                                   : memccpy.obj (.text)
                  00002856    00000002     --HOLE-- [fill = 0]
                  00002858    00000018                                   : args_main.obj (.text)
                  00002870    00000018                                   : strcmp.obj (.text)
                  00002888    00000016                                   : strchr.obj (.text)
                  0000289e    00000002     --HOLE-- [fill = 0]
                  000028a0    00000014                                   : _lock.obj (.text)
                  000028b4    00000014                                   : s_copysign.obj (.text)
                  000028c8    00000014                                   : strcpy.obj (.text)
                  000028dc    00000014                                   : strlen.obj (.text)
                  000028f0    00000010     driverlib.lib : interrupt.obj (.text:IntMasterEnable)
                  00002900    00000010     lcd.obj (.text:lcd_clear)
                  00002910    0000000e     rtsv7M4_T_le_v4SPD16_eabi.lib : copy_decompress_none.obj (.text:decompress:none)
                  0000291e    0000000c     driverlib.lib : cpu.obj (.text:CPUcpsie)
                  0000292a    0000000c     tm4c123gh6pm_startup_ccs.obj (.text)
                  00002936    00000006     rtsv7M4_T_le_v4SPD16_eabi.lib : copy_decompress_rle.obj (.text:decompress:rle24)
                  0000293c    00000004                                   : pre_init.obj (.text)

.const     0    00002940    00000109     
                  00002940    00000101     rtsv7M4_T_le_v4SPD16_eabi.lib : ctype.obj (.const:.string:_ctypes_)
                  00002a41    00000004     lcd.obj (.const:.string:lineAddress$1)
                  00002a45    00000004     lcd.obj (.const:.string:lineAddresses$2)

.cinit     0    00002a50    00000054     
                  00002a50    00000016     (.cinit..data.load) [load image, compression = rle]
                  00002a66    00000002     --HOLE-- [fill = 0]
                  00002a68    0000000b     (.cinit..vtable.load) [load image, compression = rle]
                  00002a73    00000005     --HOLE-- [fill = 0]
                  00002a78    00000009     (.cinit..bss.load) [load image, compression = rle]
                  00002a81    00000003     --HOLE-- [fill = 0]
                  00002a84    00000008     (__TI_handler_table)
                  00002a8c    00000018     (__TI_cinit_table)

.init_array 
*          0    00000000    00000000     UNINITIALIZED

.vtable    0    20000000    0000026c     UNINITIALIZED
                  20000000    0000026c     driverlib.lib : interrupt.obj (.vtable)

.stack     0    2000026c    00000800     UNINITIALIZED
                  2000026c    00000800     --HOLE--

.bss       0    20000a6c    0000005d     UNINITIALIZED
                  20000a6c    00000054     lcd.obj (.bss:lastbuffer$3)
                  20000ac0    00000004     (.common:falling_time)
                  20000ac4    00000004     (.common:rising_time)
                  20000ac8    00000001     (.common:state)

.data      0    20000acc    0000001c     UNINITIALIZED
                  20000acc    0000000c     rtsv7M4_T_le_v4SPD16_eabi.lib : exit.obj (.data:$O1$$)
                  20000ad8    00000008                                   : _lock.obj (.data:$O1$$)
                  20000ae0    00000004                                   : errno.obj (.data)
                  20000ae4    00000004                                   : stkdepth_vars.obj (.data)

MODULE SUMMARY

       Module                         code   ro data   rw data
       ------                         ----   -------   -------
    .\
       lcd.obj                        764    8         84     
       main.obj                       684    0         9      
       tm4c123gh6pm_startup_ccs.obj   12     620       0      
       timer.obj                      344    0         0      
    +--+------------------------------+------+---------+---------+
       Total:                         1804   628       93     
                                                              
    C:/ti/TivaWare_C_Series-2.1.2.111/driverlib/ccs/Debug/driverlib.lib
       interrupt.obj                  68     0         620    
       cpu.obj                        12     0         0      
    +--+------------------------------+------+---------+---------+
       Total:                         80     0         620    
                                                              
    C:\ti\ccsv6\tools\compiler\ti-cgt-arm_15.12.1.LTS\lib\rtsv7M4_T_le_v4SPD16_eabi.lib
       _printfi.obj                   4368   0         0      
       ull_div_t2.obj                 500    0         0      
       fd_add_t2.obj                  438    0         0      
       fd_div_t2.obj                  310    0         0      
       fd_cmp_t2.obj                  268    0         0      
       ctype.obj                      0      257       0      
       fd_mul_t2.obj                  252    0         0      
       s_scalbn.obj                   252    0         0      
       memcpy_t2.obj                  156    0         0      
       vsnprintf.obj                  136    0         0      
       memset_t2.obj                  122    0         0      
       autoinit.obj                   112    0         0      
       copy_decompress_rle.obj        112    0         0      
       fd_tos_t2.obj                  110    0         0      
       s_frexp.obj                    100    0         0      
       exit.obj                       84     0         12     
       ltoa.obj                       86     0         0      
       boot.obj                       84     0         0      
       atoi.obj                       76     0         0      
       cpy_tbl.obj                    76     0         0      
       fd_toi_t2.obj                  72     0         0      
       fs_tod_t2.obj                  56     0         0      
       i_tofd_t2.obj                  46     0         0      
       u_tofd_t2.obj                  32     0         0      
       _lock.obj                      20     0         8      
       memccpy.obj                    28     0         0      
       args_main.obj                  24     0         0      
       strcmp.obj                     24     0         0      
       strchr.obj                     22     0         0      
       s_copysign.obj                 20     0         0      
       strcpy.obj                     20     0         0      
       strlen.obj                     20     0         0      
       copy_decompress_none.obj       14     0         0      
       errno.obj                      0      0         4      
       pre_init.obj                   4      0         0      
       stkdepth_vars.obj              0      0         4      
       mpu_init.obj                   2      0         0      
       startup.obj                    2      0         0      
    +--+------------------------------+------+---------+---------+
       Total:                         8048   257       28     
                                                              
       Stack:                         0      0         2048   
       Linker Generated:              0      74        0      
    +--+------------------------------+------+---------+---------+
       Grand Total:                   9932   959       2789   


LINKER GENERATED COPY TABLES

__TI_cinit_table @ 00002a8c records: 3, size/record: 8, table size: 24
	.data: load addr=00002a50, load size=00000016 bytes, run addr=20000acc, run size=0000001c bytes, compression=rle
	.vtable: load addr=00002a68, load size=0000000b bytes, run addr=20000000, run size=0000026c bytes, compression=rle
	.bss: load addr=00002a78, load size=00000009 bytes, run addr=20000a6c, run size=0000005d bytes, compression=rle


LINKER GENERATED HANDLER TABLE

__TI_handler_table @ 00002a84 records: 2, size/record: 4, table size: 8
	index: 0, handler: __TI_decompress_rle24
	index: 1, handler: __TI_decompress_none


GLOBAL SYMBOLS: SORTED ALPHABETICALLY BY Name 

address   name                           
-------   ----                           
0000264d  C$$EXIT                        
0000291f  CPUcpsie                       
000028f1  IntMasterEnable                
000027b9  IntRegister                    
0000292b  ResetISR                       
UNDEFED   SHT$$INIT_ARRAY$$Base          
UNDEFED   SHT$$INIT_ARRAY$$Limit         
00001669  TIMER3B_Handler                
20000a6c  __STACK_END                    
00000800  __STACK_SIZE                   
2000046c  __STACK_TOP                    
00002a8c  __TI_CINIT_Base                
00002aa4  __TI_CINIT_Limit               
00002a84  __TI_Handler_Table_Base        
00002a8c  __TI_Handler_Table_Limit       
000023f5  __TI_auto_init                 
20000acc  __TI_cleanup_ptr               
00002911  __TI_decompress_none           
00002937  __TI_decompress_rle24          
20000ad0  __TI_dtors_ptr                 
20000ad4  __TI_enable_exit_profile_output
ffffffff  __TI_pprof_out_hndl            
00001077  __TI_printfi                   
ffffffff  __TI_prof_data_size            
ffffffff  __TI_prof_data_start           
00000000  __TI_static_base__             
0000226d  __aeabi_cdcmpeq                
0000226d  __aeabi_cdcmple                
000022f3  __aeabi_cdrcmple               
00002465  __aeabi_d2f                    
00002739  __aeabi_d2iz                   
00001b13  __aeabi_dadd                   
00001e19  __aeabi_ddiv                   
00001f4f  __aeabi_dmul                   
00001b09  __aeabi_dsub                   
00002781  __aeabi_f2d                    
000027ed  __aeabi_i2d                    
00002379  __aeabi_memclr                 
00002379  __aeabi_memclr4                
00002379  __aeabi_memclr8                
00002149  __aeabi_memcpy                 
00002149  __aeabi_memcpy4                
00002149  __aeabi_memcpy8                
0000237b  __aeabi_memset                 
0000237b  __aeabi_memset4                
0000237b  __aeabi_memset8                
0000281b  __aeabi_ui2d                   
00001915  __aeabi_uldivmod               
ffffffff  __binit__                      
ffffffff  __c_args__                     
00001cbf  __mpu_init                     
2000026c  __stack                        
00002859  _args_main                     
000025f9  _c_int00                       
00002940  _ctypes_                       
20000ad8  _lock                          
000028af  _nop                           
000028a7  _register_lock                 
000028a1  _register_unlock               
0000204b  _system_post_cinit             
0000293d  _system_pre_init               
20000adc  _unlock                        
00002651  abort                          
000026a1  atoi                           
ffffffff  binit                          
000026ed  copy_in                        
000028b5  copysign                       
000028b5  copysignl                      
20000ae0  errno                          
00002659  exit                           
20000ac0  falling_time                   
0000253d  frexp                          
0000253d  frexpl                         
20000000  g_pfnRAMVectors                
00000000  g_pfnVectors                   
00002901  lcd_clear                      
00001515  lcd_gotoLine                   
0000137d  lcd_init                       
0000157b  lcd_printf                     
0000143d  lcd_putc                       
00001475  lcd_puts                       
00001493  lcd_sendCommand                
000014d1  lcd_sendNibble                 
0000153d  lcd_setCursorPos               
0000204d  ldexp                          
0000204d  ldexpl                         
000025a1  ltoa                           
00001859  main                           
20000ae4  main_func_sp                   
0000283b  memccpy                        
00002149  memcpy                         
00002381  memset                         
0000176d  ping_read                      
20000ac4  rising_time                    
0000204d  scalbn                         
0000204d  scalbnl                        
00001727  sendthePulse                   
20000ac8  state                          
00002889  strchr                         
00002871  strcmp                         
000028c9  strcpy                         
000028dd  strlen                         
00001dd1  timer_getClock                 
000016a1  timer_init                     
00001d85  timer_startClock               
00001d1f  timer_startTimer               
00001dd7  timer_stopClock                
00001d6f  timer_stopTimer                
00001cf5  timer_waitMicros               
00001cc1  timer_waitMillis               
000021e5  vsnprintf                      


GLOBAL SYMBOLS: SORTED BY Symbol Address 

address   name                           
-------   ----                           
00000000  __TI_static_base__             
00000000  g_pfnVectors                   
00000800  __STACK_SIZE                   
00001077  __TI_printfi                   
0000137d  lcd_init                       
0000143d  lcd_putc                       
00001475  lcd_puts                       
00001493  lcd_sendCommand                
000014d1  lcd_sendNibble                 
00001515  lcd_gotoLine                   
0000153d  lcd_setCursorPos               
0000157b  lcd_printf                     
00001669  TIMER3B_Handler                
000016a1  timer_init                     
00001727  sendthePulse                   
0000176d  ping_read                      
00001859  main                           
00001915  __aeabi_uldivmod               
00001b09  __aeabi_dsub                   
00001b13  __aeabi_dadd                   
00001cbf  __mpu_init                     
00001cc1  timer_waitMillis               
00001cf5  timer_waitMicros               
00001d1f  timer_startTimer               
00001d6f  timer_stopTimer                
00001d85  timer_startClock               
00001dd1  timer_getClock                 
00001dd7  timer_stopClock                
00001e19  __aeabi_ddiv                   
00001f4f  __aeabi_dmul                   
0000204b  _system_post_cinit             
0000204d  ldexp                          
0000204d  ldexpl                         
0000204d  scalbn                         
0000204d  scalbnl                        
00002149  __aeabi_memcpy                 
00002149  __aeabi_memcpy4                
00002149  __aeabi_memcpy8                
00002149  memcpy                         
000021e5  vsnprintf                      
0000226d  __aeabi_cdcmpeq                
0000226d  __aeabi_cdcmple                
000022f3  __aeabi_cdrcmple               
00002379  __aeabi_memclr                 
00002379  __aeabi_memclr4                
00002379  __aeabi_memclr8                
0000237b  __aeabi_memset                 
0000237b  __aeabi_memset4                
0000237b  __aeabi_memset8                
00002381  memset                         
000023f5  __TI_auto_init                 
00002465  __aeabi_d2f                    
0000253d  frexp                          
0000253d  frexpl                         
000025a1  ltoa                           
000025f9  _c_int00                       
0000264d  C$$EXIT                        
00002651  abort                          
00002659  exit                           
000026a1  atoi                           
000026ed  copy_in                        
00002739  __aeabi_d2iz                   
00002781  __aeabi_f2d                    
000027b9  IntRegister                    
000027ed  __aeabi_i2d                    
0000281b  __aeabi_ui2d                   
0000283b  memccpy                        
00002859  _args_main                     
00002871  strcmp                         
00002889  strchr                         
000028a1  _register_unlock               
000028a7  _register_lock                 
000028af  _nop                           
000028b5  copysign                       
000028b5  copysignl                      
000028c9  strcpy                         
000028dd  strlen                         
000028f1  IntMasterEnable                
00002901  lcd_clear                      
00002911  __TI_decompress_none           
0000291f  CPUcpsie                       
0000292b  ResetISR                       
00002937  __TI_decompress_rle24          
0000293d  _system_pre_init               
00002940  _ctypes_                       
00002a84  __TI_Handler_Table_Base        
00002a8c  __TI_CINIT_Base                
00002a8c  __TI_Handler_Table_Limit       
00002aa4  __TI_CINIT_Limit               
20000000  g_pfnRAMVectors                
2000026c  __stack                        
2000046c  __STACK_TOP                    
20000a6c  __STACK_END                    
20000ac0  falling_time                   
20000ac4  rising_time                    
20000ac8  state                          
20000acc  __TI_cleanup_ptr               
20000ad0  __TI_dtors_ptr                 
20000ad4  __TI_enable_exit_profile_output
20000ad8  _lock                          
20000adc  _unlock                        
20000ae0  errno                          
20000ae4  main_func_sp                   
ffffffff  __TI_pprof_out_hndl            
ffffffff  __TI_prof_data_size            
ffffffff  __TI_prof_data_start           
ffffffff  __binit__                      
ffffffff  __c_args__                     
ffffffff  binit                          
UNDEFED   SHT$$INIT_ARRAY$$Base          
UNDEFED   SHT$$INIT_ARRAY$$Limit         

[111 symbols]
